2026-08-30 09:52:53,340 INFO o.a.j.u.JMeterUtils: Setting Locale to en_EN
2026-08-30 09:52:53,355 INFO o.a.j.JMeter: Loading user properties from: D:\tools\apache-jmeter-5.6.3\bin\user.properties
2026-08-30 09:52:53,357 INFO o.a.j.JMeter: Loading system properties from: D:\tools\apache-jmeter-5.6.3\bin\system.properties
2026-08-30 09:52:53,357 INFO o.a.j.JMeter: Setting JMeter property: THREADS=200
2026-08-30 09:52:53,357 INFO o.a.j.JMeter: Setting JMeter property: RAMP=3
2026-08-30 09:52:53,357 INFO o.a.j.JMeter: Setting JMeter property: DURATION=90
2026-08-30 09:52:53,365 INFO o.a.j.JMeter: Copyright (c) 1998-2024 The Apache Software Foundation
2026-08-30 09:52:53,365 INFO o.a.j.JMeter: Version 5.6.3
2026-08-30 09:52:53,365 INFO o.a.j.JMeter: java.version=25.0.2
2026-08-30 09:52:53,365 INFO o.a.j.JMeter: java.vm.name=Java HotSpot(TM) 64-Bit Server VM
2026-08-30 09:52:53,365 INFO o.a.j.JMeter: os.name=Windows 11
2026-08-30 09:52:53,365 INFO o.a.j.JMeter: os.arch=amd64
2026-08-30 09:52:53,365 INFO o.a.j.JMeter: os.version=10.0
2026-08-30 09:52:53,365 INFO o.a.j.JMeter: file.encoding=UTF-8
2026-08-30 09:52:53,365 INFO o.a.j.JMeter: java.awt.headless=true
2026-08-30 09:52:53,367 INFO o.a.j.JMeter: Max memory     =1073741824
2026-08-30 09:52:53,367 INFO o.a.j.JMeter: Available Processors =16
2026-08-30 09:52:53,379 INFO o.a.j.JMeter: Default Locale=English (EN)
2026-08-30 09:52:53,379 INFO o.a.j.JMeter: JMeter  Locale=English (EN)
2026-08-30 09:52:53,379 INFO o.a.j.JMeter: JMeterHome=D:\tools\apache-jmeter-5.6.3
2026-08-30 09:52:53,379 INFO o.a.j.JMeter: user.dir  =D:\23127249\QA\hw5
2026-08-30 09:52:53,380 INFO o.a.j.JMeter: PWD       =D:\23127249\QA\hw5
2026-08-30 09:52:53,381 INFO o.a.j.JMeter: IP: 100.67.19.48 Name: ThieuNagg FullName: thieunagg.tail047b9a.ts.net.
2026-08-30 09:52:53,388 INFO o.a.j.JMeter: Setting property 'jmeter.reportgenerator.outputdir' to:'D:\23127249\QA\hw5\23127249_HW05_AI_Performance_XXX\results\html-report-spike'
2026-08-30 09:52:53,391 INFO o.a.j.s.FileServer: Default base='D:\23127249\QA\hw5'
2026-08-30 09:52:53,391 INFO o.a.j.s.FileServer: Set new base='D:\23127249\QA\hw5\23127249_HW05_AI_Performance_XXX\test-plans'
2026-08-30 09:52:53,610 INFO o.a.j.s.SaveService: Testplan (JMX) version: 2.2. Testlog (JTL) version: 2.2
2026-08-30 09:52:53,626 INFO o.a.j.s.SaveService: Using SaveService properties version 5.0
2026-08-30 09:52:53,630 INFO o.a.j.s.SaveService: Using SaveService properties file encoding UTF-8
2026-08-30 09:52:53,633 INFO o.a.j.s.SaveService: Loading file: D:\23127249\QA\hw5\23127249_HW05_AI_Performance_XXX\test-plans\23127249_Spike_20260830.jmx
2026-08-30 09:52:53,674 INFO o.a.j.p.h.s.HTTPSamplerBase: Parser for text/html is org.apache.jmeter.protocol.http.parser.LagartoBasedHtmlParser
2026-08-30 09:52:53,675 INFO o.a.j.p.h.s.HTTPSamplerBase: Parser for application/xhtml+xml is org.apache.jmeter.protocol.http.parser.LagartoBasedHtmlParser
2026-08-30 09:52:53,675 INFO o.a.j.p.h.s.HTTPSamplerBase: Parser for application/xml is org.apache.jmeter.protocol.http.parser.LagartoBasedHtmlParser
2026-08-30 09:52:53,675 INFO o.a.j.p.h.s.HTTPSamplerBase: Parser for text/xml is org.apache.jmeter.protocol.http.parser.LagartoBasedHtmlParser
2026-08-30 09:52:53,675 INFO o.a.j.p.h.s.HTTPSamplerBase: Parser for text/vnd.wap.wml is org.apache.jmeter.protocol.http.parser.RegexpHTMLParser
2026-08-30 09:52:53,675 INFO o.a.j.p.h.s.HTTPSamplerBase: Parser for text/css is org.apache.jmeter.protocol.http.parser.CssParser
2026-08-30 09:52:53,713 INFO o.a.j.JMeter: Creating summariser <summary>
2026-08-30 09:52:53,716 INFO o.a.j.r.d.ReportGenerator: ReportGenerator will use for Parsing the separator: ','
2026-08-30 09:52:53,716 INFO o.a.j.r.d.ReportGenerator: Will generate report at end of test from  results file: D:\23127249\QA\hw5\23127249_HW05_AI_Performance_XXX\results\23127249_spike_20260830.jtl
2026-08-30 09:52:53,716 INFO o.a.j.r.d.ReportGenerator: Reading report generator properties from: D:\tools\apache-jmeter-5.6.3\bin\reportgenerator.properties
2026-08-30 09:52:53,718 INFO o.a.j.r.d.ReportGenerator: Merging with JMeter properties
2026-08-30 09:52:53,722 INFO o.a.j.r.c.ReportGeneratorConfiguration: Property 'jmeter.reportgenerator.temp_dir' not found, using default value 'temp' instead.
2026-08-30 09:52:53,724 INFO o.a.j.r.c.ReportGeneratorConfiguration: Property 'jmeter.reportgenerator.apdex_per_transaction' not found, using default value 'null' instead.
2026-08-30 09:52:53,725 INFO o.a.j.r.c.ReportGeneratorConfiguration: apdex_per_transaction is empty, not APDEX per transaction customization
2026-08-30 09:52:53,725 INFO o.a.j.r.c.ReportGeneratorConfiguration: Property 'jmeter.reportgenerator.sample_filter' not found, using default value 'null' instead.
2026-08-30 09:52:53,725 INFO o.a.j.r.c.ReportGeneratorConfiguration: Property 'jmeter.reportgenerator.report_title' not found, using default value 'null' instead.
2026-08-30 09:52:53,725 INFO o.a.j.r.c.ReportGeneratorConfiguration: Property 'jmeter.reportgenerator.start_date' not found, using default value 'null' instead.
2026-08-30 09:52:53,725 INFO o.a.j.r.c.ReportGeneratorConfiguration: Property 'jmeter.reportgenerator.end_date' not found, using default value 'null' instead.
2026-08-30 09:52:53,725 INFO o.a.j.r.c.ReportGeneratorConfiguration: Property 'jmeter.reportgenerator.date_format' not found, using default value 'null' instead.
2026-08-30 09:52:53,725 INFO o.a.j.r.c.ReportGeneratorConfiguration: Will use date range start date: null, end date: null
2026-08-30 09:52:53,729 INFO o.a.j.r.c.ReportGeneratorConfiguration: Property 'jmeter.reportgenerator.graph.totalTPS.exclude_controllers' not found, using default value 'false' instead.
2026-08-30 09:52:53,729 INFO o.a.j.r.c.ReportGeneratorConfiguration: Property 'jmeter.reportgenerator.graph.activeThreadsOverTime.exclude_controllers' not found, using default value 'false' instead.
2026-08-30 09:52:53,729 INFO o.a.j.r.c.ReportGeneratorConfiguration: Property 'jmeter.reportgenerator.graph.timeVsThreads.exclude_controllers' not found, using default value 'false' instead.
2026-08-30 09:52:53,729 INFO o.a.j.r.c.ReportGeneratorConfiguration: Property 'jmeter.reportgenerator.graph.responseTimeDistribution.exclude_controllers' not found, using default value 'false' instead.
2026-08-30 09:52:53,729 INFO o.a.j.r.c.ReportGeneratorConfiguration: Property 'jmeter.reportgenerator.graph.transactionsPerSecond.exclude_controllers' not found, using default value 'false' instead.
2026-08-30 09:52:53,729 INFO o.a.j.r.c.ReportGeneratorConfiguration: Property 'jmeter.reportgenerator.graph.responseTimePercentiles.exclude_controllers' not found, using default value 'false' instead.
2026-08-30 09:52:53,730 INFO o.a.j.r.c.ReportGeneratorConfiguration: Property 'jmeter.reportgenerator.graph.responseTimePercentilesOverTime.exclude_controllers' not found, using default value 'false' instead.
2026-08-30 09:52:53,730 INFO o.a.j.r.c.ReportGeneratorConfiguration: Property 'jmeter.reportgenerator.graph.responseTimesOverTime.exclude_controllers' not found, using default value 'false' instead.
2026-08-30 09:52:53,730 INFO o.a.j.r.c.ReportGeneratorConfiguration: Property 'jmeter.reportgenerator.graph.connectTimeOverTime.exclude_controllers' not found, using default value 'false' instead.
2026-08-30 09:52:53,730 INFO o.a.j.r.c.ReportGeneratorConfiguration: Property 'jmeter.reportgenerator.graph.latenciesOverTime.exclude_controllers' not found, using default value 'false' instead.
2026-08-30 09:52:53,730 INFO o.a.j.r.c.ReportGeneratorConfiguration: Property 'jmeter.reportgenerator.exporter.json.filters_only_sample_series' not found, using default value 'true' instead.
2026-08-30 09:52:53,731 INFO o.a.j.r.c.ReportGeneratorConfiguration: Property 'jmeter.reportgenerator.exporter.json.series_filter' not found, using default value '' instead.
2026-08-30 09:52:53,731 INFO o.a.j.r.c.ReportGeneratorConfiguration: Property 'jmeter.reportgenerator.exporter.json.show_controllers_only' not found, using default value 'false' instead.
2026-08-30 09:52:53,731 INFO o.a.j.r.c.ReportGeneratorConfiguration: Property 'jmeter.reportgenerator.exporter.html.filters_only_sample_series' not found, using default value 'true' instead.
2026-08-30 09:52:53,731 INFO o.a.j.r.c.ReportGeneratorConfiguration: Property 'jmeter.reportgenerator.exporter.html.series_filter' not found, using default value '' instead.
2026-08-30 09:52:53,731 INFO o.a.j.r.c.ReportGeneratorConfiguration: Property 'jmeter.reportgenerator.exporter.html.show_controllers_only' not found, using default value 'false' instead.
2026-08-30 09:52:53,740 INFO o.a.j.e.StandardJMeterEngine: Running the test!
2026-08-30 09:52:53,741 INFO o.a.j.s.SampleEvent: List of sample_variables: []
2026-08-30 09:52:53,741 INFO o.a.j.s.SampleEvent: List of sample_variables: []
2026-08-30 09:52:53,744 INFO o.a.j.e.u.CompoundVariable: Note: Function class names must contain the string: '.functions.'
2026-08-30 09:52:53,744 INFO o.a.j.e.u.CompoundVariable: Note: Function class names must not contain the string: '.gui.'
2026-08-30 09:52:53,809 INFO o.a.j.JMeter: Running test (1788058373809)
2026-08-30 09:52:53,823 INFO o.a.j.e.StandardJMeterEngine: Starting ThreadGroup: 1 : E2E Spike
2026-08-30 09:52:53,824 INFO o.a.j.e.StandardJMeterEngine: Starting 200 threads for group E2E Spike.
2026-08-30 09:52:53,824 INFO o.a.j.e.StandardJMeterEngine: Thread will continue on error
2026-08-30 09:52:53,824 INFO o.a.j.t.ThreadGroup: Starting thread group... number=1 threads=200 ramp-up=3 delayedStart=false
2026-08-30 09:52:53,919 INFO o.a.j.t.JMeterThread: Thread started: E2E Spike 1-1
2026-08-30 09:52:53,921 INFO o.a.j.s.FileServer: Stored: ../data/coupons.csv
2026-08-30 09:52:53,938 INFO o.a.j.t.JMeterThread: Thread started: E2E Spike 1-2
2026-08-30 09:52:53,940 INFO o.a.j.s.FileServer: Stored: ../data/products.csv
2026-08-30 09:52:53,941 INFO o.a.j.s.FileServer: Stored: ../data/users.csv
2026-08-30 09:52:53,949 INFO o.a.j.t.JMeterThread: Thread started: E2E Spike 1-3
2026-08-30 09:52:53,958 INFO o.a.j.t.ThreadGroup: Started thread group number 1
2026-08-30 09:52:53,959 INFO o.a.j.e.StandardJMeterEngine: All thread groups have been started
2026-08-30 09:52:53,968 INFO o.a.j.t.JMeterThread: Thread started: E2E Spike 1-4
2026-08-30 09:52:53,981 INFO o.a.j.t.JMeterThread: Thread started: E2E Spike 1-5
2026-08-30 09:52:53,995 INFO o.a.j.t.JMeterThread: Thread started: E2E Spike 1-6
2026-08-30 09:52:54,010 INFO o.a.j.t.JMeterThread: Thread started: E2E Spike 1-7
2026-08-30 09:52:54,017 INFO o.a.j.t.JMeterThread: Thread started: E2E Spike 1-8
2026-08-30 09:52:54,031 INFO o.a.j.t.JMeterThread: Thread started: E2E Spike 1-9
2026-08-30 09:52:54,049 INFO o.a.j.t.JMeterThread: Thread started: E2E Spike 1-10
2026-08-30 09:52:54,064 INFO o.a.j.t.JMeterThread: Thread started: E2E Spike 1-11
2026-08-30 09:52:54,077 INFO o.a.j.t.JMeterThread: Thread started: E2E Spike 1-12
2026-08-30 09:52:54,091 INFO o.a.j.t.JMeterThread: Thread started: E2E Spike 1-13
2026-08-30 09:52:54,108 INFO o.a.j.t.JMeterThread: Thread started: E2E Spike 1-14
2026-08-30 09:52:54,116 INFO o.a.j.t.JMeterThread: Thread started: E2E Spike 1-15
2026-08-30 09:52:54,131 INFO o.a.j.t.JMeterThread: Thread started: E2E Spike 1-16
2026-08-30 09:52:54,148 INFO o.a.j.t.JMeterThread: Thread started: E2E Spike 1-17
2026-08-30 09:52:54,162 INFO o.a.j.t.JMeterThread: Thread started: E2E Spike 1-18
2026-08-30 09:52:54,167 INFO o.a.j.t.JMeterThread: Thread started: E2E Spike 1-19
2026-08-30 09:52:54,189 INFO o.a.j.t.JMeterThread: Thread started: E2E Spike 1-20
2026-08-30 09:52:54,202 INFO o.a.j.t.JMeterThread: Thread started: E2E Spike 1-21
2026-08-30 09:52:54,217 INFO o.a.j.t.JMeterThread: Thread started: E2E Spike 1-22
2026-08-30 09:52:54,231 INFO o.a.j.t.JMeterThread: Thread started: E2E Spike 1-23
2026-08-30 09:52:54,244 INFO o.a.j.t.JMeterThread: Thread started: E2E Spike 1-24
2026-08-30 09:52:54,256 INFO o.a.j.t.JMeterThread: Thread started: E2E Spike 1-25
2026-08-30 09:52:54,268 INFO o.a.j.t.JMeterThread: Thread started: E2E Spike 1-26
2026-08-30 09:52:54,277 INFO o.a.j.t.JMeterThread: Thread started: E2E Spike 1-27
2026-08-30 09:52:54,297 INFO o.a.j.t.JMeterThread: Thread started: E2E Spike 1-28
2026-08-30 09:52:54,313 INFO o.a.j.t.JMeterThread: Thread started: E2E Spike 1-29
2026-08-30 09:52:54,326 INFO o.a.j.t.JMeterThread: Thread started: E2E Spike 1-30
2026-08-30 09:52:54,342 INFO o.a.j.t.JMeterThread: Thread started: E2E Spike 1-31
2026-08-30 09:52:54,353 INFO o.a.j.t.JMeterThread: Thread started: E2E Spike 1-32
2026-08-30 09:52:54,368 INFO o.a.j.t.JMeterThread: Thread started: E2E Spike 1-33
2026-08-30 09:52:54,382 INFO o.a.j.t.JMeterThread: Thread started: E2E Spike 1-34
2026-08-30 09:52:54,397 INFO o.a.j.t.JMeterThread: Thread started: E2E Spike 1-35
2026-08-30 09:52:54,411 INFO o.a.j.t.JMeterThread: Thread started: E2E Spike 1-36
2026-08-30 09:52:54,425 INFO o.a.j.t.JMeterThread: Thread started: E2E Spike 1-37
2026-08-30 09:52:54,439 INFO o.a.j.t.JMeterThread: Thread started: E2E Spike 1-38
2026-08-30 09:52:54,447 INFO o.a.j.t.JMeterThread: Thread started: E2E Spike 1-39
2026-08-30 09:52:54,465 INFO o.a.j.t.JMeterThread: Thread started: E2E Spike 1-40
2026-08-30 09:52:54,481 INFO o.a.j.t.JMeterThread: Thread started: E2E Spike 1-41
2026-08-30 09:52:54,487 INFO o.a.j.t.JMeterThread: Thread started: E2E Spike 1-42
2026-08-30 09:52:54,507 INFO o.a.j.t.JMeterThread: Thread started: E2E Spike 1-43
2026-08-30 09:52:54,521 INFO o.a.j.t.JMeterThread: Thread started: E2E Spike 1-44
2026-08-30 09:52:54,526 INFO o.a.j.t.JMeterThread: Thread started: E2E Spike 1-45
2026-08-30 09:52:54,545 INFO o.a.j.t.JMeterThread: Thread started: E2E Spike 1-46
2026-08-30 09:52:54,562 INFO o.a.j.t.JMeterThread: Thread started: E2E Spike 1-47
2026-08-30 09:52:54,581 INFO o.a.j.t.JMeterThread: Thread started: E2E Spike 1-48
2026-08-30 09:52:54,595 INFO o.a.j.t.JMeterThread: Thread started: E2E Spike 1-49
2026-08-30 09:52:54,606 INFO o.a.j.t.JMeterThread: Thread started: E2E Spike 1-50
2026-08-30 09:52:54,624 INFO o.a.j.t.JMeterThread: Thread started: E2E Spike 1-51
2026-08-30 09:52:54,629 INFO o.a.j.t.JMeterThread: Thread started: E2E Spike 1-52
2026-08-30 09:52:54,646 INFO o.a.j.t.JMeterThread: Thread started: E2E Spike 1-53
2026-08-30 09:52:54,655 INFO o.a.j.p.h.s.HTTPHCAbstractImpl: Local host = ThieuNagg
2026-08-30 09:52:54,657 INFO o.a.j.t.JMeterThread: Thread started: E2E Spike 1-54
2026-08-30 09:52:54,665 INFO o.a.j.p.h.s.HTTPHC4Impl: HTTP request retry count = 0
2026-08-30 09:52:54,667 INFO o.a.j.s.SampleResult: Note: Sample TimeStamps are START times
2026-08-30 09:52:54,667 INFO o.a.j.s.SampleResult: sampleresult.default.encoding is set to UTF-8
2026-08-30 09:52:54,667 INFO o.a.j.s.SampleResult: sampleresult.useNanoTime=true
2026-08-30 09:52:54,667 INFO o.a.j.s.SampleResult: sampleresult.nanoThreadSleep=5000
2026-08-30 09:52:54,673 INFO o.a.j.t.JMeterThread: Thread started: E2E Spike 1-55
2026-08-30 09:52:54,685 INFO o.a.j.t.JMeterThread: Thread started: E2E Spike 1-56
2026-08-30 09:52:54,709 INFO o.a.j.t.JMeterThread: Thread started: E2E Spike 1-57
2026-08-30 09:52:54,716 INFO o.a.j.t.JMeterThread: Thread started: E2E Spike 1-58
2026-08-30 09:52:54,738 INFO o.a.j.t.JMeterThread: Thread started: E2E Spike 1-59
2026-08-30 09:52:54,742 INFO o.a.j.t.JMeterThread: Thread started: E2E Spike 1-60
2026-08-30 09:52:54,757 INFO o.a.j.t.JMeterThread: Thread started: E2E Spike 1-61
2026-08-30 09:52:54,771 INFO o.a.j.t.JMeterThread: Thread started: E2E Spike 1-62
2026-08-30 09:52:54,786 INFO o.a.j.t.JMeterThread: Thread started: E2E Spike 1-63
2026-08-30 09:52:54,801 INFO o.a.j.t.JMeterThread: Thread started: E2E Spike 1-64
2026-08-30 09:52:54,815 INFO o.a.j.t.JMeterThread: Thread started: E2E Spike 1-65
2026-08-30 09:52:54,828 INFO o.a.j.t.JMeterThread: Thread started: E2E Spike 1-66
2026-08-30 09:52:54,844 INFO o.a.j.t.JMeterThread: Thread started: E2E Spike 1-67
2026-08-30 09:52:54,861 INFO o.a.j.t.JMeterThread: Thread started: E2E Spike 1-68
2026-08-30 09:52:54,875 INFO o.a.j.t.JMeterThread: Thread started: E2E Spike 1-69
2026-08-30 09:52:54,890 INFO o.a.j.t.JMeterThread: Thread started: E2E Spike 1-70
2026-08-30 09:52:54,906 INFO o.a.j.t.JMeterThread: Thread started: E2E Spike 1-71
2026-08-30 09:52:54,918 INFO o.a.j.t.JMeterThread: Thread started: E2E Spike 1-72
2026-08-30 09:52:54,935 INFO o.a.j.t.JMeterThread: Thread started: E2E Spike 1-73
2026-08-30 09:52:54,949 INFO o.a.j.t.JMeterThread: Thread started: E2E Spike 1-74
2026-08-30 09:52:54,964 INFO o.a.j.t.JMeterThread: Thread started: E2E Spike 1-75
2026-08-30 09:52:54,981 INFO o.a.j.t.JMeterThread: Thread started: E2E Spike 1-76
2026-08-30 09:52:54,991 INFO o.a.j.t.JMeterThread: Thread started: E2E Spike 1-77
2026-08-30 09:52:55,006 INFO o.a.j.t.JMeterThread: Thread started: E2E Spike 1-78
2026-08-30 09:52:55,023 INFO o.a.j.t.JMeterThread: Thread started: E2E Spike 1-79
2026-08-30 09:52:55,038 INFO o.a.j.t.JMeterThread: Thread started: E2E Spike 1-80
2026-08-30 09:52:55,052 INFO o.a.j.t.JMeterThread: Thread started: E2E Spike 1-81
2026-08-30 09:52:55,067 INFO o.a.j.t.JMeterThread: Thread started: E2E Spike 1-82
2026-08-30 09:52:55,082 INFO o.a.j.t.JMeterThread: Thread started: E2E Spike 1-83
2026-08-30 09:52:55,095 INFO o.a.j.t.JMeterThread: Thread started: E2E Spike 1-84
2026-08-30 09:52:55,111 INFO o.a.j.t.JMeterThread: Thread started: E2E Spike 1-85
2026-08-30 09:52:55,124 INFO o.a.j.t.JMeterThread: Thread started: E2E Spike 1-86
2026-08-30 09:52:55,141 INFO o.a.j.t.JMeterThread: Thread started: E2E Spike 1-87
2026-08-30 09:52:55,154 INFO o.a.j.t.JMeterThread: Thread started: E2E Spike 1-88
2026-08-30 09:52:55,174 INFO o.a.j.t.JMeterThread: Thread started: E2E Spike 1-89
2026-08-30 09:52:55,182 INFO o.a.j.t.JMeterThread: Thread started: E2E Spike 1-90
2026-08-30 09:52:55,200 INFO o.a.j.t.JMeterThread: Thread started: E2E Spike 1-91
2026-08-30 09:52:55,206 INFO o.a.j.t.JMeterThread: Thread started: E2E Spike 1-92
2026-08-30 09:52:55,221 INFO o.a.j.t.JMeterThread: Thread started: E2E Spike 1-93
2026-08-30 09:52:55,241 INFO o.a.j.t.JMeterThread: Thread started: E2E Spike 1-94
2026-08-30 09:52:55,259 INFO o.a.j.t.JMeterThread: Thread started: E2E Spike 1-95
2026-08-30 09:52:55,274 INFO o.a.j.t.JMeterThread: Thread started: E2E Spike 1-96
2026-08-30 09:52:55,289 INFO o.a.j.t.JMeterThread: Thread started: E2E Spike 1-97
2026-08-30 09:52:55,304 INFO o.a.j.t.JMeterThread: Thread started: E2E Spike 1-98
2026-08-30 09:52:55,318 INFO o.a.j.t.JMeterThread: Thread started: E2E Spike 1-99
2026-08-30 09:52:55,332 INFO o.a.j.t.JMeterThread: Thread started: E2E Spike 1-100
2026-08-30 09:52:55,347 INFO o.a.j.t.JMeterThread: Thread started: E2E Spike 1-101
2026-08-30 09:52:55,363 INFO o.a.j.t.JMeterThread: Thread started: E2E Spike 1-102
2026-08-30 09:52:55,376 INFO o.a.j.t.JMeterThread: Thread started: E2E Spike 1-103
2026-08-30 09:52:55,386 INFO o.a.j.t.JMeterThread: Thread started: E2E Spike 1-104
2026-08-30 09:52:55,422 INFO o.a.j.t.JMeterThread: Thread started: E2E Spike 1-106
2026-08-30 09:52:55,422 INFO o.a.j.t.JMeterThread: Thread started: E2E Spike 1-105
2026-08-30 09:52:55,436 INFO o.a.j.t.JMeterThread: Thread started: E2E Spike 1-107
2026-08-30 09:52:55,450 INFO o.a.j.t.JMeterThread: Thread started: E2E Spike 1-108
2026-08-30 09:52:55,465 INFO o.a.j.t.JMeterThread: Thread started: E2E Spike 1-109
2026-08-30 09:52:55,480 INFO o.a.j.t.JMeterThread: Thread started: E2E Spike 1-110
2026-08-30 09:52:55,495 INFO o.a.j.t.JMeterThread: Thread started: E2E Spike 1-111
2026-08-30 09:52:55,509 INFO o.a.j.t.JMeterThread: Thread started: E2E Spike 1-112
2026-08-30 09:52:55,523 INFO o.a.j.t.JMeterThread: Thread started: E2E Spike 1-113
2026-08-30 09:52:55,539 INFO o.a.j.t.JMeterThread: Thread started: E2E Spike 1-114
2026-08-30 09:52:55,558 INFO o.a.j.t.JMeterThread: Thread started: E2E Spike 1-115
2026-08-30 09:52:55,572 INFO o.a.j.t.JMeterThread: Thread started: E2E Spike 1-116
2026-08-30 09:52:55,589 INFO o.a.j.t.JMeterThread: Thread started: E2E Spike 1-117
2026-08-30 09:52:55,603 INFO o.a.j.t.JMeterThread: Thread started: E2E Spike 1-118
2026-08-30 09:52:55,620 INFO o.a.j.t.JMeterThread: Thread started: E2E Spike 1-119
2026-08-30 09:52:55,638 INFO o.a.j.t.JMeterThread: Thread started: E2E Spike 1-120
2026-08-30 09:52:55,653 INFO o.a.j.t.JMeterThread: Thread started: E2E Spike 1-121
2026-08-30 09:52:55,667 INFO o.a.j.t.JMeterThread: Thread started: E2E Spike 1-122
2026-08-30 09:52:55,669 INFO o.a.j.t.JMeterThread: Thread started: E2E Spike 1-123
2026-08-30 09:52:55,685 INFO o.a.j.t.JMeterThread: Thread started: E2E Spike 1-124
2026-08-30 09:52:55,701 INFO o.a.j.t.JMeterThread: Thread started: E2E Spike 1-125
2026-08-30 09:52:55,715 INFO o.a.j.t.JMeterThread: Thread started: E2E Spike 1-126
2026-08-30 09:52:55,730 INFO o.a.j.t.JMeterThread: Thread started: E2E Spike 1-127
2026-08-30 09:52:55,746 INFO o.a.j.t.JMeterThread: Thread started: E2E Spike 1-128
2026-08-30 09:52:55,761 INFO o.a.j.t.JMeterThread: Thread started: E2E Spike 1-129
2026-08-30 09:52:55,776 INFO o.a.j.t.JMeterThread: Thread started: E2E Spike 1-130
2026-08-30 09:52:55,799 INFO o.a.j.t.JMeterThread: Thread started: E2E Spike 1-131
2026-08-30 09:52:55,824 INFO o.a.j.t.JMeterThread: Thread started: E2E Spike 1-132
2026-08-30 09:52:55,827 INFO o.a.j.t.JMeterThread: Thread started: E2E Spike 1-133
2026-08-30 09:52:55,842 INFO o.a.j.t.JMeterThread: Thread started: E2E Spike 1-134
2026-08-30 09:52:55,856 INFO o.a.j.t.JMeterThread: Thread started: E2E Spike 1-135
2026-08-30 09:52:55,870 INFO o.a.j.t.JMeterThread: Thread started: E2E Spike 1-136
2026-08-30 09:52:55,886 INFO o.a.j.t.JMeterThread: Thread started: E2E Spike 1-137
2026-08-30 09:52:55,901 INFO o.a.j.t.JMeterThread: Thread started: E2E Spike 1-138
2026-08-30 09:52:55,910 INFO o.a.j.t.JMeterThread: Thread started: E2E Spike 1-139
2026-08-30 09:52:55,940 INFO o.a.j.t.JMeterThread: Thread started: E2E Spike 1-140
2026-08-30 09:52:55,941 INFO o.a.j.t.JMeterThread: Thread started: E2E Spike 1-141
2026-08-30 09:52:55,972 INFO o.a.j.t.JMeterThread: Thread started: E2E Spike 1-142
2026-08-30 09:52:55,989 INFO o.a.j.t.JMeterThread: Thread started: E2E Spike 1-144
2026-08-30 09:52:55,990 INFO o.a.j.t.JMeterThread: Thread started: E2E Spike 1-143
2026-08-30 09:52:56,004 INFO o.a.j.t.JMeterThread: Thread started: E2E Spike 1-145
2026-08-30 09:52:56,020 INFO o.a.j.t.JMeterThread: Thread started: E2E Spike 1-147
2026-08-30 09:52:56,020 INFO o.a.j.t.JMeterThread: Thread started: E2E Spike 1-146
2026-08-30 09:52:56,051 INFO o.a.j.t.JMeterThread: Thread started: E2E Spike 1-148
2026-08-30 09:52:56,066 INFO o.a.j.t.JMeterThread: Thread started: E2E Spike 1-149
2026-08-30 09:52:56,082 INFO o.a.j.t.JMeterThread: Thread started: E2E Spike 1-150
2026-08-30 09:52:56,097 INFO o.a.j.t.JMeterThread: Thread started: E2E Spike 1-151
2026-08-30 09:52:56,129 INFO o.a.j.t.JMeterThread: Thread started: E2E Spike 1-152
2026-08-30 09:52:56,129 INFO o.a.j.t.JMeterThread: Thread started: E2E Spike 1-153
2026-08-30 09:52:56,145 INFO o.a.j.t.JMeterThread: Thread started: E2E Spike 1-154
2026-08-30 09:52:56,160 INFO o.a.j.t.JMeterThread: Thread started: E2E Spike 1-155
2026-08-30 09:52:56,176 INFO o.a.j.t.JMeterThread: Thread started: E2E Spike 1-156
2026-08-30 09:52:56,191 INFO o.a.j.t.JMeterThread: Thread started: E2E Spike 1-157
2026-08-30 09:52:56,208 INFO o.a.j.t.JMeterThread: Thread started: E2E Spike 1-158
2026-08-30 09:52:56,222 INFO o.a.j.t.JMeterThread: Thread started: E2E Spike 1-159
2026-08-30 09:52:56,239 INFO o.a.j.t.JMeterThread: Thread started: E2E Spike 1-160
2026-08-30 09:52:56,253 INFO o.a.j.t.JMeterThread: Thread started: E2E Spike 1-161
2026-08-30 09:52:56,269 INFO o.a.j.t.JMeterThread: Thread started: E2E Spike 1-162
2026-08-30 09:52:56,284 INFO o.a.j.t.JMeterThread: Thread started: E2E Spike 1-163
2026-08-30 09:52:56,300 INFO o.a.j.t.JMeterThread: Thread started: E2E Spike 1-164
2026-08-30 09:52:56,315 INFO o.a.j.t.JMeterThread: Thread started: E2E Spike 1-165
2026-08-30 09:52:56,331 INFO o.a.j.t.JMeterThread: Thread started: E2E Spike 1-166
2026-08-30 09:52:56,346 INFO o.a.j.t.JMeterThread: Thread started: E2E Spike 1-167
2026-08-30 09:52:56,346 INFO o.a.j.t.JMeterThread: Thread started: E2E Spike 1-168
2026-08-30 09:52:56,363 INFO o.a.j.t.JMeterThread: Thread started: E2E Spike 1-169
2026-08-30 09:52:56,378 INFO o.a.j.t.JMeterThread: Thread started: E2E Spike 1-170
2026-08-30 09:52:56,393 INFO o.a.j.t.JMeterThread: Thread started: E2E Spike 1-171
2026-08-30 09:52:56,409 INFO o.a.j.t.JMeterThread: Thread started: E2E Spike 1-172
2026-08-30 09:52:56,425 INFO o.a.j.t.JMeterThread: Thread started: E2E Spike 1-173
2026-08-30 09:52:56,425 INFO o.a.j.t.JMeterThread: Thread started: E2E Spike 1-174
2026-08-30 09:52:56,457 INFO o.a.j.t.JMeterThread: Thread started: E2E Spike 1-175
2026-08-30 09:52:56,473 INFO o.a.j.t.JMeterThread: Thread started: E2E Spike 1-176
2026-08-30 09:52:56,489 INFO o.a.j.t.JMeterThread: Thread started: E2E Spike 1-177
2026-08-30 09:52:56,504 INFO o.a.j.t.JMeterThread: Thread started: E2E Spike 1-178
2026-08-30 09:52:56,519 INFO o.a.j.t.JMeterThread: Thread started: E2E Spike 1-179
2026-08-30 09:52:56,535 INFO o.a.j.t.JMeterThread: Thread started: E2E Spike 1-180
2026-08-30 09:52:56,535 INFO o.a.j.t.JMeterThread: Thread started: E2E Spike 1-181
2026-08-30 09:52:56,551 INFO o.a.j.t.JMeterThread: Thread started: E2E Spike 1-182
2026-08-30 09:52:56,567 INFO o.a.j.t.JMeterThread: Thread started: E2E Spike 1-183
2026-08-30 09:52:56,583 INFO o.a.j.t.JMeterThread: Thread started: E2E Spike 1-184
2026-08-30 09:52:56,599 INFO o.a.j.t.JMeterThread: Thread started: E2E Spike 1-185
2026-08-30 09:52:56,615 INFO o.a.j.t.JMeterThread: Thread started: E2E Spike 1-186
2026-08-30 09:52:56,631 INFO o.a.j.t.JMeterThread: Thread started: E2E Spike 1-187
2026-08-30 09:52:56,646 INFO o.a.j.t.JMeterThread: Thread started: E2E Spike 1-188
2026-08-30 09:52:56,662 INFO o.a.j.t.JMeterThread: Thread started: E2E Spike 1-189
2026-08-30 09:52:56,678 INFO o.a.j.t.JMeterThread: Thread started: E2E Spike 1-190
2026-08-30 09:52:56,694 INFO o.a.j.t.JMeterThread: Thread started: E2E Spike 1-191
2026-08-30 09:52:56,709 INFO o.a.j.t.JMeterThread: Thread started: E2E Spike 1-192
2026-08-30 09:52:56,725 INFO o.a.j.t.JMeterThread: Thread started: E2E Spike 1-193
2026-08-30 09:52:56,725 INFO o.a.j.t.JMeterThread: Thread started: E2E Spike 1-194
2026-08-30 09:52:56,741 INFO o.a.j.t.JMeterThread: Thread started: E2E Spike 1-195
2026-08-30 09:52:56,757 INFO o.a.j.t.JMeterThread: Thread started: E2E Spike 1-196
2026-08-30 09:52:56,773 INFO o.a.j.t.JMeterThread: Thread started: E2E Spike 1-197
2026-08-30 09:52:56,789 INFO o.a.j.t.JMeterThread: Thread started: E2E Spike 1-198
2026-08-30 09:52:56,804 INFO o.a.j.t.JMeterThread: Thread started: E2E Spike 1-199
2026-08-30 09:52:56,819 INFO o.a.j.t.JMeterThread: Thread started: E2E Spike 1-200
2026-08-30 09:53:00,010 INFO o.a.j.r.Summariser: summary +    825 in 00:00:06 =  133.1/s Avg:     3 Min:     1 Max:    35 Err:     0 (0.00%) Active: 200 Started: 200 Finished: 0
2026-08-30 09:53:00,549 INFO o.a.j.u.JsseSSLManager: Using default SSL protocol: TLS
2026-08-30 09:53:00,550 INFO o.a.j.u.JsseSSLManager: SSL session context: per-thread
2026-08-30 09:53:30,002 INFO o.a.j.r.Summariser: summary +   5947 in 00:00:30 =  198.3/s Avg:     3 Min:     0 Max:    30 Err:     0 (0.00%) Active: 200 Started: 200 Finished: 0
2026-08-30 09:53:30,002 INFO o.a.j.r.Summariser: summary =   6772 in 00:00:36 =  187.1/s Avg:     3 Min:     0 Max:    35 Err:     0 (0.00%)
2026-08-30 09:54:00,005 INFO o.a.j.r.Summariser: summary +   5942 in 00:00:30 =  198.0/s Avg:     5 Min:     0 Max:    28 Err:     0 (0.00%) Active: 200 Started: 200 Finished: 0
2026-08-30 09:54:00,005 INFO o.a.j.r.Summariser: summary =  12714 in 00:01:06 =  192.1/s Avg:     4 Min:     0 Max:    35 Err:     0 (0.00%)
2026-08-30 09:54:22,723 INFO o.a.j.t.JMeterThread: Thread finished: E2E Spike 1-136
2026-08-30 09:54:22,739 INFO o.a.j.t.JMeterThread: Thread finished: E2E Spike 1-37
2026-08-30 09:54:22,803 INFO o.a.j.t.JMeterThread: Thread finished: E2E Spike 1-83
2026-08-30 09:54:22,821 INFO o.a.j.t.JMeterThread: Thread finished: E2E Spike 1-47
2026-08-30 09:54:22,836 INFO o.a.j.t.JMeterThread: Thread finished: E2E Spike 1-13
2026-08-30 09:54:22,853 INFO o.a.j.t.JMeterThread: Thread finished: E2E Spike 1-33
2026-08-30 09:54:22,866 INFO o.a.j.t.JMeterThread: Thread finished: E2E Spike 1-74
2026-08-30 09:54:22,866 INFO o.a.j.t.JMeterThread: Thread finished: E2E Spike 1-86
2026-08-30 09:54:22,895 INFO o.a.j.t.JMeterThread: Thread finished: E2E Spike 1-60
2026-08-30 09:54:22,897 INFO o.a.j.t.JMeterThread: Thread finished: E2E Spike 1-73
2026-08-30 09:54:22,898 INFO o.a.j.t.JMeterThread: Thread finished: E2E Spike 1-174
2026-08-30 09:54:22,910 INFO o.a.j.t.JMeterThread: Thread finished: E2E Spike 1-77
2026-08-30 09:54:22,910 INFO o.a.j.t.JMeterThread: Thread finished: E2E Spike 1-20
2026-08-30 09:54:22,916 INFO o.a.j.t.JMeterThread: Thread finished: E2E Spike 1-151
2026-08-30 09:54:22,917 INFO o.a.j.t.JMeterThread: Thread finished: E2E Spike 1-170
2026-08-30 09:54:22,935 INFO o.a.j.t.JMeterThread: Thread finished: E2E Spike 1-199
2026-08-30 09:54:22,935 INFO o.a.j.t.JMeterThread: Thread finished: E2E Spike 1-188
2026-08-30 09:54:22,935 INFO o.a.j.t.JMeterThread: Thread finished: E2E Spike 1-138
2026-08-30 09:54:22,936 INFO o.a.j.t.JMeterThread: Thread finished: E2E Spike 1-44
2026-08-30 09:54:22,974 INFO o.a.j.t.JMeterThread: Thread finished: E2E Spike 1-12
2026-08-30 09:54:22,976 INFO o.a.j.t.JMeterThread: Thread finished: E2E Spike 1-127
2026-08-30 09:54:22,992 INFO o.a.j.t.JMeterThread: Thread finished: E2E Spike 1-63
2026-08-30 09:54:22,993 INFO o.a.j.t.JMeterThread: Thread finished: E2E Spike 1-113
2026-08-30 09:54:22,994 INFO o.a.j.t.JMeterThread: Thread finished: E2E Spike 1-88
2026-08-30 09:54:22,997 INFO o.a.j.t.JMeterThread: Thread finished: E2E Spike 1-4
2026-08-30 09:54:22,999 INFO o.a.j.t.JMeterThread: Thread finished: E2E Spike 1-64
2026-08-30 09:54:23,005 INFO o.a.j.t.JMeterThread: Thread finished: E2E Spike 1-117
2026-08-30 09:54:23,005 INFO o.a.j.t.JMeterThread: Thread finished: E2E Spike 1-112
2026-08-30 09:54:23,006 INFO o.a.j.t.JMeterThread: Thread finished: E2E Spike 1-32
2026-08-30 09:54:23,021 INFO o.a.j.t.JMeterThread: Thread finished: E2E Spike 1-149
2026-08-30 09:54:23,022 INFO o.a.j.t.JMeterThread: Thread finished: E2E Spike 1-22
2026-08-30 09:54:23,036 INFO o.a.j.t.JMeterThread: Thread finished: E2E Spike 1-124
2026-08-30 09:54:23,051 INFO o.a.j.t.JMeterThread: Thread finished: E2E Spike 1-173
2026-08-30 09:54:23,051 INFO o.a.j.t.JMeterThread: Thread finished: E2E Spike 1-30
2026-08-30 09:54:23,066 INFO o.a.j.t.JMeterThread: Thread finished: E2E Spike 1-70
2026-08-30 09:54:23,099 INFO o.a.j.t.JMeterThread: Thread finished: E2E Spike 1-100
2026-08-30 09:54:23,099 INFO o.a.j.t.JMeterThread: Thread finished: E2E Spike 1-186
2026-08-30 09:54:23,101 INFO o.a.j.t.JMeterThread: Thread finished: E2E Spike 1-152
2026-08-30 09:54:23,113 INFO o.a.j.t.JMeterThread: Thread finished: E2E Spike 1-38
2026-08-30 09:54:23,116 INFO o.a.j.t.JMeterThread: Thread finished: E2E Spike 1-118
2026-08-30 09:54:23,117 INFO o.a.j.t.JMeterThread: Thread finished: E2E Spike 1-46
2026-08-30 09:54:23,128 INFO o.a.j.t.JMeterThread: Thread finished: E2E Spike 1-145
2026-08-30 09:54:23,133 INFO o.a.j.t.JMeterThread: Thread finished: E2E Spike 1-29
2026-08-30 09:54:23,133 INFO o.a.j.t.JMeterThread: Thread finished: E2E Spike 1-24
2026-08-30 09:54:23,134 INFO o.a.j.t.JMeterThread: Thread finished: E2E Spike 1-167
2026-08-30 09:54:23,144 INFO o.a.j.t.JMeterThread: Thread finished: E2E Spike 1-111
2026-08-30 09:54:23,158 INFO o.a.j.t.JMeterThread: Thread finished: E2E Spike 1-36
2026-08-30 09:54:23,162 INFO o.a.j.t.JMeterThread: Thread finished: E2E Spike 1-158
2026-08-30 09:54:23,162 INFO o.a.j.t.JMeterThread: Thread finished: E2E Spike 1-156
2026-08-30 09:54:23,173 INFO o.a.j.t.JMeterThread: Thread finished: E2E Spike 1-57
2026-08-30 09:54:23,177 INFO o.a.j.t.JMeterThread: Thread finished: E2E Spike 1-21
2026-08-30 09:54:23,177 INFO o.a.j.t.JMeterThread: Thread finished: E2E Spike 1-51
2026-08-30 09:54:23,188 INFO o.a.j.t.JMeterThread: Thread finished: E2E Spike 1-189
2026-08-30 09:54:23,189 INFO o.a.j.t.JMeterThread: Thread finished: E2E Spike 1-121
2026-08-30 09:54:23,189 INFO o.a.j.t.JMeterThread: Thread finished: E2E Spike 1-6
2026-08-30 09:54:23,204 INFO o.a.j.t.JMeterThread: Thread finished: E2E Spike 1-39
2026-08-30 09:54:23,205 INFO o.a.j.t.JMeterThread: Thread finished: E2E Spike 1-148
2026-08-30 09:54:23,220 INFO o.a.j.t.JMeterThread: Thread finished: E2E Spike 1-176
2026-08-30 09:54:23,221 INFO o.a.j.t.JMeterThread: Thread finished: E2E Spike 1-140
2026-08-30 09:54:23,222 INFO o.a.j.t.JMeterThread: Thread finished: E2E Spike 1-185
2026-08-30 09:54:23,236 INFO o.a.j.t.JMeterThread: Thread finished: E2E Spike 1-45
2026-08-30 09:54:23,238 INFO o.a.j.t.JMeterThread: Thread finished: E2E Spike 1-69
2026-08-30 09:54:23,238 INFO o.a.j.t.JMeterThread: Thread finished: E2E Spike 1-23
2026-08-30 09:54:23,240 INFO o.a.j.t.JMeterThread: Thread finished: E2E Spike 1-129
2026-08-30 09:54:23,251 INFO o.a.j.t.JMeterThread: Thread finished: E2E Spike 1-68
2026-08-30 09:54:23,252 INFO o.a.j.t.JMeterThread: Thread finished: E2E Spike 1-165
2026-08-30 09:54:23,252 INFO o.a.j.t.JMeterThread: Thread finished: E2E Spike 1-135
2026-08-30 09:54:23,269 INFO o.a.j.t.JMeterThread: Thread finished: E2E Spike 1-120
2026-08-30 09:54:23,283 INFO o.a.j.t.JMeterThread: Thread finished: E2E Spike 1-67
2026-08-30 09:54:23,297 INFO o.a.j.t.JMeterThread: Thread finished: E2E Spike 1-11
2026-08-30 09:54:23,298 INFO o.a.j.t.JMeterThread: Thread finished: E2E Spike 1-87
2026-08-30 09:54:23,298 INFO o.a.j.t.JMeterThread: Thread finished: E2E Spike 1-18
2026-08-30 09:54:23,299 INFO o.a.j.t.JMeterThread: Thread finished: E2E Spike 1-28
2026-08-30 09:54:23,301 INFO o.a.j.t.JMeterThread: Thread finished: E2E Spike 1-102
2026-08-30 09:54:23,301 INFO o.a.j.t.JMeterThread: Thread finished: E2E Spike 1-42
2026-08-30 09:54:23,301 INFO o.a.j.t.JMeterThread: Thread finished: E2E Spike 1-66
2026-08-30 09:54:23,312 INFO o.a.j.t.JMeterThread: Thread finished: E2E Spike 1-125
2026-08-30 09:54:23,313 INFO o.a.j.t.JMeterThread: Thread finished: E2E Spike 1-191
2026-08-30 09:54:23,330 INFO o.a.j.t.JMeterThread: Thread finished: E2E Spike 1-115
2026-08-30 09:54:23,331 INFO o.a.j.t.JMeterThread: Thread finished: E2E Spike 1-169
2026-08-30 09:54:23,332 INFO o.a.j.t.JMeterThread: Thread finished: E2E Spike 1-198
2026-08-30 09:54:23,332 INFO o.a.j.t.JMeterThread: Thread finished: E2E Spike 1-200
2026-08-30 09:54:23,332 INFO o.a.j.t.JMeterThread: Thread finished: E2E Spike 1-181
2026-08-30 09:54:23,333 INFO o.a.j.t.JMeterThread: Thread finished: E2E Spike 1-48
2026-08-30 09:54:23,344 INFO o.a.j.t.JMeterThread: Thread finished: E2E Spike 1-96
2026-08-30 09:54:23,359 INFO o.a.j.t.JMeterThread: Thread finished: E2E Spike 1-75
2026-08-30 09:54:23,361 INFO o.a.j.t.JMeterThread: Thread finished: E2E Spike 1-130
2026-08-30 09:54:23,361 INFO o.a.j.t.JMeterThread: Thread finished: E2E Spike 1-160
2026-08-30 09:54:23,361 INFO o.a.j.t.JMeterThread: Thread finished: E2E Spike 1-146
2026-08-30 09:54:23,376 INFO o.a.j.t.JMeterThread: Thread finished: E2E Spike 1-195
2026-08-30 09:54:23,376 INFO o.a.j.t.JMeterThread: Thread finished: E2E Spike 1-155
2026-08-30 09:54:23,377 INFO o.a.j.t.JMeterThread: Thread finished: E2E Spike 1-97
2026-08-30 09:54:23,391 INFO o.a.j.t.JMeterThread: Thread finished: E2E Spike 1-9
2026-08-30 09:54:23,392 INFO o.a.j.t.JMeterThread: Thread finished: E2E Spike 1-106
2026-08-30 09:54:23,393 INFO o.a.j.t.JMeterThread: Thread finished: E2E Spike 1-159
2026-08-30 09:54:23,407 INFO o.a.j.t.JMeterThread: Thread finished: E2E Spike 1-3
2026-08-30 09:54:23,422 INFO o.a.j.t.JMeterThread: Thread finished: E2E Spike 1-123
2026-08-30 09:54:23,423 INFO o.a.j.t.JMeterThread: Thread finished: E2E Spike 1-119
2026-08-30 09:54:23,438 INFO o.a.j.t.JMeterThread: Thread finished: E2E Spike 1-101
2026-08-30 09:54:23,439 INFO o.a.j.t.JMeterThread: Thread finished: E2E Spike 1-110
2026-08-30 09:54:23,439 INFO o.a.j.t.JMeterThread: Thread finished: E2E Spike 1-184
2026-08-30 09:54:23,458 INFO o.a.j.t.JMeterThread: Thread finished: E2E Spike 1-89
2026-08-30 09:54:23,459 INFO o.a.j.t.JMeterThread: Thread finished: E2E Spike 1-84
2026-08-30 09:54:23,468 INFO o.a.j.t.JMeterThread: Thread finished: E2E Spike 1-53
2026-08-30 09:54:23,468 INFO o.a.j.t.JMeterThread: Thread finished: E2E Spike 1-144
2026-08-30 09:54:23,471 INFO o.a.j.t.JMeterThread: Thread finished: E2E Spike 1-79
2026-08-30 09:54:23,471 INFO o.a.j.t.JMeterThread: Thread finished: E2E Spike 1-7
2026-08-30 09:54:23,484 INFO o.a.j.t.JMeterThread: Thread finished: E2E Spike 1-150
2026-08-30 09:54:23,485 INFO o.a.j.t.JMeterThread: Thread finished: E2E Spike 1-99
2026-08-30 09:54:23,486 INFO o.a.j.t.JMeterThread: Thread finished: E2E Spike 1-143
2026-08-30 09:54:23,487 INFO o.a.j.t.JMeterThread: Thread finished: E2E Spike 1-27
2026-08-30 09:54:23,487 INFO o.a.j.t.JMeterThread: Thread finished: E2E Spike 1-8
2026-08-30 09:54:23,488 INFO o.a.j.t.JMeterThread: Thread finished: E2E Spike 1-128
2026-08-30 09:54:23,499 INFO o.a.j.t.JMeterThread: Thread finished: E2E Spike 1-81
2026-08-30 09:54:23,532 INFO o.a.j.t.JMeterThread: Thread finished: E2E Spike 1-15
2026-08-30 09:54:23,537 INFO o.a.j.t.JMeterThread: Thread finished: E2E Spike 1-14
2026-08-30 09:54:23,537 INFO o.a.j.t.JMeterThread: Thread finished: E2E Spike 1-103
2026-08-30 09:54:23,537 INFO o.a.j.t.JMeterThread: Thread finished: E2E Spike 1-190
2026-08-30 09:54:23,549 INFO o.a.j.t.JMeterThread: Thread finished: E2E Spike 1-172
2026-08-30 09:54:23,550 INFO o.a.j.t.JMeterThread: Thread finished: E2E Spike 1-116
2026-08-30 09:54:23,550 INFO o.a.j.t.JMeterThread: Thread finished: E2E Spike 1-114
2026-08-30 09:54:23,551 INFO o.a.j.t.JMeterThread: Thread finished: E2E Spike 1-142
2026-08-30 09:54:23,551 INFO o.a.j.t.JMeterThread: Thread finished: E2E Spike 1-80
2026-08-30 09:54:23,551 INFO o.a.j.t.JMeterThread: Thread finished: E2E Spike 1-94
2026-08-30 09:54:23,552 INFO o.a.j.t.JMeterThread: Thread finished: E2E Spike 1-171
2026-08-30 09:54:23,553 INFO o.a.j.t.JMeterThread: Thread finished: E2E Spike 1-104
2026-08-30 09:54:23,562 INFO o.a.j.t.JMeterThread: Thread finished: E2E Spike 1-164
2026-08-30 09:54:23,562 INFO o.a.j.t.JMeterThread: Thread finished: E2E Spike 1-197
2026-08-30 09:54:23,567 INFO o.a.j.t.JMeterThread: Thread finished: E2E Spike 1-19
2026-08-30 09:54:23,569 INFO o.a.j.t.JMeterThread: Thread finished: E2E Spike 1-25
2026-08-30 09:54:23,569 INFO o.a.j.t.JMeterThread: Thread finished: E2E Spike 1-71
2026-08-30 09:54:23,579 INFO o.a.j.t.JMeterThread: Thread finished: E2E Spike 1-76
2026-08-30 09:54:23,593 INFO o.a.j.t.JMeterThread: Thread finished: E2E Spike 1-49
2026-08-30 09:54:23,595 INFO o.a.j.t.JMeterThread: Thread finished: E2E Spike 1-131
2026-08-30 09:54:23,596 INFO o.a.j.t.JMeterThread: Thread finished: E2E Spike 1-1
2026-08-30 09:54:23,609 INFO o.a.j.t.JMeterThread: Thread finished: E2E Spike 1-147
2026-08-30 09:54:23,609 INFO o.a.j.t.JMeterThread: Thread finished: E2E Spike 1-59
2026-08-30 09:54:23,610 INFO o.a.j.t.JMeterThread: Thread finished: E2E Spike 1-162
2026-08-30 09:54:23,610 INFO o.a.j.t.JMeterThread: Thread finished: E2E Spike 1-95
2026-08-30 09:54:23,624 INFO o.a.j.t.JMeterThread: Thread finished: E2E Spike 1-72
2026-08-30 09:54:23,628 INFO o.a.j.t.JMeterThread: Thread finished: E2E Spike 1-55
2026-08-30 09:54:23,628 INFO o.a.j.t.JMeterThread: Thread finished: E2E Spike 1-107
2026-08-30 09:54:23,629 INFO o.a.j.t.JMeterThread: Thread finished: E2E Spike 1-93
2026-08-30 09:54:23,630 INFO o.a.j.t.JMeterThread: Thread finished: E2E Spike 1-194
2026-08-30 09:54:23,639 INFO o.a.j.t.JMeterThread: Thread finished: E2E Spike 1-50
2026-08-30 09:54:23,639 INFO o.a.j.t.JMeterThread: Thread finished: E2E Spike 1-65
2026-08-30 09:54:23,642 INFO o.a.j.t.JMeterThread: Thread finished: E2E Spike 1-98
2026-08-30 09:54:23,642 INFO o.a.j.t.JMeterThread: Thread finished: E2E Spike 1-31
2026-08-30 09:54:23,642 INFO o.a.j.t.JMeterThread: Thread finished: E2E Spike 1-180
2026-08-30 09:54:23,643 INFO o.a.j.t.JMeterThread: Thread finished: E2E Spike 1-179
2026-08-30 09:54:23,643 INFO o.a.j.t.JMeterThread: Thread finished: E2E Spike 1-17
2026-08-30 09:54:23,654 INFO o.a.j.t.JMeterThread: Thread finished: E2E Spike 1-40
2026-08-30 09:54:23,654 INFO o.a.j.t.JMeterThread: Thread finished: E2E Spike 1-177
2026-08-30 09:54:23,668 INFO o.a.j.t.JMeterThread: Thread finished: E2E Spike 1-41
2026-08-30 09:54:23,669 INFO o.a.j.t.JMeterThread: Thread finished: E2E Spike 1-34
2026-08-30 09:54:23,686 INFO o.a.j.t.JMeterThread: Thread finished: E2E Spike 1-163
2026-08-30 09:54:23,686 INFO o.a.j.t.JMeterThread: Thread finished: E2E Spike 1-91
2026-08-30 09:54:23,689 INFO o.a.j.t.JMeterThread: Thread finished: E2E Spike 1-92
2026-08-30 09:54:23,689 INFO o.a.j.t.JMeterThread: Thread finished: E2E Spike 1-153
2026-08-30 09:54:23,690 INFO o.a.j.t.JMeterThread: Thread finished: E2E Spike 1-108
2026-08-30 09:54:23,691 INFO o.a.j.t.JMeterThread: Thread finished: E2E Spike 1-139
2026-08-30 09:54:23,692 INFO o.a.j.t.JMeterThread: Thread finished: E2E Spike 1-56
2026-08-30 09:54:23,702 INFO o.a.j.t.JMeterThread: Thread finished: E2E Spike 1-5
2026-08-30 09:54:23,703 INFO o.a.j.t.JMeterThread: Thread finished: E2E Spike 1-175
2026-08-30 09:54:23,722 INFO o.a.j.t.JMeterThread: Thread finished: E2E Spike 1-43
2026-08-30 09:54:23,722 INFO o.a.j.t.JMeterThread: Thread finished: E2E Spike 1-90
2026-08-30 09:54:23,722 INFO o.a.j.t.JMeterThread: Thread finished: E2E Spike 1-82
2026-08-30 09:54:23,736 INFO o.a.j.t.JMeterThread: Thread finished: E2E Spike 1-78
2026-08-30 09:54:23,741 INFO o.a.j.t.JMeterThread: Thread finished: E2E Spike 1-2
2026-08-30 09:54:23,741 INFO o.a.j.t.JMeterThread: Thread finished: E2E Spike 1-193
2026-08-30 09:54:23,742 INFO o.a.j.t.JMeterThread: Thread finished: E2E Spike 1-196
2026-08-30 09:54:23,742 INFO o.a.j.t.JMeterThread: Thread finished: E2E Spike 1-182
2026-08-30 09:54:23,750 INFO o.a.j.t.JMeterThread: Thread finished: E2E Spike 1-126
2026-08-30 09:54:23,755 INFO o.a.j.t.JMeterThread: Thread finished: E2E Spike 1-141
2026-08-30 09:54:23,755 INFO o.a.j.t.JMeterThread: Thread finished: E2E Spike 1-161
2026-08-30 09:54:23,756 INFO o.a.j.t.JMeterThread: Thread finished: E2E Spike 1-134
2026-08-30 09:54:23,766 INFO o.a.j.t.JMeterThread: Thread finished: E2E Spike 1-168
2026-08-30 09:54:23,780 INFO o.a.j.t.JMeterThread: Thread finished: E2E Spike 1-137
2026-08-30 09:54:23,813 INFO o.a.j.t.JMeterThread: Thread finished: E2E Spike 1-166
2026-08-30 09:54:23,814 INFO o.a.j.t.JMeterThread: Thread finished: E2E Spike 1-178
2026-08-30 09:54:23,830 INFO o.a.j.t.JMeterThread: Thread finished: E2E Spike 1-157
2026-08-30 09:54:23,832 INFO o.a.j.t.JMeterThread: Thread finished: E2E Spike 1-54
2026-08-30 09:54:23,832 INFO o.a.j.t.JMeterThread: Thread finished: E2E Spike 1-35
2026-08-30 09:54:23,833 INFO o.a.j.t.JMeterThread: Thread finished: E2E Spike 1-187
2026-08-30 09:54:23,835 INFO o.a.j.t.JMeterThread: Thread finished: E2E Spike 1-58
2026-08-30 09:54:23,836 INFO o.a.j.t.JMeterThread: Thread finished: E2E Spike 1-10
2026-08-30 09:54:23,849 INFO o.a.j.t.JMeterThread: Stopping because end time detected by thread: E2E Spike 1-16
2026-08-30 09:54:23,849 INFO o.a.j.t.JMeterThread: Thread finished: E2E Spike 1-16
2026-08-30 09:54:23,849 INFO o.a.j.t.JMeterThread: Thread finished: E2E Spike 1-183
2026-08-30 09:54:23,858 INFO o.a.j.t.JMeterThread: Thread finished: E2E Spike 1-109
2026-08-30 09:54:23,859 INFO o.a.j.t.JMeterThread: Thread finished: E2E Spike 1-122
2026-08-30 09:54:23,860 INFO o.a.j.t.JMeterThread: Stopping because end time detected by thread: E2E Spike 1-26
2026-08-30 09:54:23,860 INFO o.a.j.t.JMeterThread: Thread finished: E2E Spike 1-26
2026-08-30 09:54:23,861 INFO o.a.j.t.JMeterThread: Thread finished: E2E Spike 1-61
2026-08-30 09:54:23,874 INFO o.a.j.t.JMeterThread: Thread finished: E2E Spike 1-133
2026-08-30 09:54:23,876 INFO o.a.j.t.JMeterThread: Thread finished: E2E Spike 1-62
2026-08-30 09:54:23,876 INFO o.a.j.t.JMeterThread: Thread finished: E2E Spike 1-192
2026-08-30 09:54:23,876 INFO o.a.j.t.JMeterThread: Thread finished: E2E Spike 1-154
2026-08-30 09:54:23,877 INFO o.a.j.t.JMeterThread: Thread finished: E2E Spike 1-105
2026-08-30 09:54:23,889 INFO o.a.j.t.JMeterThread: Thread finished: E2E Spike 1-132
2026-08-30 09:54:23,891 INFO o.a.j.t.JMeterThread: Thread finished: E2E Spike 1-85
2026-08-30 09:54:23,891 INFO o.a.j.t.JMeterThread: Stopping because end time detected by thread: E2E Spike 1-52
2026-08-30 09:54:23,891 INFO o.a.j.t.JMeterThread: Thread finished: E2E Spike 1-52
2026-08-30 09:54:23,891 INFO o.a.j.e.StandardJMeterEngine: Notifying test listeners of end of test
2026-08-30 09:54:23,891 INFO o.a.j.s.FileServer: Close: ../data/products.csv
2026-08-30 09:54:23,891 INFO o.a.j.s.FileServer: Close: ../data/coupons.csv
2026-08-30 09:54:23,891 INFO o.a.j.s.FileServer: Close: ../data/users.csv
2026-08-30 09:54:23,893 INFO o.a.j.r.Summariser: summary +   4739 in 00:00:24 =  198.4/s Avg:     5 Min:     0 Max:    38 Err:     0 (0.00%) Active: 0 Started: 200 Finished: 200
2026-08-30 09:54:23,893 INFO o.a.j.r.Summariser: summary =  17453 in 00:01:30 =  193.7/s Avg:     4 Min:     0 Max:    38 Err:     0 (0.00%)
2026-08-30 09:54:23,893 INFO o.a.j.JMeter: Generating Dashboard
2026-08-30 09:54:23,893 INFO o.a.j.r.d.ReportGenerator: Flushing result collector before report Generation
2026-08-30 09:54:23,937 INFO o.a.j.r.p.NormalizerSampleConsumer: Using format, 'ms', to parse timeStamp field
2026-08-30 09:54:24,514 INFO o.a.j.r.p.AbstractSampleConsumer: class org.apache.jmeter.report.processor.AggregateConsumer#stopProducing(): beginDate produced 0 samples
2026-08-30 09:54:24,514 INFO o.a.j.r.p.AbstractSampleConsumer: class org.apache.jmeter.report.processor.AggregateConsumer#stopProducing(): endDate produced 0 samples
2026-08-30 09:54:24,516 INFO o.a.j.r.p.AbstractSampleConsumer: class org.apache.jmeter.report.processor.ApdexSummaryConsumer#stopProducing(): apdexSummary produced 0 samples
2026-08-30 09:54:24,516 INFO o.a.j.r.p.AbstractSampleConsumer: class org.apache.jmeter.report.processor.RequestsSummaryConsumer#stopProducing(): requestsSummary produced 0 samples
2026-08-30 09:54:24,530 INFO o.a.j.r.p.AbstractSampleConsumer: class org.apache.jmeter.report.processor.StatisticsSummaryConsumer#stopProducing(): statisticsSummary produced 0 samples
2026-08-30 09:54:24,532 INFO o.a.j.r.p.AbstractSampleConsumer: class org.apache.jmeter.report.processor.Top5ErrorsBySamplerConsumer#stopProducing(): top5ErrorsBySampler produced 0 samples
2026-08-30 09:54:24,532 INFO o.a.j.r.p.AbstractSampleConsumer: class org.apache.jmeter.report.processor.ErrorsSummaryConsumer#stopProducing(): errorsSummary produced 0 samples
2026-08-30 09:54:24,532 INFO o.a.j.r.p.AbstractSampleConsumer: class org.apache.jmeter.report.processor.graph.impl.HitsPerSecondGraphConsumer#stopProducing(): hitsPerSecond produced 0 samples
2026-08-30 09:54:24,716 INFO o.a.j.r.p.AbstractSampleConsumer: class org.apache.jmeter.report.processor.graph.impl.LatencyVSRequestGraphConsumer#stopProducing(): latencyVsRequest produced 0 samples
2026-08-30 09:54:24,718 INFO o.a.j.r.p.AbstractSampleConsumer: class org.apache.jmeter.report.processor.graph.impl.SyntheticResponseTimeDistributionGraphConsumer#stopProducing(): syntheticResponseTimeDistribution produced 0 samples
2026-08-30 09:54:24,719 INFO o.a.j.r.p.AbstractSampleConsumer: class org.apache.jmeter.report.processor.graph.impl.BytesThroughputGraphConsumer#stopProducing(): bytesThroughputOverTime produced 0 samples
2026-08-30 09:54:24,719 INFO o.a.j.r.p.AbstractSampleConsumer: class org.apache.jmeter.report.processor.graph.impl.CodesPerSecondGraphConsumer#stopProducing(): codesPerSecond produced 0 samples
2026-08-30 09:54:24,867 INFO o.a.j.r.p.AbstractSampleConsumer: class org.apache.jmeter.report.processor.graph.impl.ResponseTimeVSRequestGraphConsumer#stopProducing(): responseTimeVsRequest produced 0 samples
2026-08-30 09:54:24,869 INFO o.a.j.r.p.AbstractSampleConsumer: class org.apache.jmeter.report.processor.FilterConsumer#stopProducing(): startIntervalControlerFilter produced 122171 samples
2026-08-30 09:54:24,870 INFO o.a.j.r.p.AbstractSampleConsumer: class org.apache.jmeter.report.processor.graph.impl.TotalTPSGraphConsumer#stopProducing(): totalTPS produced 0 samples
2026-08-30 09:54:24,870 INFO o.a.j.r.p.AbstractSampleConsumer: class org.apache.jmeter.report.processor.graph.impl.ActiveThreadsGraphConsumer#stopProducing(): activeThreadsOverTime produced 0 samples
2026-08-30 09:54:24,870 INFO o.a.j.r.p.AbstractSampleConsumer: class org.apache.jmeter.report.processor.graph.impl.TimeVSThreadGraphConsumer#stopProducing(): timeVsThreads produced 0 samples
2026-08-30 09:54:24,871 INFO o.a.j.r.p.AbstractSampleConsumer: class org.apache.jmeter.report.processor.graph.impl.ResponseTimeDistributionGraphConsumer#stopProducing(): responseTimeDistribution produced 0 samples
2026-08-30 09:54:24,871 INFO o.a.j.r.p.AbstractSampleConsumer: class org.apache.jmeter.report.processor.graph.impl.TransactionsPerSecondGraphConsumer#stopProducing(): transactionsPerSecond produced 0 samples
2026-08-30 09:54:24,871 INFO o.a.j.r.p.AbstractSampleConsumer: class org.apache.jmeter.report.processor.graph.impl.ResponseTimePercentilesGraphConsumer#stopProducing(): responseTimePercentiles produced 0 samples
2026-08-30 09:54:24,873 INFO o.a.j.r.p.AbstractSampleConsumer: class org.apache.jmeter.report.processor.graph.impl.ResponseTimePercentilesOverTimeGraphConsumer#stopProducing(): responseTimePercentilesOverTime produced 0 samples
2026-08-30 09:54:24,874 INFO o.a.j.r.p.AbstractSampleConsumer: class org.apache.jmeter.report.processor.graph.impl.ResponseTimeOverTimeGraphConsumer#stopProducing(): responseTimesOverTime produced 0 samples
2026-08-30 09:54:24,875 INFO o.a.j.r.p.AbstractSampleConsumer: class org.apache.jmeter.report.processor.graph.impl.ConnectTimeOverTimeGraphConsumer#stopProducing(): connectTimeOverTime produced 0 samples
2026-08-30 09:54:24,875 INFO o.a.j.r.p.AbstractSampleConsumer: class org.apache.jmeter.report.processor.graph.impl.LatencyOverTimeGraphConsumer#stopProducing(): latenciesOverTime produced 0 samples
2026-08-30 09:54:24,875 INFO o.a.j.r.p.AbstractSampleConsumer: class org.apache.jmeter.report.processor.FilterConsumer#stopProducing(): nameFilter produced 261795 samples
2026-08-30 09:54:24,875 INFO o.a.j.r.p.AbstractSampleConsumer: class org.apache.jmeter.report.processor.FilterConsumer#stopProducing(): dateRangeFilter produced 52359 samples
2026-08-30 09:54:24,875 INFO o.a.j.r.p.AbstractSampleConsumer: class org.apache.jmeter.report.processor.NormalizerSampleConsumer#stopProducing(): normalizer produced 17453 samples
2026-08-30 09:54:24,876 INFO o.a.j.r.p.CsvFileSampleSource: produce(): 17453 samples produced in 902ms on channel 0
2026-08-30 09:54:24,876 INFO o.a.j.r.d.ReportGenerator: Exporting data using exporter:'json' of className:'org.apache.jmeter.report.dashboard.JsonExporter'
2026-08-30 09:54:24,961 INFO o.a.j.r.d.JsonExporter: Found data for consumer statisticsSummary in context
2026-08-30 09:54:24,962 INFO o.a.j.r.d.JsonExporter: Creating statistics for overall
2026-08-30 09:54:24,962 INFO o.a.j.r.d.JsonExporter: Creating statistics for other transactions
2026-08-30 09:54:24,963 INFO o.a.j.r.d.JsonExporter: Checking output folder
2026-08-30 09:54:24,963 INFO o.a.j.r.d.JsonExporter: Writing statistics JSON to D:\23127249\QA\hw5\23127249_HW05_AI_Performance_XXX\results\html-report-spike\statistics.json
2026-08-30 09:54:25,018 INFO o.a.j.r.d.ReportGenerator: Exporting data using exporter:'html' of className:'org.apache.jmeter.report.dashboard.HtmlTemplateExporter'
2026-08-30 09:54:25,022 INFO o.a.j.r.d.HtmlTemplateExporter: Will generate dashboard in folder: D:\23127249\QA\hw5\23127249_HW05_AI_Performance_XXX\results\html-report-spike
2026-08-30 09:54:25,165 INFO o.a.j.r.d.HtmlTemplateExporter: Report will be generated in: D:\23127249\QA\hw5\23127249_HW05_AI_Performance_XXX\results\html-report-spike, creating folder structure
2026-08-30 09:54:25,168 INFO o.a.j.r.d.TemplateVisitor: Copying folder from 'D:\tools\apache-jmeter-5.6.3\bin\report-template' to 'D:\23127249\QA\hw5\23127249_HW05_AI_Performance_XXX\results\html-report-spike', got message: D:\23127249\QA\hw5\23127249_HW05_AI_Performance_XXX\results\html-report-spike, found non empty folder with following content [D:\23127249\QA\hw5\23127249_HW05_AI_Performance_XXX\results\html-report-spike\statistics.json], will be ignored
2026-08-30 09:54:25,577 INFO o.a.j.JMeter: Dashboard generated
