2026-08-30 09:46:47,800 INFO o.a.j.u.JMeterUtils: Setting Locale to en_EN
2026-08-30 09:46:47,811 INFO o.a.j.JMeter: Loading user properties from: D:\tools\apache-jmeter-5.6.3\bin\user.properties
2026-08-30 09:46:47,811 INFO o.a.j.JMeter: Loading system properties from: D:\tools\apache-jmeter-5.6.3\bin\system.properties
2026-08-30 09:46:47,811 INFO o.a.j.JMeter: Setting JMeter property: THREADS=300
2026-08-30 09:46:47,811 INFO o.a.j.JMeter: Setting JMeter property: RAMP=180
2026-08-30 09:46:47,812 INFO o.a.j.JMeter: Setting JMeter property: DURATION=360
2026-08-30 09:46:47,817 INFO o.a.j.JMeter: Copyright (c) 1998-2024 The Apache Software Foundation
2026-08-30 09:46:47,818 INFO o.a.j.JMeter: Version 5.6.3
2026-08-30 09:46:47,818 INFO o.a.j.JMeter: java.version=25.0.2
2026-08-30 09:46:47,818 INFO o.a.j.JMeter: java.vm.name=Java HotSpot(TM) 64-Bit Server VM
2026-08-30 09:46:47,818 INFO o.a.j.JMeter: os.name=Windows 11
2026-08-30 09:46:47,818 INFO o.a.j.JMeter: os.arch=amd64
2026-08-30 09:46:47,818 INFO o.a.j.JMeter: os.version=10.0
2026-08-30 09:46:47,818 INFO o.a.j.JMeter: file.encoding=UTF-8
2026-08-30 09:46:47,818 INFO o.a.j.JMeter: java.awt.headless=true
2026-08-30 09:46:47,818 INFO o.a.j.JMeter: Max memory     =1073741824
2026-08-30 09:46:47,818 INFO o.a.j.JMeter: Available Processors =16
2026-08-30 09:46:47,830 INFO o.a.j.JMeter: Default Locale=English (EN)
2026-08-30 09:46:47,831 INFO o.a.j.JMeter: JMeter  Locale=English (EN)
2026-08-30 09:46:47,831 INFO o.a.j.JMeter: JMeterHome=D:\tools\apache-jmeter-5.6.3
2026-08-30 09:46:47,831 INFO o.a.j.JMeter: user.dir  =D:\23127249\QA\hw5
2026-08-30 09:46:47,831 INFO o.a.j.JMeter: PWD       =D:\23127249\QA\hw5
2026-08-30 09:46:47,837 INFO o.a.j.JMeter: IP: 100.67.19.48 Name: ThieuNagg FullName: thieunagg.tail047b9a.ts.net.
2026-08-30 09:46:47,844 INFO o.a.j.JMeter: Setting property 'jmeter.reportgenerator.outputdir' to:'D:\23127249\QA\hw5\23127249_HW05_AI_Performance_XXX\results\html-report-stress'
2026-08-30 09:46:47,846 INFO o.a.j.s.FileServer: Default base='D:\23127249\QA\hw5'
2026-08-30 09:46:47,846 INFO o.a.j.s.FileServer: Set new base='D:\23127249\QA\hw5\23127249_HW05_AI_Performance_XXX\test-plans'
2026-08-30 09:46:48,022 INFO o.a.j.s.SaveService: Testplan (JMX) version: 2.2. Testlog (JTL) version: 2.2
2026-08-30 09:46:48,035 INFO o.a.j.s.SaveService: Using SaveService properties version 5.0
2026-08-30 09:46:48,037 INFO o.a.j.s.SaveService: Using SaveService properties file encoding UTF-8
2026-08-30 09:46:48,040 INFO o.a.j.s.SaveService: Loading file: D:\23127249\QA\hw5\23127249_HW05_AI_Performance_XXX\test-plans\23127249_Stress_20260830.jmx
2026-08-30 09:46:48,078 INFO o.a.j.p.h.s.HTTPSamplerBase: Parser for text/html is org.apache.jmeter.protocol.http.parser.LagartoBasedHtmlParser
2026-08-30 09:46:48,078 INFO o.a.j.p.h.s.HTTPSamplerBase: Parser for application/xhtml+xml is org.apache.jmeter.protocol.http.parser.LagartoBasedHtmlParser
2026-08-30 09:46:48,078 INFO o.a.j.p.h.s.HTTPSamplerBase: Parser for application/xml is org.apache.jmeter.protocol.http.parser.LagartoBasedHtmlParser
2026-08-30 09:46:48,078 INFO o.a.j.p.h.s.HTTPSamplerBase: Parser for text/xml is org.apache.jmeter.protocol.http.parser.LagartoBasedHtmlParser
2026-08-30 09:46:48,078 INFO o.a.j.p.h.s.HTTPSamplerBase: Parser for text/vnd.wap.wml is org.apache.jmeter.protocol.http.parser.RegexpHTMLParser
2026-08-30 09:46:48,078 INFO o.a.j.p.h.s.HTTPSamplerBase: Parser for text/css is org.apache.jmeter.protocol.http.parser.CssParser
2026-08-30 09:46:48,106 INFO o.a.j.JMeter: Creating summariser <summary>
2026-08-30 09:46:48,108 INFO o.a.j.r.d.ReportGenerator: ReportGenerator will use for Parsing the separator: ','
2026-08-30 09:46:48,108 INFO o.a.j.r.d.ReportGenerator: Will generate report at end of test from  results file: D:\23127249\QA\hw5\23127249_HW05_AI_Performance_XXX\results\23127249_stress_20260830.jtl
2026-08-30 09:46:48,108 INFO o.a.j.r.d.ReportGenerator: Reading report generator properties from: D:\tools\apache-jmeter-5.6.3\bin\reportgenerator.properties
2026-08-30 09:46:48,109 INFO o.a.j.r.d.ReportGenerator: Merging with JMeter properties
2026-08-30 09:46:48,111 INFO o.a.j.r.c.ReportGeneratorConfiguration: Property 'jmeter.reportgenerator.temp_dir' not found, using default value 'temp' instead.
2026-08-30 09:46:48,113 INFO o.a.j.r.c.ReportGeneratorConfiguration: Property 'jmeter.reportgenerator.apdex_per_transaction' not found, using default value 'null' instead.
2026-08-30 09:46:48,113 INFO o.a.j.r.c.ReportGeneratorConfiguration: apdex_per_transaction is empty, not APDEX per transaction customization
2026-08-30 09:46:48,113 INFO o.a.j.r.c.ReportGeneratorConfiguration: Property 'jmeter.reportgenerator.sample_filter' not found, using default value 'null' instead.
2026-08-30 09:46:48,113 INFO o.a.j.r.c.ReportGeneratorConfiguration: Property 'jmeter.reportgenerator.report_title' not found, using default value 'null' instead.
2026-08-30 09:46:48,113 INFO o.a.j.r.c.ReportGeneratorConfiguration: Property 'jmeter.reportgenerator.start_date' not found, using default value 'null' instead.
2026-08-30 09:46:48,113 INFO o.a.j.r.c.ReportGeneratorConfiguration: Property 'jmeter.reportgenerator.end_date' not found, using default value 'null' instead.
2026-08-30 09:46:48,113 INFO o.a.j.r.c.ReportGeneratorConfiguration: Property 'jmeter.reportgenerator.date_format' not found, using default value 'null' instead.
2026-08-30 09:46:48,113 INFO o.a.j.r.c.ReportGeneratorConfiguration: Will use date range start date: null, end date: null
2026-08-30 09:46:48,116 INFO o.a.j.r.c.ReportGeneratorConfiguration: Property 'jmeter.reportgenerator.graph.totalTPS.exclude_controllers' not found, using default value 'false' instead.
2026-08-30 09:46:48,116 INFO o.a.j.r.c.ReportGeneratorConfiguration: Property 'jmeter.reportgenerator.graph.activeThreadsOverTime.exclude_controllers' not found, using default value 'false' instead.
2026-08-30 09:46:48,116 INFO o.a.j.r.c.ReportGeneratorConfiguration: Property 'jmeter.reportgenerator.graph.timeVsThreads.exclude_controllers' not found, using default value 'false' instead.
2026-08-30 09:46:48,116 INFO o.a.j.r.c.ReportGeneratorConfiguration: Property 'jmeter.reportgenerator.graph.responseTimeDistribution.exclude_controllers' not found, using default value 'false' instead.
2026-08-30 09:46:48,116 INFO o.a.j.r.c.ReportGeneratorConfiguration: Property 'jmeter.reportgenerator.graph.transactionsPerSecond.exclude_controllers' not found, using default value 'false' instead.
2026-08-30 09:46:48,116 INFO o.a.j.r.c.ReportGeneratorConfiguration: Property 'jmeter.reportgenerator.graph.responseTimePercentiles.exclude_controllers' not found, using default value 'false' instead.
2026-08-30 09:46:48,116 INFO o.a.j.r.c.ReportGeneratorConfiguration: Property 'jmeter.reportgenerator.graph.responseTimePercentilesOverTime.exclude_controllers' not found, using default value 'false' instead.
2026-08-30 09:46:48,116 INFO o.a.j.r.c.ReportGeneratorConfiguration: Property 'jmeter.reportgenerator.graph.responseTimesOverTime.exclude_controllers' not found, using default value 'false' instead.
2026-08-30 09:46:48,116 INFO o.a.j.r.c.ReportGeneratorConfiguration: Property 'jmeter.reportgenerator.graph.connectTimeOverTime.exclude_controllers' not found, using default value 'false' instead.
2026-08-30 09:46:48,116 INFO o.a.j.r.c.ReportGeneratorConfiguration: Property 'jmeter.reportgenerator.graph.latenciesOverTime.exclude_controllers' not found, using default value 'false' instead.
2026-08-30 09:46:48,117 INFO o.a.j.r.c.ReportGeneratorConfiguration: Property 'jmeter.reportgenerator.exporter.json.filters_only_sample_series' not found, using default value 'true' instead.
2026-08-30 09:46:48,117 INFO o.a.j.r.c.ReportGeneratorConfiguration: Property 'jmeter.reportgenerator.exporter.json.series_filter' not found, using default value '' instead.
2026-08-30 09:46:48,117 INFO o.a.j.r.c.ReportGeneratorConfiguration: Property 'jmeter.reportgenerator.exporter.json.show_controllers_only' not found, using default value 'false' instead.
2026-08-30 09:46:48,117 INFO o.a.j.r.c.ReportGeneratorConfiguration: Property 'jmeter.reportgenerator.exporter.html.filters_only_sample_series' not found, using default value 'true' instead.
2026-08-30 09:46:48,118 INFO o.a.j.r.c.ReportGeneratorConfiguration: Property 'jmeter.reportgenerator.exporter.html.series_filter' not found, using default value '' instead.
2026-08-30 09:46:48,118 INFO o.a.j.r.c.ReportGeneratorConfiguration: Property 'jmeter.reportgenerator.exporter.html.show_controllers_only' not found, using default value 'false' instead.
2026-08-30 09:46:48,127 INFO o.a.j.e.StandardJMeterEngine: Running the test!
2026-08-30 09:46:48,127 INFO o.a.j.s.SampleEvent: List of sample_variables: []
2026-08-30 09:46:48,128 INFO o.a.j.s.SampleEvent: List of sample_variables: []
2026-08-30 09:46:48,131 INFO o.a.j.e.u.CompoundVariable: Note: Function class names must contain the string: '.functions.'
2026-08-30 09:46:48,131 INFO o.a.j.e.u.CompoundVariable: Note: Function class names must not contain the string: '.gui.'
2026-08-30 09:46:48,181 INFO o.a.j.JMeter: Running test (1788058008181)
2026-08-30 09:46:48,197 INFO o.a.j.e.StandardJMeterEngine: Starting ThreadGroup: 1 : E2E Stress
2026-08-30 09:46:48,198 INFO o.a.j.e.StandardJMeterEngine: Starting 300 threads for group E2E Stress.
2026-08-30 09:46:48,198 INFO o.a.j.e.StandardJMeterEngine: Thread will continue on error
2026-08-30 09:46:48,198 INFO o.a.j.t.ThreadGroup: Starting thread group... number=1 threads=300 ramp-up=180 delayedStart=false
2026-08-30 09:46:48,291 INFO o.a.j.t.JMeterThread: Thread started: E2E Stress 1-1
2026-08-30 09:46:48,293 INFO o.a.j.s.FileServer: Stored: ../data/coupons.csv
2026-08-30 09:46:48,310 INFO o.a.j.s.FileServer: Stored: ../data/products.csv
2026-08-30 09:46:48,311 INFO o.a.j.s.FileServer: Stored: ../data/users.csv
2026-08-30 09:46:48,353 INFO o.a.j.t.ThreadGroup: Started thread group number 1
2026-08-30 09:46:48,353 INFO o.a.j.e.StandardJMeterEngine: All thread groups have been started
2026-08-30 09:46:48,890 INFO o.a.j.t.JMeterThread: Thread started: E2E Stress 1-2
2026-08-30 09:46:49,488 INFO o.a.j.t.JMeterThread: Thread started: E2E Stress 1-3
2026-08-30 09:46:50,085 INFO o.a.j.t.JMeterThread: Thread started: E2E Stress 1-4
2026-08-30 09:46:50,692 INFO o.a.j.t.JMeterThread: Thread started: E2E Stress 1-5
2026-08-30 09:46:50,894 INFO o.a.j.p.h.s.HTTPHCAbstractImpl: Local host = ThieuNagg
2026-08-30 09:46:50,900 INFO o.a.j.p.h.s.HTTPHC4Impl: HTTP request retry count = 0
2026-08-30 09:46:50,902 INFO o.a.j.s.SampleResult: Note: Sample TimeStamps are START times
2026-08-30 09:46:50,902 INFO o.a.j.s.SampleResult: sampleresult.default.encoding is set to UTF-8
2026-08-30 09:46:50,902 INFO o.a.j.s.SampleResult: sampleresult.useNanoTime=true
2026-08-30 09:46:50,902 INFO o.a.j.s.SampleResult: sampleresult.nanoThreadSleep=5000
2026-08-30 09:46:51,289 INFO o.a.j.t.JMeterThread: Thread started: E2E Stress 1-6
2026-08-30 09:46:51,881 INFO o.a.j.t.JMeterThread: Thread started: E2E Stress 1-7
2026-08-30 09:46:52,494 INFO o.a.j.t.JMeterThread: Thread started: E2E Stress 1-8
2026-08-30 09:46:53,090 INFO o.a.j.t.JMeterThread: Thread started: E2E Stress 1-9
2026-08-30 09:46:53,683 INFO o.a.j.t.JMeterThread: Thread started: E2E Stress 1-10
2026-08-30 09:46:54,278 INFO o.a.j.t.JMeterThread: Thread started: E2E Stress 1-11
2026-08-30 09:46:54,873 INFO o.a.j.t.JMeterThread: Thread started: E2E Stress 1-12
2026-08-30 09:46:55,484 INFO o.a.j.t.JMeterThread: Thread started: E2E Stress 1-13
2026-08-30 09:46:56,076 INFO o.a.j.t.JMeterThread: Thread started: E2E Stress 1-14
2026-08-30 09:46:56,669 INFO o.a.j.t.JMeterThread: Thread started: E2E Stress 1-15
2026-08-30 09:46:57,278 INFO o.a.j.t.JMeterThread: Thread started: E2E Stress 1-16
2026-08-30 09:46:57,875 INFO o.a.j.t.JMeterThread: Thread started: E2E Stress 1-17
2026-08-30 09:46:58,481 INFO o.a.j.t.JMeterThread: Thread started: E2E Stress 1-18
2026-08-30 09:46:59,072 INFO o.a.j.t.JMeterThread: Thread started: E2E Stress 1-19
2026-08-30 09:46:59,684 INFO o.a.j.t.JMeterThread: Thread started: E2E Stress 1-20
2026-08-30 09:47:00,109 INFO o.a.j.r.Summariser: summary +     38 in 00:00:12 =    3.2/s Avg:     4 Min:     1 Max:    32 Err:     0 (0.00%) Active: 20 Started: 20 Finished: 0
2026-08-30 09:47:00,281 INFO o.a.j.t.JMeterThread: Thread started: E2E Stress 1-21
2026-08-30 09:47:00,874 INFO o.a.j.t.JMeterThread: Thread started: E2E Stress 1-22
2026-08-30 09:47:01,481 INFO o.a.j.t.JMeterThread: Thread started: E2E Stress 1-23
2026-08-30 09:47:02,068 INFO o.a.j.t.JMeterThread: Thread started: E2E Stress 1-24
2026-08-30 09:47:02,665 INFO o.a.j.t.JMeterThread: Thread started: E2E Stress 1-25
2026-08-30 09:47:03,276 INFO o.a.j.t.JMeterThread: Thread started: E2E Stress 1-26
2026-08-30 09:47:03,875 INFO o.a.j.t.JMeterThread: Thread started: E2E Stress 1-27
2026-08-30 09:47:04,469 INFO o.a.j.t.JMeterThread: Thread started: E2E Stress 1-28
2026-08-30 09:47:05,068 INFO o.a.j.t.JMeterThread: Thread started: E2E Stress 1-29
2026-08-30 09:47:05,675 INFO o.a.j.t.JMeterThread: Thread started: E2E Stress 1-30
2026-08-30 09:47:05,935 INFO o.a.j.u.JsseSSLManager: Using default SSL protocol: TLS
2026-08-30 09:47:05,935 INFO o.a.j.u.JsseSSLManager: SSL session context: per-thread
2026-08-30 09:47:06,275 INFO o.a.j.t.JMeterThread: Thread started: E2E Stress 1-31
2026-08-30 09:47:06,871 INFO o.a.j.t.JMeterThread: Thread started: E2E Stress 1-32
2026-08-30 09:47:07,464 INFO o.a.j.t.JMeterThread: Thread started: E2E Stress 1-33
2026-08-30 09:47:08,063 INFO o.a.j.t.JMeterThread: Thread started: E2E Stress 1-34
2026-08-30 09:47:08,661 INFO o.a.j.t.JMeterThread: Thread started: E2E Stress 1-35
2026-08-30 09:47:09,259 INFO o.a.j.t.JMeterThread: Thread started: E2E Stress 1-36
2026-08-30 09:47:09,866 INFO o.a.j.t.JMeterThread: Thread started: E2E Stress 1-37
2026-08-30 09:47:10,460 INFO o.a.j.t.JMeterThread: Thread started: E2E Stress 1-38
2026-08-30 09:47:11,072 INFO o.a.j.t.JMeterThread: Thread started: E2E Stress 1-39
2026-08-30 09:47:11,669 INFO o.a.j.t.JMeterThread: Thread started: E2E Stress 1-40
2026-08-30 09:47:12,263 INFO o.a.j.t.JMeterThread: Thread started: E2E Stress 1-41
2026-08-30 09:47:12,862 INFO o.a.j.t.JMeterThread: Thread started: E2E Stress 1-42
2026-08-30 09:47:13,458 INFO o.a.j.t.JMeterThread: Thread started: E2E Stress 1-43
2026-08-30 09:47:14,055 INFO o.a.j.t.JMeterThread: Thread started: E2E Stress 1-44
2026-08-30 09:47:14,652 INFO o.a.j.t.JMeterThread: Thread started: E2E Stress 1-45
2026-08-30 09:47:15,263 INFO o.a.j.t.JMeterThread: Thread started: E2E Stress 1-46
2026-08-30 09:47:15,857 INFO o.a.j.t.JMeterThread: Thread started: E2E Stress 1-47
2026-08-30 09:47:16,450 INFO o.a.j.t.JMeterThread: Thread started: E2E Stress 1-48
2026-08-30 09:47:17,066 INFO o.a.j.t.JMeterThread: Thread started: E2E Stress 1-49
2026-08-30 09:47:17,655 INFO o.a.j.t.JMeterThread: Thread started: E2E Stress 1-50
2026-08-30 09:47:18,252 INFO o.a.j.t.JMeterThread: Thread started: E2E Stress 1-51
2026-08-30 09:47:18,850 INFO o.a.j.t.JMeterThread: Thread started: E2E Stress 1-52
2026-08-30 09:47:19,463 INFO o.a.j.t.JMeterThread: Thread started: E2E Stress 1-53
2026-08-30 09:47:20,061 INFO o.a.j.t.JMeterThread: Thread started: E2E Stress 1-54
2026-08-30 09:47:20,657 INFO o.a.j.t.JMeterThread: Thread started: E2E Stress 1-55
2026-08-30 09:47:21,257 INFO o.a.j.t.JMeterThread: Thread started: E2E Stress 1-56
2026-08-30 09:47:21,857 INFO o.a.j.t.JMeterThread: Thread started: E2E Stress 1-57
2026-08-30 09:47:22,455 INFO o.a.j.t.JMeterThread: Thread started: E2E Stress 1-58
2026-08-30 09:47:23,054 INFO o.a.j.t.JMeterThread: Thread started: E2E Stress 1-59
2026-08-30 09:47:23,650 INFO o.a.j.t.JMeterThread: Thread started: E2E Stress 1-60
2026-08-30 09:47:24,249 INFO o.a.j.t.JMeterThread: Thread started: E2E Stress 1-61
2026-08-30 09:47:24,848 INFO o.a.j.t.JMeterThread: Thread started: E2E Stress 1-62
2026-08-30 09:47:25,447 INFO o.a.j.t.JMeterThread: Thread started: E2E Stress 1-63
2026-08-30 09:47:26,047 INFO o.a.j.t.JMeterThread: Thread started: E2E Stress 1-64
2026-08-30 09:47:26,644 INFO o.a.j.t.JMeterThread: Thread started: E2E Stress 1-65
2026-08-30 09:47:27,244 INFO o.a.j.t.JMeterThread: Thread started: E2E Stress 1-66
2026-08-30 09:47:27,838 INFO o.a.j.t.JMeterThread: Thread started: E2E Stress 1-67
2026-08-30 09:47:28,435 INFO o.a.j.t.JMeterThread: Thread started: E2E Stress 1-68
2026-08-30 09:47:29,034 INFO o.a.j.t.JMeterThread: Thread started: E2E Stress 1-69
2026-08-30 09:47:29,633 INFO o.a.j.t.JMeterThread: Thread started: E2E Stress 1-70
2026-08-30 09:47:30,012 INFO o.a.j.r.Summariser: summary +    519 in 00:00:30 =   17.4/s Avg:     3 Min:     0 Max:    20 Err:     0 (0.00%) Active: 70 Started: 70 Finished: 0
2026-08-30 09:47:30,013 INFO o.a.j.r.Summariser: summary =    557 in 00:00:42 =   13.3/s Avg:     3 Min:     0 Max:    32 Err:     0 (0.00%)
2026-08-30 09:47:30,233 INFO o.a.j.t.JMeterThread: Thread started: E2E Stress 1-71
2026-08-30 09:47:30,832 INFO o.a.j.t.JMeterThread: Thread started: E2E Stress 1-72
2026-08-30 09:47:31,442 INFO o.a.j.t.JMeterThread: Thread started: E2E Stress 1-73
2026-08-30 09:47:32,022 INFO o.a.j.t.JMeterThread: Thread started: E2E Stress 1-74
2026-08-30 09:47:32,636 INFO o.a.j.t.JMeterThread: Thread started: E2E Stress 1-75
2026-08-30 09:47:33,219 INFO o.a.j.t.JMeterThread: Thread started: E2E Stress 1-76
2026-08-30 09:47:33,833 INFO o.a.j.t.JMeterThread: Thread started: E2E Stress 1-77
2026-08-30 09:47:34,431 INFO o.a.j.t.JMeterThread: Thread started: E2E Stress 1-78
2026-08-30 09:47:35,030 INFO o.a.j.t.JMeterThread: Thread started: E2E Stress 1-79
2026-08-30 09:47:35,628 INFO o.a.j.t.JMeterThread: Thread started: E2E Stress 1-80
2026-08-30 09:47:36,223 INFO o.a.j.t.JMeterThread: Thread started: E2E Stress 1-81
2026-08-30 09:47:36,818 INFO o.a.j.t.JMeterThread: Thread started: E2E Stress 1-82
2026-08-30 09:47:37,418 INFO o.a.j.t.JMeterThread: Thread started: E2E Stress 1-83
2026-08-30 09:47:38,029 INFO o.a.j.t.JMeterThread: Thread started: E2E Stress 1-84
2026-08-30 09:47:38,627 INFO o.a.j.t.JMeterThread: Thread started: E2E Stress 1-85
2026-08-30 09:47:39,223 INFO o.a.j.t.JMeterThread: Thread started: E2E Stress 1-86
2026-08-30 09:47:39,821 INFO o.a.j.t.JMeterThread: Thread started: E2E Stress 1-87
2026-08-30 09:47:40,422 INFO o.a.j.t.JMeterThread: Thread started: E2E Stress 1-88
2026-08-30 09:47:41,024 INFO o.a.j.t.JMeterThread: Thread started: E2E Stress 1-89
2026-08-30 09:47:41,623 INFO o.a.j.t.JMeterThread: Thread started: E2E Stress 1-90
2026-08-30 09:47:42,227 INFO o.a.j.t.JMeterThread: Thread started: E2E Stress 1-91
2026-08-30 09:47:42,827 INFO o.a.j.t.JMeterThread: Thread started: E2E Stress 1-92
2026-08-30 09:47:43,429 INFO o.a.j.t.JMeterThread: Thread started: E2E Stress 1-93
2026-08-30 09:47:44,029 INFO o.a.j.t.JMeterThread: Thread started: E2E Stress 1-94
2026-08-30 09:47:44,615 INFO o.a.j.t.JMeterThread: Thread started: E2E Stress 1-95
2026-08-30 09:47:45,219 INFO o.a.j.t.JMeterThread: Thread started: E2E Stress 1-96
2026-08-30 09:47:45,817 INFO o.a.j.t.JMeterThread: Thread started: E2E Stress 1-97
2026-08-30 09:47:46,416 INFO o.a.j.t.JMeterThread: Thread started: E2E Stress 1-98
2026-08-30 09:47:47,016 INFO o.a.j.t.JMeterThread: Thread started: E2E Stress 1-99
2026-08-30 09:47:47,614 INFO o.a.j.t.JMeterThread: Thread started: E2E Stress 1-100
2026-08-30 09:47:48,216 INFO o.a.j.t.JMeterThread: Thread started: E2E Stress 1-101
2026-08-30 09:47:48,814 INFO o.a.j.t.JMeterThread: Thread started: E2E Stress 1-102
2026-08-30 09:47:49,415 INFO o.a.j.t.JMeterThread: Thread started: E2E Stress 1-103
2026-08-30 09:47:50,013 INFO o.a.j.t.JMeterThread: Thread started: E2E Stress 1-104
2026-08-30 09:47:50,613 INFO o.a.j.t.JMeterThread: Thread started: E2E Stress 1-105
2026-08-30 09:47:51,213 INFO o.a.j.t.JMeterThread: Thread started: E2E Stress 1-106
2026-08-30 09:47:51,813 INFO o.a.j.t.JMeterThread: Thread started: E2E Stress 1-107
2026-08-30 09:47:52,409 INFO o.a.j.t.JMeterThread: Thread started: E2E Stress 1-108
2026-08-30 09:47:53,011 INFO o.a.j.t.JMeterThread: Thread started: E2E Stress 1-109
2026-08-30 09:47:53,613 INFO o.a.j.t.JMeterThread: Thread started: E2E Stress 1-110
2026-08-30 09:47:54,208 INFO o.a.j.t.JMeterThread: Thread started: E2E Stress 1-111
2026-08-30 09:47:54,808 INFO o.a.j.t.JMeterThread: Thread started: E2E Stress 1-112
2026-08-30 09:47:55,403 INFO o.a.j.t.JMeterThread: Thread started: E2E Stress 1-113
2026-08-30 09:47:56,002 INFO o.a.j.t.JMeterThread: Thread started: E2E Stress 1-114
2026-08-30 09:47:56,603 INFO o.a.j.t.JMeterThread: Thread started: E2E Stress 1-115
2026-08-30 09:47:57,201 INFO o.a.j.t.JMeterThread: Thread started: E2E Stress 1-116
2026-08-30 09:47:57,803 INFO o.a.j.t.JMeterThread: Thread started: E2E Stress 1-117
2026-08-30 09:47:58,406 INFO o.a.j.t.JMeterThread: Thread started: E2E Stress 1-118
2026-08-30 09:47:59,007 INFO o.a.j.t.JMeterThread: Thread started: E2E Stress 1-119
2026-08-30 09:47:59,607 INFO o.a.j.t.JMeterThread: Thread started: E2E Stress 1-120
2026-08-30 09:48:00,018 INFO o.a.j.r.Summariser: summary +   1127 in 00:00:30 =   37.6/s Avg:     2 Min:     0 Max:    15 Err:     0 (0.00%) Active: 120 Started: 120 Finished: 0
2026-08-30 09:48:00,018 INFO o.a.j.r.Summariser: summary =   1684 in 00:01:12 =   23.4/s Avg:     2 Min:     0 Max:    32 Err:     0 (0.00%)
2026-08-30 09:48:00,210 INFO o.a.j.t.JMeterThread: Thread started: E2E Stress 1-121
2026-08-30 09:48:00,807 INFO o.a.j.t.JMeterThread: Thread started: E2E Stress 1-122
2026-08-30 09:48:01,407 INFO o.a.j.t.JMeterThread: Thread started: E2E Stress 1-123
2026-08-30 09:48:02,008 INFO o.a.j.t.JMeterThread: Thread started: E2E Stress 1-124
2026-08-30 09:48:02,606 INFO o.a.j.t.JMeterThread: Thread started: E2E Stress 1-125
2026-08-30 09:48:03,207 INFO o.a.j.t.JMeterThread: Thread started: E2E Stress 1-126
2026-08-30 09:48:03,808 INFO o.a.j.t.JMeterThread: Thread started: E2E Stress 1-127
2026-08-30 09:48:04,405 INFO o.a.j.t.JMeterThread: Thread started: E2E Stress 1-128
2026-08-30 09:48:05,005 INFO o.a.j.t.JMeterThread: Thread started: E2E Stress 1-129
2026-08-30 09:48:05,604 INFO o.a.j.t.JMeterThread: Thread started: E2E Stress 1-130
2026-08-30 09:48:06,204 INFO o.a.j.t.JMeterThread: Thread started: E2E Stress 1-131
2026-08-30 09:48:06,803 INFO o.a.j.t.JMeterThread: Thread started: E2E Stress 1-132
2026-08-30 09:48:07,403 INFO o.a.j.t.JMeterThread: Thread started: E2E Stress 1-133
2026-08-30 09:48:08,001 INFO o.a.j.t.JMeterThread: Thread started: E2E Stress 1-134
2026-08-30 09:48:08,604 INFO o.a.j.t.JMeterThread: Thread started: E2E Stress 1-135
2026-08-30 09:48:09,203 INFO o.a.j.t.JMeterThread: Thread started: E2E Stress 1-136
2026-08-30 09:48:09,804 INFO o.a.j.t.JMeterThread: Thread started: E2E Stress 1-137
2026-08-30 09:48:10,403 INFO o.a.j.t.JMeterThread: Thread started: E2E Stress 1-138
2026-08-30 09:48:11,000 INFO o.a.j.t.JMeterThread: Thread started: E2E Stress 1-139
2026-08-30 09:48:11,602 INFO o.a.j.t.JMeterThread: Thread started: E2E Stress 1-140
2026-08-30 09:48:12,200 INFO o.a.j.t.JMeterThread: Thread started: E2E Stress 1-141
2026-08-30 09:48:12,800 INFO o.a.j.t.JMeterThread: Thread started: E2E Stress 1-142
2026-08-30 09:48:13,400 INFO o.a.j.t.JMeterThread: Thread started: E2E Stress 1-143
2026-08-30 09:48:14,000 INFO o.a.j.t.JMeterThread: Thread started: E2E Stress 1-144
2026-08-30 09:48:14,600 INFO o.a.j.t.JMeterThread: Thread started: E2E Stress 1-145
2026-08-30 09:48:15,199 INFO o.a.j.t.JMeterThread: Thread started: E2E Stress 1-146
2026-08-30 09:48:15,799 INFO o.a.j.t.JMeterThread: Thread started: E2E Stress 1-147
2026-08-30 09:48:16,399 INFO o.a.j.t.JMeterThread: Thread started: E2E Stress 1-148
2026-08-30 09:48:17,000 INFO o.a.j.t.JMeterThread: Thread started: E2E Stress 1-149
2026-08-30 09:48:17,599 INFO o.a.j.t.JMeterThread: Thread started: E2E Stress 1-150
2026-08-30 09:48:18,199 INFO o.a.j.t.JMeterThread: Thread started: E2E Stress 1-151
2026-08-30 09:48:18,800 INFO o.a.j.t.JMeterThread: Thread started: E2E Stress 1-152
2026-08-30 09:48:19,399 INFO o.a.j.t.JMeterThread: Thread started: E2E Stress 1-153
2026-08-30 09:48:19,999 INFO o.a.j.t.JMeterThread: Thread started: E2E Stress 1-154
2026-08-30 09:48:20,599 INFO o.a.j.t.JMeterThread: Thread started: E2E Stress 1-155
2026-08-30 09:48:21,198 INFO o.a.j.t.JMeterThread: Thread started: E2E Stress 1-156
2026-08-30 09:48:21,800 INFO o.a.j.t.JMeterThread: Thread started: E2E Stress 1-157
2026-08-30 09:48:22,400 INFO o.a.j.t.JMeterThread: Thread started: E2E Stress 1-158
2026-08-30 09:48:22,999 INFO o.a.j.t.JMeterThread: Thread started: E2E Stress 1-159
2026-08-30 09:48:23,599 INFO o.a.j.t.JMeterThread: Thread started: E2E Stress 1-160
2026-08-30 09:48:24,200 INFO o.a.j.t.JMeterThread: Thread started: E2E Stress 1-161
2026-08-30 09:48:24,800 INFO o.a.j.t.JMeterThread: Thread started: E2E Stress 1-162
2026-08-30 09:48:25,400 INFO o.a.j.t.JMeterThread: Thread started: E2E Stress 1-163
2026-08-30 09:48:25,999 INFO o.a.j.t.JMeterThread: Thread started: E2E Stress 1-164
2026-08-30 09:48:26,600 INFO o.a.j.t.JMeterThread: Thread started: E2E Stress 1-165
2026-08-30 09:48:27,201 INFO o.a.j.t.JMeterThread: Thread started: E2E Stress 1-166
2026-08-30 09:48:27,801 INFO o.a.j.t.JMeterThread: Thread started: E2E Stress 1-167
2026-08-30 09:48:28,399 INFO o.a.j.t.JMeterThread: Thread started: E2E Stress 1-168
2026-08-30 09:48:28,999 INFO o.a.j.t.JMeterThread: Thread started: E2E Stress 1-169
2026-08-30 09:48:29,599 INFO o.a.j.t.JMeterThread: Thread started: E2E Stress 1-170
2026-08-30 09:48:30,011 INFO o.a.j.r.Summariser: summary +   1712 in 00:00:30 =   57.1/s Avg:     1 Min:     0 Max:    10 Err:     0 (0.00%) Active: 170 Started: 170 Finished: 0
2026-08-30 09:48:30,011 INFO o.a.j.r.Summariser: summary =   3396 in 00:01:42 =   33.3/s Avg:     2 Min:     0 Max:    32 Err:     0 (0.00%)
2026-08-30 09:48:30,200 INFO o.a.j.t.JMeterThread: Thread started: E2E Stress 1-171
2026-08-30 09:48:30,800 INFO o.a.j.t.JMeterThread: Thread started: E2E Stress 1-172
2026-08-30 09:48:31,400 INFO o.a.j.t.JMeterThread: Thread started: E2E Stress 1-173
2026-08-30 09:48:31,999 INFO o.a.j.t.JMeterThread: Thread started: E2E Stress 1-174
2026-08-30 09:48:32,600 INFO o.a.j.t.JMeterThread: Thread started: E2E Stress 1-175
2026-08-30 09:48:33,199 INFO o.a.j.t.JMeterThread: Thread started: E2E Stress 1-176
2026-08-30 09:48:33,799 INFO o.a.j.t.JMeterThread: Thread started: E2E Stress 1-177
2026-08-30 09:48:34,400 INFO o.a.j.t.JMeterThread: Thread started: E2E Stress 1-178
2026-08-30 09:48:35,000 INFO o.a.j.t.JMeterThread: Thread started: E2E Stress 1-179
2026-08-30 09:48:35,600 INFO o.a.j.t.JMeterThread: Thread started: E2E Stress 1-180
2026-08-30 09:48:36,200 INFO o.a.j.t.JMeterThread: Thread started: E2E Stress 1-181
2026-08-30 09:48:36,801 INFO o.a.j.t.JMeterThread: Thread started: E2E Stress 1-182
2026-08-30 09:48:37,399 INFO o.a.j.t.JMeterThread: Thread started: E2E Stress 1-183
2026-08-30 09:48:38,000 INFO o.a.j.t.JMeterThread: Thread started: E2E Stress 1-184
2026-08-30 09:48:38,599 INFO o.a.j.t.JMeterThread: Thread started: E2E Stress 1-185
2026-08-30 09:48:39,199 INFO o.a.j.t.JMeterThread: Thread started: E2E Stress 1-186
2026-08-30 09:48:39,800 INFO o.a.j.t.JMeterThread: Thread started: E2E Stress 1-187
2026-08-30 09:48:40,399 INFO o.a.j.t.JMeterThread: Thread started: E2E Stress 1-188
2026-08-30 09:48:40,999 INFO o.a.j.t.JMeterThread: Thread started: E2E Stress 1-189
2026-08-30 09:48:41,600 INFO o.a.j.t.JMeterThread: Thread started: E2E Stress 1-190
2026-08-30 09:48:42,201 INFO o.a.j.t.JMeterThread: Thread started: E2E Stress 1-191
2026-08-30 09:48:42,799 INFO o.a.j.t.JMeterThread: Thread started: E2E Stress 1-192
2026-08-30 09:48:43,399 INFO o.a.j.t.JMeterThread: Thread started: E2E Stress 1-193
2026-08-30 09:48:43,999 INFO o.a.j.t.JMeterThread: Thread started: E2E Stress 1-194
2026-08-30 09:48:44,598 INFO o.a.j.t.JMeterThread: Thread started: E2E Stress 1-195
2026-08-30 09:48:45,200 INFO o.a.j.t.JMeterThread: Thread started: E2E Stress 1-196
2026-08-30 09:48:45,800 INFO o.a.j.t.JMeterThread: Thread started: E2E Stress 1-197
2026-08-30 09:48:46,400 INFO o.a.j.t.JMeterThread: Thread started: E2E Stress 1-198
2026-08-30 09:48:46,999 INFO o.a.j.t.JMeterThread: Thread started: E2E Stress 1-199
2026-08-30 09:48:47,600 INFO o.a.j.t.JMeterThread: Thread started: E2E Stress 1-200
2026-08-30 09:48:48,199 INFO o.a.j.t.JMeterThread: Thread started: E2E Stress 1-201
2026-08-30 09:48:48,800 INFO o.a.j.t.JMeterThread: Thread started: E2E Stress 1-202
2026-08-30 09:48:49,400 INFO o.a.j.t.JMeterThread: Thread started: E2E Stress 1-203
2026-08-30 09:48:49,998 INFO o.a.j.t.JMeterThread: Thread started: E2E Stress 1-204
2026-08-30 09:48:50,600 INFO o.a.j.t.JMeterThread: Thread started: E2E Stress 1-205
2026-08-30 09:48:51,200 INFO o.a.j.t.JMeterThread: Thread started: E2E Stress 1-206
2026-08-30 09:48:51,798 INFO o.a.j.t.JMeterThread: Thread started: E2E Stress 1-207
2026-08-30 09:48:52,399 INFO o.a.j.t.JMeterThread: Thread started: E2E Stress 1-208
2026-08-30 09:48:53,000 INFO o.a.j.t.JMeterThread: Thread started: E2E Stress 1-209
2026-08-30 09:48:53,600 INFO o.a.j.t.JMeterThread: Thread started: E2E Stress 1-210
2026-08-30 09:48:54,200 INFO o.a.j.t.JMeterThread: Thread started: E2E Stress 1-211
2026-08-30 09:48:54,800 INFO o.a.j.t.JMeterThread: Thread started: E2E Stress 1-212
2026-08-30 09:48:55,399 INFO o.a.j.t.JMeterThread: Thread started: E2E Stress 1-213
2026-08-30 09:48:56,015 INFO o.a.j.t.JMeterThread: Thread started: E2E Stress 1-214
2026-08-30 09:48:56,607 INFO o.a.j.t.JMeterThread: Thread started: E2E Stress 1-215
2026-08-30 09:48:57,204 INFO o.a.j.t.JMeterThread: Thread started: E2E Stress 1-216
2026-08-30 09:48:57,812 INFO o.a.j.t.JMeterThread: Thread started: E2E Stress 1-217
2026-08-30 09:48:58,407 INFO o.a.j.t.JMeterThread: Thread started: E2E Stress 1-218
2026-08-30 09:48:59,008 INFO o.a.j.t.JMeterThread: Thread started: E2E Stress 1-219
2026-08-30 09:48:59,604 INFO o.a.j.t.JMeterThread: Thread started: E2E Stress 1-220
2026-08-30 09:49:00,009 INFO o.a.j.r.Summariser: summary +   2317 in 00:00:30 =   77.2/s Avg:     1 Min:     0 Max:    17 Err:     0 (0.00%) Active: 220 Started: 220 Finished: 0
2026-08-30 09:49:00,010 INFO o.a.j.r.Summariser: summary =   5713 in 00:02:12 =   43.3/s Avg:     2 Min:     0 Max:    32 Err:     0 (0.00%)
2026-08-30 09:49:00,214 INFO o.a.j.t.JMeterThread: Thread started: E2E Stress 1-221
2026-08-30 09:49:00,808 INFO o.a.j.t.JMeterThread: Thread started: E2E Stress 1-222
2026-08-30 09:49:01,406 INFO o.a.j.t.JMeterThread: Thread started: E2E Stress 1-223
2026-08-30 09:49:02,004 INFO o.a.j.t.JMeterThread: Thread started: E2E Stress 1-224
2026-08-30 09:49:02,613 INFO o.a.j.t.JMeterThread: Thread started: E2E Stress 1-225
2026-08-30 09:49:03,205 INFO o.a.j.t.JMeterThread: Thread started: E2E Stress 1-226
2026-08-30 09:49:03,800 INFO o.a.j.t.JMeterThread: Thread started: E2E Stress 1-227
2026-08-30 09:49:04,408 INFO o.a.j.t.JMeterThread: Thread started: E2E Stress 1-228
2026-08-30 09:49:05,001 INFO o.a.j.t.JMeterThread: Thread started: E2E Stress 1-229
2026-08-30 09:49:05,610 INFO o.a.j.t.JMeterThread: Thread started: E2E Stress 1-230
2026-08-30 09:49:06,206 INFO o.a.j.t.JMeterThread: Thread started: E2E Stress 1-231
2026-08-30 09:49:06,800 INFO o.a.j.t.JMeterThread: Thread started: E2E Stress 1-232
2026-08-30 09:49:07,413 INFO o.a.j.t.JMeterThread: Thread started: E2E Stress 1-233
2026-08-30 09:49:08,006 INFO o.a.j.t.JMeterThread: Thread started: E2E Stress 1-234
2026-08-30 09:49:08,604 INFO o.a.j.t.JMeterThread: Thread started: E2E Stress 1-235
2026-08-30 09:49:09,213 INFO o.a.j.t.JMeterThread: Thread started: E2E Stress 1-236
2026-08-30 09:49:09,804 INFO o.a.j.t.JMeterThread: Thread started: E2E Stress 1-237
2026-08-30 09:49:10,401 INFO o.a.j.t.JMeterThread: Thread started: E2E Stress 1-238
2026-08-30 09:49:11,012 INFO o.a.j.t.JMeterThread: Thread started: E2E Stress 1-239
2026-08-30 09:49:11,602 INFO o.a.j.t.JMeterThread: Thread started: E2E Stress 1-240
2026-08-30 09:49:12,201 INFO o.a.j.t.JMeterThread: Thread started: E2E Stress 1-241
2026-08-30 09:49:12,809 INFO o.a.j.t.JMeterThread: Thread started: E2E Stress 1-242
2026-08-30 09:49:13,402 INFO o.a.j.t.JMeterThread: Thread started: E2E Stress 1-243
2026-08-30 09:49:14,007 INFO o.a.j.t.JMeterThread: Thread started: E2E Stress 1-244
2026-08-30 09:49:14,604 INFO o.a.j.t.JMeterThread: Thread started: E2E Stress 1-245
2026-08-30 09:49:15,214 INFO o.a.j.t.JMeterThread: Thread started: E2E Stress 1-246
2026-08-30 09:49:15,814 INFO o.a.j.t.JMeterThread: Thread started: E2E Stress 1-247
2026-08-30 09:49:16,409 INFO o.a.j.t.JMeterThread: Thread started: E2E Stress 1-248
2026-08-30 09:49:17,004 INFO o.a.j.t.JMeterThread: Thread started: E2E Stress 1-249
2026-08-30 09:49:17,600 INFO o.a.j.t.JMeterThread: Thread started: E2E Stress 1-250
2026-08-30 09:49:18,212 INFO o.a.j.t.JMeterThread: Thread started: E2E Stress 1-251
2026-08-30 09:49:18,806 INFO o.a.j.t.JMeterThread: Thread started: E2E Stress 1-252
2026-08-30 09:49:19,401 INFO o.a.j.t.JMeterThread: Thread started: E2E Stress 1-253
2026-08-30 09:49:20,007 INFO o.a.j.t.JMeterThread: Thread started: E2E Stress 1-254
2026-08-30 09:49:20,604 INFO o.a.j.t.JMeterThread: Thread started: E2E Stress 1-255
2026-08-30 09:49:21,202 INFO o.a.j.t.JMeterThread: Thread started: E2E Stress 1-256
2026-08-30 09:49:21,811 INFO o.a.j.t.JMeterThread: Thread started: E2E Stress 1-257
2026-08-30 09:49:22,404 INFO o.a.j.t.JMeterThread: Thread started: E2E Stress 1-258
2026-08-30 09:49:23,001 INFO o.a.j.t.JMeterThread: Thread started: E2E Stress 1-259
2026-08-30 09:49:23,612 INFO o.a.j.t.JMeterThread: Thread started: E2E Stress 1-260
2026-08-30 09:49:24,211 INFO o.a.j.t.JMeterThread: Thread started: E2E Stress 1-261
2026-08-30 09:49:24,806 INFO o.a.j.t.JMeterThread: Thread started: E2E Stress 1-262
2026-08-30 09:49:25,404 INFO o.a.j.t.JMeterThread: Thread started: E2E Stress 1-263
2026-08-30 09:49:25,998 INFO o.a.j.t.JMeterThread: Thread started: E2E Stress 1-264
2026-08-30 09:49:26,612 INFO o.a.j.t.JMeterThread: Thread started: E2E Stress 1-265
2026-08-30 09:49:27,209 INFO o.a.j.t.JMeterThread: Thread started: E2E Stress 1-266
2026-08-30 09:49:27,805 INFO o.a.j.t.JMeterThread: Thread started: E2E Stress 1-267
2026-08-30 09:49:28,415 INFO o.a.j.t.JMeterThread: Thread started: E2E Stress 1-268
2026-08-30 09:49:29,009 INFO o.a.j.t.JMeterThread: Thread started: E2E Stress 1-269
2026-08-30 09:49:29,605 INFO o.a.j.t.JMeterThread: Thread started: E2E Stress 1-270
2026-08-30 09:49:30,001 INFO o.a.j.r.Summariser: summary +   2910 in 00:00:30 =   97.0/s Avg:     4 Min:     0 Max:    67 Err:     0 (0.00%) Active: 270 Started: 270 Finished: 0
2026-08-30 09:49:30,001 INFO o.a.j.r.Summariser: summary =   8623 in 00:02:42 =   53.3/s Avg:     2 Min:     0 Max:    67 Err:     0 (0.00%)
2026-08-30 09:49:30,204 INFO o.a.j.t.JMeterThread: Thread started: E2E Stress 1-271
2026-08-30 09:49:30,801 INFO o.a.j.t.JMeterThread: Thread started: E2E Stress 1-272
2026-08-30 09:49:31,414 INFO o.a.j.t.JMeterThread: Thread started: E2E Stress 1-273
2026-08-30 09:49:32,013 INFO o.a.j.t.JMeterThread: Thread started: E2E Stress 1-274
2026-08-30 09:49:32,609 INFO o.a.j.t.JMeterThread: Thread started: E2E Stress 1-275
2026-08-30 09:49:33,208 INFO o.a.j.t.JMeterThread: Thread started: E2E Stress 1-276
2026-08-30 09:49:33,804 INFO o.a.j.t.JMeterThread: Thread started: E2E Stress 1-277
2026-08-30 09:49:34,403 INFO o.a.j.t.JMeterThread: Thread started: E2E Stress 1-278
2026-08-30 09:49:35,001 INFO o.a.j.t.JMeterThread: Thread started: E2E Stress 1-279
2026-08-30 09:49:35,610 INFO o.a.j.t.JMeterThread: Thread started: E2E Stress 1-280
2026-08-30 09:49:36,209 INFO o.a.j.t.JMeterThread: Thread started: E2E Stress 1-281
2026-08-30 09:49:36,807 INFO o.a.j.t.JMeterThread: Thread started: E2E Stress 1-282
2026-08-30 09:49:37,404 INFO o.a.j.t.JMeterThread: Thread started: E2E Stress 1-283
2026-08-30 09:49:38,012 INFO o.a.j.t.JMeterThread: Thread started: E2E Stress 1-284
2026-08-30 09:49:38,606 INFO o.a.j.t.JMeterThread: Thread started: E2E Stress 1-285
2026-08-30 09:49:39,199 INFO o.a.j.t.JMeterThread: Thread started: E2E Stress 1-286
2026-08-30 09:49:39,809 INFO o.a.j.t.JMeterThread: Thread started: E2E Stress 1-287
2026-08-30 09:49:40,407 INFO o.a.j.t.JMeterThread: Thread started: E2E Stress 1-288
2026-08-30 09:49:40,999 INFO o.a.j.t.JMeterThread: Thread started: E2E Stress 1-289
2026-08-30 09:49:41,610 INFO o.a.j.t.JMeterThread: Thread started: E2E Stress 1-290
2026-08-30 09:49:42,205 INFO o.a.j.t.JMeterThread: Thread started: E2E Stress 1-291
2026-08-30 09:49:42,813 INFO o.a.j.t.JMeterThread: Thread started: E2E Stress 1-292
2026-08-30 09:49:43,403 INFO o.a.j.t.JMeterThread: Thread started: E2E Stress 1-293
2026-08-30 09:49:44,012 INFO o.a.j.t.JMeterThread: Thread started: E2E Stress 1-294
2026-08-30 09:49:44,605 INFO o.a.j.t.JMeterThread: Thread started: E2E Stress 1-295
2026-08-30 09:49:45,199 INFO o.a.j.t.JMeterThread: Thread started: E2E Stress 1-296
2026-08-30 09:49:45,809 INFO o.a.j.t.JMeterThread: Thread started: E2E Stress 1-297
2026-08-30 09:49:46,405 INFO o.a.j.t.JMeterThread: Thread started: E2E Stress 1-298
2026-08-30 09:49:46,999 INFO o.a.j.t.JMeterThread: Thread started: E2E Stress 1-299
2026-08-30 09:49:47,609 INFO o.a.j.t.JMeterThread: Thread started: E2E Stress 1-300
2026-08-30 09:50:00,041 INFO o.a.j.r.Summariser: summary +   3446 in 00:00:30 =  114.7/s Avg:     4 Min:     0 Max:    18 Err:     0 (0.00%) Active: 300 Started: 300 Finished: 0
2026-08-30 09:50:00,041 INFO o.a.j.r.Summariser: summary =  12069 in 00:03:12 =   62.9/s Avg:     3 Min:     0 Max:    67 Err:     0 (0.00%)
2026-08-30 09:50:30,011 INFO o.a.j.r.Summariser: summary +   3597 in 00:00:30 =  120.0/s Avg:     4 Min:     0 Max:    54 Err:     0 (0.00%) Active: 300 Started: 300 Finished: 0
2026-08-30 09:50:30,011 INFO o.a.j.r.Summariser: summary =  15666 in 00:03:42 =   70.6/s Avg:     3 Min:     0 Max:    67 Err:     0 (0.00%)
2026-08-30 09:51:00,029 INFO o.a.j.r.Summariser: summary +   3578 in 00:00:30 =  119.2/s Avg:     4 Min:     0 Max:    21 Err:     0 (0.00%) Active: 300 Started: 300 Finished: 0
2026-08-30 09:51:00,029 INFO o.a.j.r.Summariser: summary =  19244 in 00:04:12 =   76.4/s Avg:     3 Min:     0 Max:    67 Err:     0 (0.00%)
2026-08-30 09:51:30,000 INFO o.a.j.r.Summariser: summary +   3596 in 00:00:30 =  120.0/s Avg:     2 Min:     0 Max:    34 Err:     0 (0.00%) Active: 300 Started: 300 Finished: 0
2026-08-30 09:51:30,000 INFO o.a.j.r.Summariser: summary =  22840 in 00:04:42 =   81.0/s Avg:     3 Min:     0 Max:    67 Err:     0 (0.00%)
2026-08-30 09:52:00,010 INFO o.a.j.r.Summariser: summary +   3590 in 00:00:30 =  119.6/s Avg:     2 Min:     0 Max:    32 Err:     0 (0.00%) Active: 300 Started: 300 Finished: 0
2026-08-30 09:52:00,010 INFO o.a.j.r.Summariser: summary =  26430 in 00:05:12 =   84.8/s Avg:     3 Min:     0 Max:    67 Err:     0 (0.00%)
2026-08-30 09:52:30,026 INFO o.a.j.r.Summariser: summary +   3600 in 00:00:30 =  119.9/s Avg:     4 Min:     0 Max:    26 Err:     0 (0.00%) Active: 300 Started: 300 Finished: 0
2026-08-30 09:52:30,026 INFO o.a.j.r.Summariser: summary =  30030 in 00:05:42 =   87.8/s Avg:     3 Min:     0 Max:    67 Err:     0 (0.00%)
2026-08-30 09:52:45,514 INFO o.a.j.t.JMeterThread: Thread finished: E2E Stress 1-101
2026-08-30 09:52:45,515 INFO o.a.j.t.JMeterThread: Thread finished: E2E Stress 1-246
2026-08-30 09:52:45,579 INFO o.a.j.t.JMeterThread: Thread finished: E2E Stress 1-213
2026-08-30 09:52:45,597 INFO o.a.j.t.JMeterThread: Thread finished: E2E Stress 1-86
2026-08-30 09:52:45,636 INFO o.a.j.t.JMeterThread: Thread finished: E2E Stress 1-244
2026-08-30 09:52:45,649 INFO o.a.j.t.JMeterThread: Thread finished: E2E Stress 1-35
2026-08-30 09:52:45,712 INFO o.a.j.t.JMeterThread: Thread finished: E2E Stress 1-36
2026-08-30 09:52:45,764 INFO o.a.j.t.JMeterThread: Thread finished: E2E Stress 1-245
2026-08-30 09:52:45,767 INFO o.a.j.t.JMeterThread: Thread finished: E2E Stress 1-32
2026-08-30 09:52:45,789 INFO o.a.j.t.JMeterThread: Thread finished: E2E Stress 1-136
2026-08-30 09:52:45,790 INFO o.a.j.t.JMeterThread: Thread finished: E2E Stress 1-161
2026-08-30 09:52:45,825 INFO o.a.j.t.JMeterThread: Thread finished: E2E Stress 1-250
2026-08-30 09:52:45,827 INFO o.a.j.t.JMeterThread: Thread finished: E2E Stress 1-273
2026-08-30 09:52:45,837 INFO o.a.j.t.JMeterThread: Thread finished: E2E Stress 1-292
2026-08-30 09:52:45,853 INFO o.a.j.t.JMeterThread: Thread finished: E2E Stress 1-134
2026-08-30 09:52:45,874 INFO o.a.j.t.JMeterThread: Thread finished: E2E Stress 1-224
2026-08-30 09:52:45,886 INFO o.a.j.t.JMeterThread: Thread finished: E2E Stress 1-291
2026-08-30 09:52:45,886 INFO o.a.j.t.JMeterThread: Thread finished: E2E Stress 1-47
2026-08-30 09:52:45,898 INFO o.a.j.t.JMeterThread: Thread finished: E2E Stress 1-158
2026-08-30 09:52:45,915 INFO o.a.j.t.JMeterThread: Thread finished: E2E Stress 1-279
2026-08-30 09:52:45,928 INFO o.a.j.t.JMeterThread: Thread finished: E2E Stress 1-290
2026-08-30 09:52:45,928 INFO o.a.j.t.JMeterThread: Thread finished: E2E Stress 1-249
2026-08-30 09:52:45,929 INFO o.a.j.t.JMeterThread: Thread finished: E2E Stress 1-109
2026-08-30 09:52:45,929 INFO o.a.j.t.JMeterThread: Thread finished: E2E Stress 1-278
2026-08-30 09:52:45,944 INFO o.a.j.t.JMeterThread: Thread finished: E2E Stress 1-11
2026-08-30 09:52:45,945 INFO o.a.j.t.JMeterThread: Thread finished: E2E Stress 1-57
2026-08-30 09:52:45,950 INFO o.a.j.t.JMeterThread: Thread finished: E2E Stress 1-14
2026-08-30 09:52:45,950 INFO o.a.j.t.JMeterThread: Thread finished: E2E Stress 1-76
2026-08-30 09:52:45,951 INFO o.a.j.t.JMeterThread: Thread finished: E2E Stress 1-243
2026-08-30 09:52:45,960 INFO o.a.j.t.JMeterThread: Thread finished: E2E Stress 1-194
2026-08-30 09:52:45,961 INFO o.a.j.t.JMeterThread: Thread finished: E2E Stress 1-82
2026-08-30 09:52:46,007 INFO o.a.j.t.JMeterThread: Thread finished: E2E Stress 1-13
2026-08-30 09:52:46,024 INFO o.a.j.t.JMeterThread: Thread finished: E2E Stress 1-99
2026-08-30 09:52:46,038 INFO o.a.j.t.JMeterThread: Thread finished: E2E Stress 1-142
2026-08-30 09:52:46,054 INFO o.a.j.t.JMeterThread: Thread finished: E2E Stress 1-122
2026-08-30 09:52:46,054 INFO o.a.j.t.JMeterThread: Thread finished: E2E Stress 1-126
2026-08-30 09:52:46,075 INFO o.a.j.t.JMeterThread: Thread finished: E2E Stress 1-191
2026-08-30 09:52:46,077 INFO o.a.j.t.JMeterThread: Thread finished: E2E Stress 1-65
2026-08-30 09:52:46,078 INFO o.a.j.t.JMeterThread: Thread finished: E2E Stress 1-133
2026-08-30 09:52:46,085 INFO o.a.j.t.JMeterThread: Thread finished: E2E Stress 1-4
2026-08-30 09:52:46,085 INFO o.a.j.t.JMeterThread: Thread finished: E2E Stress 1-63
2026-08-30 09:52:46,087 INFO o.a.j.t.JMeterThread: Thread finished: E2E Stress 1-260
2026-08-30 09:52:46,088 INFO o.a.j.t.JMeterThread: Thread finished: E2E Stress 1-242
2026-08-30 09:52:46,116 INFO o.a.j.t.JMeterThread: Thread finished: E2E Stress 1-54
2026-08-30 09:52:46,118 INFO o.a.j.t.JMeterThread: Thread finished: E2E Stress 1-91
2026-08-30 09:52:46,131 INFO o.a.j.t.JMeterThread: Thread finished: E2E Stress 1-80
2026-08-30 09:52:46,156 INFO o.a.j.t.JMeterThread: Thread finished: E2E Stress 1-148
2026-08-30 09:52:46,157 INFO o.a.j.t.JMeterThread: Thread finished: E2E Stress 1-62
2026-08-30 09:52:46,161 INFO o.a.j.t.JMeterThread: Thread finished: E2E Stress 1-58
2026-08-30 09:52:46,179 INFO o.a.j.t.JMeterThread: Thread finished: E2E Stress 1-231
2026-08-30 09:52:46,192 INFO o.a.j.t.JMeterThread: Thread finished: E2E Stress 1-159
2026-08-30 09:52:46,194 INFO o.a.j.t.JMeterThread: Thread finished: E2E Stress 1-41
2026-08-30 09:52:46,194 INFO o.a.j.t.JMeterThread: Thread finished: E2E Stress 1-214
2026-08-30 09:52:46,209 INFO o.a.j.t.JMeterThread: Thread finished: E2E Stress 1-267
2026-08-30 09:52:46,210 INFO o.a.j.t.JMeterThread: Thread finished: E2E Stress 1-296
2026-08-30 09:52:46,262 INFO o.a.j.t.JMeterThread: Thread finished: E2E Stress 1-272
2026-08-30 09:52:46,271 INFO o.a.j.t.JMeterThread: Thread finished: E2E Stress 1-52
2026-08-30 09:52:46,272 INFO o.a.j.t.JMeterThread: Thread finished: E2E Stress 1-258
2026-08-30 09:52:46,288 INFO o.a.j.t.JMeterThread: Thread finished: E2E Stress 1-154
2026-08-30 09:52:46,303 INFO o.a.j.t.JMeterThread: Thread finished: E2E Stress 1-178
2026-08-30 09:52:46,304 INFO o.a.j.t.JMeterThread: Thread finished: E2E Stress 1-29
2026-08-30 09:52:46,306 INFO o.a.j.t.JMeterThread: Thread finished: E2E Stress 1-131
2026-08-30 09:52:46,315 INFO o.a.j.t.JMeterThread: Thread finished: E2E Stress 1-167
2026-08-30 09:52:46,318 INFO o.a.j.t.JMeterThread: Thread finished: E2E Stress 1-282
2026-08-30 09:52:46,319 INFO o.a.j.t.JMeterThread: Thread finished: E2E Stress 1-219
2026-08-30 09:52:46,320 INFO o.a.j.t.JMeterThread: Thread finished: E2E Stress 1-195
2026-08-30 09:52:46,335 INFO o.a.j.t.JMeterThread: Thread finished: E2E Stress 1-280
2026-08-30 09:52:46,352 INFO o.a.j.t.JMeterThread: Thread finished: E2E Stress 1-173
2026-08-30 09:52:46,356 INFO o.a.j.t.JMeterThread: Thread finished: E2E Stress 1-207
2026-08-30 09:52:46,358 INFO o.a.j.t.JMeterThread: Thread finished: E2E Stress 1-196
2026-08-30 09:52:46,359 INFO o.a.j.t.JMeterThread: Thread finished: E2E Stress 1-241
2026-08-30 09:52:46,391 INFO o.a.j.t.JMeterThread: Thread finished: E2E Stress 1-88
2026-08-30 09:52:46,391 INFO o.a.j.t.JMeterThread: Thread finished: E2E Stress 1-23
2026-08-30 09:52:46,397 INFO o.a.j.t.JMeterThread: Thread finished: E2E Stress 1-212
2026-08-30 09:52:46,414 INFO o.a.j.t.JMeterThread: Thread finished: E2E Stress 1-39
2026-08-30 09:52:46,415 INFO o.a.j.t.JMeterThread: Thread finished: E2E Stress 1-149
2026-08-30 09:52:46,446 INFO o.a.j.t.JMeterThread: Thread finished: E2E Stress 1-180
2026-08-30 09:52:46,476 INFO o.a.j.t.JMeterThread: Thread finished: E2E Stress 1-201
2026-08-30 09:52:46,477 INFO o.a.j.t.JMeterThread: Thread finished: E2E Stress 1-229
2026-08-30 09:52:46,478 INFO o.a.j.t.JMeterThread: Thread finished: E2E Stress 1-105
2026-08-30 09:52:46,479 INFO o.a.j.t.JMeterThread: Thread finished: E2E Stress 1-64
2026-08-30 09:52:46,492 INFO o.a.j.t.JMeterThread: Thread finished: E2E Stress 1-2
2026-08-30 09:52:46,493 INFO o.a.j.t.JMeterThread: Thread finished: E2E Stress 1-206
2026-08-30 09:52:46,507 INFO o.a.j.t.JMeterThread: Thread finished: E2E Stress 1-281
2026-08-30 09:52:46,529 INFO o.a.j.t.JMeterThread: Thread finished: E2E Stress 1-19
2026-08-30 09:52:46,533 INFO o.a.j.t.JMeterThread: Thread finished: E2E Stress 1-234
2026-08-30 09:52:46,533 INFO o.a.j.t.JMeterThread: Thread finished: E2E Stress 1-193
2026-08-30 09:52:46,545 INFO o.a.j.t.JMeterThread: Thread finished: E2E Stress 1-121
2026-08-30 09:52:46,555 INFO o.a.j.t.JMeterThread: Thread finished: E2E Stress 1-72
2026-08-30 09:52:46,584 INFO o.a.j.t.JMeterThread: Thread finished: E2E Stress 1-83
2026-08-30 09:52:46,587 INFO o.a.j.t.JMeterThread: Thread finished: E2E Stress 1-8
2026-08-30 09:52:46,587 INFO o.a.j.t.JMeterThread: Thread finished: E2E Stress 1-283
2026-08-30 09:52:46,587 INFO o.a.j.t.JMeterThread: Thread finished: E2E Stress 1-240
2026-08-30 09:52:46,616 INFO o.a.j.t.JMeterThread: Thread finished: E2E Stress 1-128
2026-08-30 09:52:46,617 INFO o.a.j.t.JMeterThread: Thread finished: E2E Stress 1-102
2026-08-30 09:52:46,618 INFO o.a.j.t.JMeterThread: Thread finished: E2E Stress 1-277
2026-08-30 09:52:46,619 INFO o.a.j.t.JMeterThread: Thread finished: E2E Stress 1-199
2026-08-30 09:52:46,631 INFO o.a.j.t.JMeterThread: Thread finished: E2E Stress 1-289
2026-08-30 09:52:46,647 INFO o.a.j.t.JMeterThread: Thread finished: E2E Stress 1-106
2026-08-30 09:52:46,649 INFO o.a.j.t.JMeterThread: Thread finished: E2E Stress 1-175
2026-08-30 09:52:46,650 INFO o.a.j.t.JMeterThread: Thread finished: E2E Stress 1-125
2026-08-30 09:52:46,651 INFO o.a.j.t.JMeterThread: Thread finished: E2E Stress 1-124
2026-08-30 09:52:46,663 INFO o.a.j.t.JMeterThread: Thread finished: E2E Stress 1-7
2026-08-30 09:52:46,665 INFO o.a.j.t.JMeterThread: Thread finished: E2E Stress 1-209
2026-08-30 09:52:46,667 INFO o.a.j.t.JMeterThread: Thread finished: E2E Stress 1-215
2026-08-30 09:52:46,698 INFO o.a.j.t.JMeterThread: Thread finished: E2E Stress 1-78
2026-08-30 09:52:46,711 INFO o.a.j.t.JMeterThread: Thread finished: E2E Stress 1-217
2026-08-30 09:52:46,729 INFO o.a.j.t.JMeterThread: Thread finished: E2E Stress 1-171
2026-08-30 09:52:46,757 INFO o.a.j.t.JMeterThread: Thread finished: E2E Stress 1-10
2026-08-30 09:52:46,759 INFO o.a.j.t.JMeterThread: Thread finished: E2E Stress 1-129
2026-08-30 09:52:46,771 INFO o.a.j.t.JMeterThread: Thread finished: E2E Stress 1-204
2026-08-30 09:52:46,791 INFO o.a.j.t.JMeterThread: Thread finished: E2E Stress 1-110
2026-08-30 09:52:46,792 INFO o.a.j.t.JMeterThread: Thread finished: E2E Stress 1-40
2026-08-30 09:52:46,803 INFO o.a.j.t.JMeterThread: Thread finished: E2E Stress 1-190
2026-08-30 09:52:46,804 INFO o.a.j.t.JMeterThread: Thread finished: E2E Stress 1-237
2026-08-30 09:52:46,818 INFO o.a.j.t.JMeterThread: Thread finished: E2E Stress 1-259
2026-08-30 09:52:46,834 INFO o.a.j.t.JMeterThread: Thread finished: E2E Stress 1-50
2026-08-30 09:52:46,855 INFO o.a.j.t.JMeterThread: Thread finished: E2E Stress 1-264
2026-08-30 09:52:46,855 INFO o.a.j.t.JMeterThread: Thread finished: E2E Stress 1-295
2026-08-30 09:52:46,867 INFO o.a.j.t.JMeterThread: Thread finished: E2E Stress 1-17
2026-08-30 09:52:46,887 INFO o.a.j.t.JMeterThread: Thread finished: E2E Stress 1-226
2026-08-30 09:52:46,891 INFO o.a.j.t.JMeterThread: Thread finished: E2E Stress 1-262
2026-08-30 09:52:46,891 INFO o.a.j.t.JMeterThread: Thread finished: E2E Stress 1-96
2026-08-30 09:52:46,892 INFO o.a.j.t.JMeterThread: Thread finished: E2E Stress 1-18
2026-08-30 09:52:46,893 INFO o.a.j.t.JMeterThread: Thread finished: E2E Stress 1-79
2026-08-30 09:52:46,896 INFO o.a.j.t.JMeterThread: Thread finished: E2E Stress 1-179
2026-08-30 09:52:46,897 INFO o.a.j.t.JMeterThread: Thread finished: E2E Stress 1-113
2026-08-30 09:52:46,912 INFO o.a.j.t.JMeterThread: Thread finished: E2E Stress 1-257
2026-08-30 09:52:46,927 INFO o.a.j.t.JMeterThread: Thread finished: E2E Stress 1-119
2026-08-30 09:52:46,942 INFO o.a.j.t.JMeterThread: Thread finished: E2E Stress 1-227
2026-08-30 09:52:46,949 INFO o.a.j.t.JMeterThread: Thread finished: E2E Stress 1-15
2026-08-30 09:52:46,950 INFO o.a.j.t.JMeterThread: Thread finished: E2E Stress 1-232
2026-08-30 09:52:46,959 INFO o.a.j.t.JMeterThread: Thread finished: E2E Stress 1-238
2026-08-30 09:52:46,960 INFO o.a.j.t.JMeterThread: Thread finished: E2E Stress 1-211
2026-08-30 09:52:46,973 INFO o.a.j.t.JMeterThread: Thread finished: E2E Stress 1-37
2026-08-30 09:52:46,974 INFO o.a.j.t.JMeterThread: Thread finished: E2E Stress 1-28
2026-08-30 09:52:46,990 INFO o.a.j.t.JMeterThread: Thread finished: E2E Stress 1-84
2026-08-30 09:52:46,990 INFO o.a.j.t.JMeterThread: Thread finished: E2E Stress 1-95
2026-08-30 09:52:47,005 INFO o.a.j.t.JMeterThread: Thread finished: E2E Stress 1-42
2026-08-30 09:52:47,007 INFO o.a.j.t.JMeterThread: Thread finished: E2E Stress 1-223
2026-08-30 09:52:47,020 INFO o.a.j.t.JMeterThread: Thread finished: E2E Stress 1-151
2026-08-30 09:52:47,021 INFO o.a.j.t.JMeterThread: Thread finished: E2E Stress 1-9
2026-08-30 09:52:47,023 INFO o.a.j.t.JMeterThread: Thread finished: E2E Stress 1-3
2026-08-30 09:52:47,023 INFO o.a.j.t.JMeterThread: Thread finished: E2E Stress 1-188
2026-08-30 09:52:47,023 INFO o.a.j.t.JMeterThread: Thread finished: E2E Stress 1-233
2026-08-30 09:52:47,024 INFO o.a.j.t.JMeterThread: Thread finished: E2E Stress 1-153
2026-08-30 09:52:47,035 INFO o.a.j.t.JMeterThread: Thread finished: E2E Stress 1-55
2026-08-30 09:52:47,036 INFO o.a.j.t.JMeterThread: Thread finished: E2E Stress 1-169
2026-08-30 09:52:47,067 INFO o.a.j.t.JMeterThread: Thread finished: E2E Stress 1-236
2026-08-30 09:52:47,068 INFO o.a.j.t.JMeterThread: Thread finished: E2E Stress 1-235
2026-08-30 09:52:47,082 INFO o.a.j.t.JMeterThread: Thread finished: E2E Stress 1-287
2026-08-30 09:52:47,098 INFO o.a.j.t.JMeterThread: Thread finished: E2E Stress 1-285
2026-08-30 09:52:47,099 INFO o.a.j.t.JMeterThread: Thread finished: E2E Stress 1-66
2026-08-30 09:52:47,114 INFO o.a.j.t.JMeterThread: Thread finished: E2E Stress 1-177
2026-08-30 09:52:47,115 INFO o.a.j.t.JMeterThread: Thread finished: E2E Stress 1-46
2026-08-30 09:52:47,116 INFO o.a.j.t.JMeterThread: Thread finished: E2E Stress 1-266
2026-08-30 09:52:47,130 INFO o.a.j.t.JMeterThread: Thread finished: E2E Stress 1-181
2026-08-30 09:52:47,130 INFO o.a.j.t.JMeterThread: Thread finished: E2E Stress 1-51
2026-08-30 09:52:47,147 INFO o.a.j.t.JMeterThread: Thread finished: E2E Stress 1-220
2026-08-30 09:52:47,161 INFO o.a.j.t.JMeterThread: Thread finished: E2E Stress 1-160
2026-08-30 09:52:47,163 INFO o.a.j.t.JMeterThread: Thread finished: E2E Stress 1-92
2026-08-30 09:52:47,182 INFO o.a.j.t.JMeterThread: Thread finished: E2E Stress 1-135
2026-08-30 09:52:47,182 INFO o.a.j.t.JMeterThread: Thread finished: E2E Stress 1-174
2026-08-30 09:52:47,194 INFO o.a.j.t.JMeterThread: Thread finished: E2E Stress 1-185
2026-08-30 09:52:47,197 INFO o.a.j.t.JMeterThread: Thread finished: E2E Stress 1-71
2026-08-30 09:52:47,215 INFO o.a.j.t.JMeterThread: Thread finished: E2E Stress 1-59
2026-08-30 09:52:47,217 INFO o.a.j.t.JMeterThread: Thread finished: E2E Stress 1-81
2026-08-30 09:52:47,218 INFO o.a.j.t.JMeterThread: Thread finished: E2E Stress 1-70
2026-08-30 09:52:47,219 INFO o.a.j.t.JMeterThread: Thread finished: E2E Stress 1-197
2026-08-30 09:52:47,219 INFO o.a.j.t.JMeterThread: Thread finished: E2E Stress 1-108
2026-08-30 09:52:47,225 INFO o.a.j.t.JMeterThread: Thread finished: E2E Stress 1-130
2026-08-30 09:52:47,240 INFO o.a.j.t.JMeterThread: Thread finished: E2E Stress 1-127
2026-08-30 09:52:47,255 INFO o.a.j.t.JMeterThread: Thread finished: E2E Stress 1-137
2026-08-30 09:52:47,319 INFO o.a.j.t.JMeterThread: Thread finished: E2E Stress 1-162
2026-08-30 09:52:47,322 INFO o.a.j.t.JMeterThread: Thread finished: E2E Stress 1-176
2026-08-30 09:52:47,323 INFO o.a.j.t.JMeterThread: Thread finished: E2E Stress 1-120
2026-08-30 09:52:47,353 INFO o.a.j.t.JMeterThread: Thread finished: E2E Stress 1-31
2026-08-30 09:52:47,367 INFO o.a.j.t.JMeterThread: Thread finished: E2E Stress 1-168
2026-08-30 09:52:47,368 INFO o.a.j.t.JMeterThread: Thread finished: E2E Stress 1-183
2026-08-30 09:52:47,369 INFO o.a.j.t.JMeterThread: Thread finished: E2E Stress 1-6
2026-08-30 09:52:47,396 INFO o.a.j.t.JMeterThread: Thread finished: E2E Stress 1-16
2026-08-30 09:52:47,415 INFO o.a.j.t.JMeterThread: Thread finished: E2E Stress 1-118
2026-08-30 09:52:47,415 INFO o.a.j.t.JMeterThread: Thread finished: E2E Stress 1-25
2026-08-30 09:52:47,416 INFO o.a.j.t.JMeterThread: Thread finished: E2E Stress 1-24
2026-08-30 09:52:47,416 INFO o.a.j.t.JMeterThread: Thread finished: E2E Stress 1-288
2026-08-30 09:52:47,417 INFO o.a.j.t.JMeterThread: Thread finished: E2E Stress 1-100
2026-08-30 09:52:47,417 INFO o.a.j.t.JMeterThread: Thread finished: E2E Stress 1-104
2026-08-30 09:52:47,427 INFO o.a.j.t.JMeterThread: Thread finished: E2E Stress 1-286
2026-08-30 09:52:47,428 INFO o.a.j.t.JMeterThread: Thread finished: E2E Stress 1-163
2026-08-30 09:52:47,446 INFO o.a.j.t.JMeterThread: Thread finished: E2E Stress 1-156
2026-08-30 09:52:47,446 INFO o.a.j.t.JMeterThread: Thread finished: E2E Stress 1-60
2026-08-30 09:52:47,447 INFO o.a.j.t.JMeterThread: Thread finished: E2E Stress 1-276
2026-08-30 09:52:47,457 INFO o.a.j.t.JMeterThread: Thread finished: E2E Stress 1-34
2026-08-30 09:52:47,459 INFO o.a.j.t.JMeterThread: Thread finished: E2E Stress 1-123
2026-08-30 09:52:47,472 INFO o.a.j.t.JMeterThread: Thread finished: E2E Stress 1-143
2026-08-30 09:52:47,477 INFO o.a.j.t.JMeterThread: Thread finished: E2E Stress 1-297
2026-08-30 09:52:47,490 INFO o.a.j.t.JMeterThread: Thread finished: E2E Stress 1-43
2026-08-30 09:52:47,491 INFO o.a.j.t.JMeterThread: Thread finished: E2E Stress 1-299
2026-08-30 09:52:47,503 INFO o.a.j.t.JMeterThread: Thread finished: E2E Stress 1-132
2026-08-30 09:52:47,520 INFO o.a.j.t.JMeterThread: Thread finished: E2E Stress 1-218
2026-08-30 09:52:47,520 INFO o.a.j.t.JMeterThread: Thread finished: E2E Stress 1-200
2026-08-30 09:52:47,537 INFO o.a.j.t.JMeterThread: Thread finished: E2E Stress 1-21
2026-08-30 09:52:47,537 INFO o.a.j.t.JMeterThread: Thread finished: E2E Stress 1-256
2026-08-30 09:52:47,550 INFO o.a.j.t.JMeterThread: Thread finished: E2E Stress 1-67
2026-08-30 09:52:47,568 INFO o.a.j.t.JMeterThread: Thread finished: E2E Stress 1-89
2026-08-30 09:52:47,573 INFO o.a.j.t.JMeterThread: Thread finished: E2E Stress 1-228
2026-08-30 09:52:47,573 INFO o.a.j.t.JMeterThread: Thread finished: E2E Stress 1-12
2026-08-30 09:52:47,582 INFO o.a.j.t.JMeterThread: Thread finished: E2E Stress 1-189
2026-08-30 09:52:47,585 INFO o.a.j.t.JMeterThread: Thread finished: E2E Stress 1-275
2026-08-30 09:52:47,600 INFO o.a.j.t.JMeterThread: Thread finished: E2E Stress 1-202
2026-08-30 09:52:47,600 INFO o.a.j.t.JMeterThread: Thread finished: E2E Stress 1-22
2026-08-30 09:52:47,613 INFO o.a.j.t.JMeterThread: Thread finished: E2E Stress 1-225
2026-08-30 09:52:47,632 INFO o.a.j.t.JMeterThread: Thread finished: E2E Stress 1-252
2026-08-30 09:52:47,632 INFO o.a.j.t.JMeterThread: Thread finished: E2E Stress 1-216
2026-08-30 09:52:47,661 INFO o.a.j.t.JMeterThread: Thread finished: E2E Stress 1-265
2026-08-30 09:52:47,662 INFO o.a.j.t.JMeterThread: Thread finished: E2E Stress 1-203
2026-08-30 09:52:47,674 INFO o.a.j.t.JMeterThread: Thread finished: E2E Stress 1-251
2026-08-30 09:52:47,693 INFO o.a.j.t.JMeterThread: Thread finished: E2E Stress 1-69
2026-08-30 09:52:47,696 INFO o.a.j.t.JMeterThread: Thread finished: E2E Stress 1-74
2026-08-30 09:52:47,706 INFO o.a.j.t.JMeterThread: Thread finished: E2E Stress 1-140
2026-08-30 09:52:47,707 INFO o.a.j.t.JMeterThread: Thread finished: E2E Stress 1-192
2026-08-30 09:52:47,708 INFO o.a.j.t.JMeterThread: Thread finished: E2E Stress 1-187
2026-08-30 09:52:47,722 INFO o.a.j.t.JMeterThread: Thread finished: E2E Stress 1-5
2026-08-30 09:52:47,738 INFO o.a.j.t.JMeterThread: Thread finished: E2E Stress 1-117
2026-08-30 09:52:47,743 INFO o.a.j.t.JMeterThread: Thread finished: E2E Stress 1-274
2026-08-30 09:52:47,743 INFO o.a.j.t.JMeterThread: Thread finished: E2E Stress 1-247
2026-08-30 09:52:47,753 INFO o.a.j.t.JMeterThread: Thread finished: E2E Stress 1-182
2026-08-30 09:52:47,773 INFO o.a.j.t.JMeterThread: Thread finished: E2E Stress 1-300
2026-08-30 09:52:47,774 INFO o.a.j.t.JMeterThread: Thread finished: E2E Stress 1-141
2026-08-30 09:52:47,794 INFO o.a.j.t.JMeterThread: Thread finished: E2E Stress 1-150
2026-08-30 09:52:47,802 INFO o.a.j.t.JMeterThread: Thread finished: E2E Stress 1-221
2026-08-30 09:52:47,802 INFO o.a.j.t.JMeterThread: Thread finished: E2E Stress 1-198
2026-08-30 09:52:47,802 INFO o.a.j.t.JMeterThread: Thread finished: E2E Stress 1-94
2026-08-30 09:52:47,806 INFO o.a.j.t.JMeterThread: Thread finished: E2E Stress 1-107
2026-08-30 09:52:47,813 INFO o.a.j.t.JMeterThread: Thread finished: E2E Stress 1-270
2026-08-30 09:52:47,813 INFO o.a.j.t.JMeterThread: Thread finished: E2E Stress 1-152
2026-08-30 09:52:47,814 INFO o.a.j.t.JMeterThread: Thread finished: E2E Stress 1-68
2026-08-30 09:52:47,814 INFO o.a.j.t.JMeterThread: Thread finished: E2E Stress 1-254
2026-08-30 09:52:47,818 INFO o.a.j.t.JMeterThread: Thread finished: E2E Stress 1-45
2026-08-30 09:52:47,832 INFO o.a.j.t.JMeterThread: Thread finished: E2E Stress 1-48
2026-08-30 09:52:47,836 INFO o.a.j.t.JMeterThread: Thread finished: E2E Stress 1-49
2026-08-30 09:52:47,863 INFO o.a.j.t.JMeterThread: Thread finished: E2E Stress 1-172
2026-08-30 09:52:47,863 INFO o.a.j.t.JMeterThread: Thread finished: E2E Stress 1-116
2026-08-30 09:52:47,863 INFO o.a.j.t.JMeterThread: Thread finished: E2E Stress 1-261
2026-08-30 09:52:47,878 INFO o.a.j.t.JMeterThread: Thread finished: E2E Stress 1-210
2026-08-30 09:52:47,894 INFO o.a.j.t.JMeterThread: Thread finished: E2E Stress 1-85
2026-08-30 09:52:47,900 INFO o.a.j.t.JMeterThread: Thread finished: E2E Stress 1-157
2026-08-30 09:52:47,905 INFO o.a.j.t.JMeterThread: Thread finished: E2E Stress 1-269
2026-08-30 09:52:47,905 INFO o.a.j.t.JMeterThread: Thread finished: E2E Stress 1-146
2026-08-30 09:52:47,906 INFO o.a.j.t.JMeterThread: Thread finished: E2E Stress 1-26
2026-08-30 09:52:47,908 INFO o.a.j.t.JMeterThread: Thread finished: E2E Stress 1-111
2026-08-30 09:52:47,924 INFO o.a.j.t.JMeterThread: Thread finished: E2E Stress 1-90
2026-08-30 09:52:47,924 INFO o.a.j.t.JMeterThread: Thread finished: E2E Stress 1-170
2026-08-30 09:52:47,925 INFO o.a.j.t.JMeterThread: Thread finished: E2E Stress 1-147
2026-08-30 09:52:47,944 INFO o.a.j.t.JMeterThread: Thread finished: E2E Stress 1-1
2026-08-30 09:52:47,946 INFO o.a.j.t.JMeterThread: Thread finished: E2E Stress 1-98
2026-08-30 09:52:47,955 INFO o.a.j.t.JMeterThread: Thread finished: E2E Stress 1-255
2026-08-30 09:52:47,958 INFO o.a.j.t.JMeterThread: Thread finished: E2E Stress 1-77
2026-08-30 09:52:47,973 INFO o.a.j.t.JMeterThread: Thread finished: E2E Stress 1-184
2026-08-30 09:52:47,991 INFO o.a.j.t.JMeterThread: Thread finished: E2E Stress 1-248
2026-08-30 09:52:47,994 INFO o.a.j.t.JMeterThread: Thread finished: E2E Stress 1-33
2026-08-30 09:52:47,994 INFO o.a.j.t.JMeterThread: Thread finished: E2E Stress 1-230
2026-08-30 09:52:48,003 INFO o.a.j.t.JMeterThread: Thread finished: E2E Stress 1-166
2026-08-30 09:52:48,033 INFO o.a.j.t.JMeterThread: Thread finished: E2E Stress 1-284
2026-08-30 09:52:48,035 INFO o.a.j.t.JMeterThread: Thread finished: E2E Stress 1-164
2026-08-30 09:52:48,039 INFO o.a.j.t.JMeterThread: Thread finished: E2E Stress 1-155
2026-08-30 09:52:48,039 INFO o.a.j.t.JMeterThread: Thread finished: E2E Stress 1-293
2026-08-30 09:52:48,050 INFO o.a.j.t.JMeterThread: Thread finished: E2E Stress 1-97
2026-08-30 09:52:48,070 INFO o.a.j.t.JMeterThread: Thread finished: E2E Stress 1-145
2026-08-30 09:52:48,070 INFO o.a.j.t.JMeterThread: Thread finished: E2E Stress 1-93
2026-08-30 09:52:48,086 INFO o.a.j.t.JMeterThread: Thread finished: E2E Stress 1-222
2026-08-30 09:52:48,086 INFO o.a.j.t.JMeterThread: Thread finished: E2E Stress 1-73
2026-08-30 09:52:48,111 INFO o.a.j.t.JMeterThread: Thread finished: E2E Stress 1-112
2026-08-30 09:52:48,127 INFO o.a.j.t.JMeterThread: Thread finished: E2E Stress 1-139
2026-08-30 09:52:48,128 INFO o.a.j.t.JMeterThread: Thread finished: E2E Stress 1-205
2026-08-30 09:52:48,142 INFO o.a.j.t.JMeterThread: Thread finished: E2E Stress 1-263
2026-08-30 09:52:48,143 INFO o.a.j.t.JMeterThread: Thread finished: E2E Stress 1-75
2026-08-30 09:52:48,160 INFO o.a.j.t.JMeterThread: Thread finished: E2E Stress 1-239
2026-08-30 09:52:48,165 INFO o.a.j.t.JMeterThread: Thread finished: E2E Stress 1-27
2026-08-30 09:52:48,167 INFO o.a.j.t.JMeterThread: Thread finished: E2E Stress 1-20
2026-08-30 09:52:48,168 INFO o.a.j.t.JMeterThread: Thread finished: E2E Stress 1-138
2026-08-30 09:52:48,175 INFO o.a.j.t.JMeterThread: Thread finished: E2E Stress 1-53
2026-08-30 09:52:48,178 INFO o.a.j.t.JMeterThread: Thread finished: E2E Stress 1-165
2026-08-30 09:52:48,190 INFO o.a.j.t.JMeterThread: Thread finished: E2E Stress 1-38
2026-08-30 09:52:48,206 INFO o.a.j.t.JMeterThread: Thread finished: E2E Stress 1-61
2026-08-30 09:52:48,207 INFO o.a.j.t.JMeterThread: Thread finished: E2E Stress 1-186
2026-08-30 09:52:48,207 INFO o.a.j.t.JMeterThread: Thread finished: E2E Stress 1-44
2026-08-30 09:52:48,207 INFO o.a.j.t.JMeterThread: Thread finished: E2E Stress 1-115
2026-08-30 09:52:48,221 INFO o.a.j.t.JMeterThread: Thread finished: E2E Stress 1-253
2026-08-30 09:52:48,242 INFO o.a.j.t.JMeterThread: Stopping because end time detected by thread: E2E Stress 1-30
2026-08-30 09:52:48,242 INFO o.a.j.t.JMeterThread: Stopping because end time detected by thread: E2E Stress 1-56
2026-08-30 09:52:48,242 INFO o.a.j.t.JMeterThread: Thread finished: E2E Stress 1-56
2026-08-30 09:52:48,242 INFO o.a.j.t.JMeterThread: Thread finished: E2E Stress 1-30
2026-08-30 09:52:48,243 INFO o.a.j.t.JMeterThread: Thread finished: E2E Stress 1-294
2026-08-30 09:52:48,243 INFO o.a.j.t.JMeterThread: Thread finished: E2E Stress 1-268
2026-08-30 09:52:48,253 INFO o.a.j.t.JMeterThread: Thread finished: E2E Stress 1-144
2026-08-30 09:52:48,269 INFO o.a.j.t.JMeterThread: Stopping because end time detected by thread: E2E Stress 1-87
2026-08-30 09:52:48,269 INFO o.a.j.t.JMeterThread: Thread finished: E2E Stress 1-87
2026-08-30 09:52:48,286 INFO o.a.j.t.JMeterThread: Stopping because end time detected by thread: E2E Stress 1-114
2026-08-30 09:52:48,286 INFO o.a.j.t.JMeterThread: Thread finished: E2E Stress 1-114
2026-08-30 09:52:48,295 INFO o.a.j.t.JMeterThread: Stopping because end time detected by thread: E2E Stress 1-103
2026-08-30 09:52:48,295 INFO o.a.j.t.JMeterThread: Thread finished: E2E Stress 1-103
2026-08-30 09:52:48,296 INFO o.a.j.t.JMeterThread: Thread finished: E2E Stress 1-298
2026-08-30 09:52:48,316 INFO o.a.j.t.JMeterThread: Thread finished: E2E Stress 1-208
2026-08-30 09:52:48,336 INFO o.a.j.t.JMeterThread: Thread finished: E2E Stress 1-271
2026-08-30 09:52:48,339 INFO o.a.j.e.StandardJMeterEngine: Notifying test listeners of end of test
2026-08-30 09:52:48,339 INFO o.a.j.s.FileServer: Close: ../data/products.csv
2026-08-30 09:52:48,339 INFO o.a.j.s.FileServer: Close: ../data/coupons.csv
2026-08-30 09:52:48,339 INFO o.a.j.s.FileServer: Close: ../data/users.csv
2026-08-30 09:52:48,346 INFO o.a.j.r.Summariser: summary +   2185 in 00:00:18 =  119.3/s Avg:     4 Min:     0 Max:    37 Err:     0 (0.00%) Active: 0 Started: 300 Finished: 300
2026-08-30 09:52:48,346 INFO o.a.j.r.Summariser: summary =  32215 in 00:06:00 =   89.4/s Avg:     3 Min:     0 Max:    67 Err:     0 (0.00%)
2026-08-30 09:52:48,361 INFO o.a.j.JMeter: Generating Dashboard
2026-08-30 09:52:48,362 INFO o.a.j.r.d.ReportGenerator: Flushing result collector before report Generation
2026-08-30 09:52:48,455 INFO o.a.j.r.p.NormalizerSampleConsumer: Using format, 'ms', to parse timeStamp field
2026-08-30 09:52:49,491 INFO o.a.j.r.p.AbstractSampleConsumer: class org.apache.jmeter.report.processor.AggregateConsumer#stopProducing(): beginDate produced 0 samples
2026-08-30 09:52:49,492 INFO o.a.j.r.p.AbstractSampleConsumer: class org.apache.jmeter.report.processor.AggregateConsumer#stopProducing(): endDate produced 0 samples
2026-08-30 09:52:49,494 INFO o.a.j.r.p.AbstractSampleConsumer: class org.apache.jmeter.report.processor.ApdexSummaryConsumer#stopProducing(): apdexSummary produced 0 samples
2026-08-30 09:52:49,494 INFO o.a.j.r.p.AbstractSampleConsumer: class org.apache.jmeter.report.processor.RequestsSummaryConsumer#stopProducing(): requestsSummary produced 0 samples
2026-08-30 09:52:49,513 INFO o.a.j.r.p.AbstractSampleConsumer: class org.apache.jmeter.report.processor.StatisticsSummaryConsumer#stopProducing(): statisticsSummary produced 0 samples
2026-08-30 09:52:49,517 INFO o.a.j.r.p.AbstractSampleConsumer: class org.apache.jmeter.report.processor.Top5ErrorsBySamplerConsumer#stopProducing(): top5ErrorsBySampler produced 0 samples
2026-08-30 09:52:49,517 INFO o.a.j.r.p.AbstractSampleConsumer: class org.apache.jmeter.report.processor.ErrorsSummaryConsumer#stopProducing(): errorsSummary produced 0 samples
2026-08-30 09:52:49,517 INFO o.a.j.r.p.AbstractSampleConsumer: class org.apache.jmeter.report.processor.graph.impl.HitsPerSecondGraphConsumer#stopProducing(): hitsPerSecond produced 0 samples
2026-08-30 09:52:49,799 INFO o.a.j.r.p.AbstractSampleConsumer: class org.apache.jmeter.report.processor.graph.impl.LatencyVSRequestGraphConsumer#stopProducing(): latencyVsRequest produced 0 samples
2026-08-30 09:52:49,804 INFO o.a.j.r.p.AbstractSampleConsumer: class org.apache.jmeter.report.processor.graph.impl.SyntheticResponseTimeDistributionGraphConsumer#stopProducing(): syntheticResponseTimeDistribution produced 0 samples
2026-08-30 09:52:49,804 INFO o.a.j.r.p.AbstractSampleConsumer: class org.apache.jmeter.report.processor.graph.impl.BytesThroughputGraphConsumer#stopProducing(): bytesThroughputOverTime produced 0 samples
2026-08-30 09:52:49,804 INFO o.a.j.r.p.AbstractSampleConsumer: class org.apache.jmeter.report.processor.graph.impl.CodesPerSecondGraphConsumer#stopProducing(): codesPerSecond produced 0 samples
2026-08-30 09:52:50,059 INFO o.a.j.r.p.AbstractSampleConsumer: class org.apache.jmeter.report.processor.graph.impl.ResponseTimeVSRequestGraphConsumer#stopProducing(): responseTimeVsRequest produced 0 samples
2026-08-30 09:52:50,061 INFO o.a.j.r.p.AbstractSampleConsumer: class org.apache.jmeter.report.processor.FilterConsumer#stopProducing(): startIntervalControlerFilter produced 225505 samples
2026-08-30 09:52:50,061 INFO o.a.j.r.p.AbstractSampleConsumer: class org.apache.jmeter.report.processor.graph.impl.TotalTPSGraphConsumer#stopProducing(): totalTPS produced 0 samples
2026-08-30 09:52:50,061 INFO o.a.j.r.p.AbstractSampleConsumer: class org.apache.jmeter.report.processor.graph.impl.ActiveThreadsGraphConsumer#stopProducing(): activeThreadsOverTime produced 0 samples
2026-08-30 09:52:50,061 INFO o.a.j.r.p.AbstractSampleConsumer: class org.apache.jmeter.report.processor.graph.impl.TimeVSThreadGraphConsumer#stopProducing(): timeVsThreads produced 0 samples
2026-08-30 09:52:50,063 INFO o.a.j.r.p.AbstractSampleConsumer: class org.apache.jmeter.report.processor.graph.impl.ResponseTimeDistributionGraphConsumer#stopProducing(): responseTimeDistribution produced 0 samples
2026-08-30 09:52:50,063 INFO o.a.j.r.p.AbstractSampleConsumer: class org.apache.jmeter.report.processor.graph.impl.TransactionsPerSecondGraphConsumer#stopProducing(): transactionsPerSecond produced 0 samples
2026-08-30 09:52:50,063 INFO o.a.j.r.p.AbstractSampleConsumer: class org.apache.jmeter.report.processor.graph.impl.ResponseTimePercentilesGraphConsumer#stopProducing(): responseTimePercentiles produced 0 samples
2026-08-30 09:52:50,067 INFO o.a.j.r.p.AbstractSampleConsumer: class org.apache.jmeter.report.processor.graph.impl.ResponseTimePercentilesOverTimeGraphConsumer#stopProducing(): responseTimePercentilesOverTime produced 0 samples
2026-08-30 09:52:50,070 INFO o.a.j.r.p.AbstractSampleConsumer: class org.apache.jmeter.report.processor.graph.impl.ResponseTimeOverTimeGraphConsumer#stopProducing(): responseTimesOverTime produced 0 samples
2026-08-30 09:52:50,070 INFO o.a.j.r.p.AbstractSampleConsumer: class org.apache.jmeter.report.processor.graph.impl.ConnectTimeOverTimeGraphConsumer#stopProducing(): connectTimeOverTime produced 0 samples
2026-08-30 09:52:50,070 INFO o.a.j.r.p.AbstractSampleConsumer: class org.apache.jmeter.report.processor.graph.impl.LatencyOverTimeGraphConsumer#stopProducing(): latenciesOverTime produced 0 samples
2026-08-30 09:52:50,070 INFO o.a.j.r.p.AbstractSampleConsumer: class org.apache.jmeter.report.processor.FilterConsumer#stopProducing(): nameFilter produced 483225 samples
2026-08-30 09:52:50,070 INFO o.a.j.r.p.AbstractSampleConsumer: class org.apache.jmeter.report.processor.FilterConsumer#stopProducing(): dateRangeFilter produced 96645 samples
2026-08-30 09:52:50,070 INFO o.a.j.r.p.AbstractSampleConsumer: class org.apache.jmeter.report.processor.NormalizerSampleConsumer#stopProducing(): normalizer produced 32215 samples
2026-08-30 09:52:50,071 INFO o.a.j.r.p.CsvFileSampleSource: produce(): 32215 samples produced in 1s 552 ms on channel 0
2026-08-30 09:52:50,071 INFO o.a.j.r.d.ReportGenerator: Exporting data using exporter:'json' of className:'org.apache.jmeter.report.dashboard.JsonExporter'
2026-08-30 09:52:50,201 INFO o.a.j.r.d.JsonExporter: Found data for consumer statisticsSummary in context
2026-08-30 09:52:50,201 INFO o.a.j.r.d.JsonExporter: Creating statistics for overall
2026-08-30 09:52:50,202 INFO o.a.j.r.d.JsonExporter: Creating statistics for other transactions
2026-08-30 09:52:50,202 INFO o.a.j.r.d.JsonExporter: Checking output folder
2026-08-30 09:52:50,204 INFO o.a.j.r.d.JsonExporter: Writing statistics JSON to D:\23127249\QA\hw5\23127249_HW05_AI_Performance_XXX\results\html-report-stress\statistics.json
2026-08-30 09:52:50,260 INFO o.a.j.r.d.ReportGenerator: Exporting data using exporter:'html' of className:'org.apache.jmeter.report.dashboard.HtmlTemplateExporter'
2026-08-30 09:52:50,263 INFO o.a.j.r.d.HtmlTemplateExporter: Will generate dashboard in folder: D:\23127249\QA\hw5\23127249_HW05_AI_Performance_XXX\results\html-report-stress
2026-08-30 09:52:50,443 INFO o.a.j.r.d.HtmlTemplateExporter: Report will be generated in: D:\23127249\QA\hw5\23127249_HW05_AI_Performance_XXX\results\html-report-stress, creating folder structure
2026-08-30 09:52:50,447 INFO o.a.j.r.d.TemplateVisitor: Copying folder from 'D:\tools\apache-jmeter-5.6.3\bin\report-template' to 'D:\23127249\QA\hw5\23127249_HW05_AI_Performance_XXX\results\html-report-stress', got message: D:\23127249\QA\hw5\23127249_HW05_AI_Performance_XXX\results\html-report-stress, found non empty folder with following content [D:\23127249\QA\hw5\23127249_HW05_AI_Performance_XXX\results\html-report-stress\statistics.json], will be ignored
2026-08-30 09:52:50,891 INFO o.a.j.JMeter: Dashboard generated
