2026-08-30 09:36:44,031 INFO o.a.j.u.JMeterUtils: Setting Locale to en_EN
2026-08-30 09:36:44,046 INFO o.a.j.JMeter: Loading user properties from: D:\tools\apache-jmeter-5.6.3\bin\user.properties
2026-08-30 09:36:44,047 INFO o.a.j.JMeter: Loading system properties from: D:\tools\apache-jmeter-5.6.3\bin\system.properties
2026-08-30 09:36:44,047 INFO o.a.j.JMeter: Setting JMeter property: THREADS=50
2026-08-30 09:36:44,048 INFO o.a.j.JMeter: Setting JMeter property: RAMP=60
2026-08-30 09:36:44,048 INFO o.a.j.JMeter: Setting JMeter property: DURATION=600
2026-08-30 09:36:44,056 INFO o.a.j.JMeter: Copyright (c) 1998-2024 The Apache Software Foundation
2026-08-30 09:36:44,057 INFO o.a.j.JMeter: Version 5.6.3
2026-08-30 09:36:44,057 INFO o.a.j.JMeter: java.version=25.0.2
2026-08-30 09:36:44,057 INFO o.a.j.JMeter: java.vm.name=Java HotSpot(TM) 64-Bit Server VM
2026-08-30 09:36:44,057 INFO o.a.j.JMeter: os.name=Windows 11
2026-08-30 09:36:44,057 INFO o.a.j.JMeter: os.arch=amd64
2026-08-30 09:36:44,057 INFO o.a.j.JMeter: os.version=10.0
2026-08-30 09:36:44,057 INFO o.a.j.JMeter: file.encoding=UTF-8
2026-08-30 09:36:44,057 INFO o.a.j.JMeter: java.awt.headless=true
2026-08-30 09:36:44,057 INFO o.a.j.JMeter: Max memory     =1073741824
2026-08-30 09:36:44,058 INFO o.a.j.JMeter: Available Processors =16
2026-08-30 09:36:44,070 INFO o.a.j.JMeter: Default Locale=English (EN)
2026-08-30 09:36:44,070 INFO o.a.j.JMeter: JMeter  Locale=English (EN)
2026-08-30 09:36:44,070 INFO o.a.j.JMeter: JMeterHome=D:\tools\apache-jmeter-5.6.3
2026-08-30 09:36:44,071 INFO o.a.j.JMeter: user.dir  =D:\23127249\QA\hw5
2026-08-30 09:36:44,071 INFO o.a.j.JMeter: PWD       =D:\23127249\QA\hw5
2026-08-30 09:36:44,072 INFO o.a.j.JMeter: IP: 100.67.19.48 Name: ThieuNagg FullName: thieunagg.tail047b9a.ts.net.
2026-08-30 09:36:44,079 INFO o.a.j.JMeter: Setting property 'jmeter.reportgenerator.outputdir' to:'D:\23127249\QA\hw5\23127249_HW05_AI_Performance_XXX\results\html-report-load'
2026-08-30 09:36:44,081 INFO o.a.j.s.FileServer: Default base='D:\23127249\QA\hw5'
2026-08-30 09:36:44,081 INFO o.a.j.s.FileServer: Set new base='D:\23127249\QA\hw5\23127249_HW05_AI_Performance_XXX\test-plans'
2026-08-30 09:36:44,265 INFO o.a.j.s.SaveService: Testplan (JMX) version: 2.2. Testlog (JTL) version: 2.2
2026-08-30 09:36:44,280 INFO o.a.j.s.SaveService: Using SaveService properties version 5.0
2026-08-30 09:36:44,282 INFO o.a.j.s.SaveService: Using SaveService properties file encoding UTF-8
2026-08-30 09:36:44,285 INFO o.a.j.s.SaveService: Loading file: D:\23127249\QA\hw5\23127249_HW05_AI_Performance_XXX\test-plans\23127249_Load_20260830.jmx
2026-08-30 09:36:44,327 INFO o.a.j.p.h.s.HTTPSamplerBase: Parser for text/html is org.apache.jmeter.protocol.http.parser.LagartoBasedHtmlParser
2026-08-30 09:36:44,327 INFO o.a.j.p.h.s.HTTPSamplerBase: Parser for application/xhtml+xml is org.apache.jmeter.protocol.http.parser.LagartoBasedHtmlParser
2026-08-30 09:36:44,327 INFO o.a.j.p.h.s.HTTPSamplerBase: Parser for application/xml is org.apache.jmeter.protocol.http.parser.LagartoBasedHtmlParser
2026-08-30 09:36:44,328 INFO o.a.j.p.h.s.HTTPSamplerBase: Parser for text/xml is org.apache.jmeter.protocol.http.parser.LagartoBasedHtmlParser
2026-08-30 09:36:44,328 INFO o.a.j.p.h.s.HTTPSamplerBase: Parser for text/vnd.wap.wml is org.apache.jmeter.protocol.http.parser.RegexpHTMLParser
2026-08-30 09:36:44,328 INFO o.a.j.p.h.s.HTTPSamplerBase: Parser for text/css is org.apache.jmeter.protocol.http.parser.CssParser
2026-08-30 09:36:44,370 INFO o.a.j.JMeter: Creating summariser <summary>
2026-08-30 09:36:44,373 INFO o.a.j.r.d.ReportGenerator: ReportGenerator will use for Parsing the separator: ','
2026-08-30 09:36:44,373 INFO o.a.j.r.d.ReportGenerator: Will generate report at end of test from  results file: D:\23127249\QA\hw5\23127249_HW05_AI_Performance_XXX\results\23127249_load_20260830.jtl
2026-08-30 09:36:44,374 INFO o.a.j.r.d.ReportGenerator: Reading report generator properties from: D:\tools\apache-jmeter-5.6.3\bin\reportgenerator.properties
2026-08-30 09:36:44,374 INFO o.a.j.r.d.ReportGenerator: Merging with JMeter properties
2026-08-30 09:36:44,377 INFO o.a.j.r.c.ReportGeneratorConfiguration: Property 'jmeter.reportgenerator.temp_dir' not found, using default value 'temp' instead.
2026-08-30 09:36:44,379 INFO o.a.j.r.c.ReportGeneratorConfiguration: Property 'jmeter.reportgenerator.apdex_per_transaction' not found, using default value 'null' instead.
2026-08-30 09:36:44,379 INFO o.a.j.r.c.ReportGeneratorConfiguration: apdex_per_transaction is empty, not APDEX per transaction customization
2026-08-30 09:36:44,379 INFO o.a.j.r.c.ReportGeneratorConfiguration: Property 'jmeter.reportgenerator.sample_filter' not found, using default value 'null' instead.
2026-08-30 09:36:44,379 INFO o.a.j.r.c.ReportGeneratorConfiguration: Property 'jmeter.reportgenerator.report_title' not found, using default value 'null' instead.
2026-08-30 09:36:44,379 INFO o.a.j.r.c.ReportGeneratorConfiguration: Property 'jmeter.reportgenerator.start_date' not found, using default value 'null' instead.
2026-08-30 09:36:44,379 INFO o.a.j.r.c.ReportGeneratorConfiguration: Property 'jmeter.reportgenerator.end_date' not found, using default value 'null' instead.
2026-08-30 09:36:44,379 INFO o.a.j.r.c.ReportGeneratorConfiguration: Property 'jmeter.reportgenerator.date_format' not found, using default value 'null' instead.
2026-08-30 09:36:44,380 INFO o.a.j.r.c.ReportGeneratorConfiguration: Will use date range start date: null, end date: null
2026-08-30 09:36:44,382 INFO o.a.j.r.c.ReportGeneratorConfiguration: Property 'jmeter.reportgenerator.graph.totalTPS.exclude_controllers' not found, using default value 'false' instead.
2026-08-30 09:36:44,382 INFO o.a.j.r.c.ReportGeneratorConfiguration: Property 'jmeter.reportgenerator.graph.activeThreadsOverTime.exclude_controllers' not found, using default value 'false' instead.
2026-08-30 09:36:44,382 INFO o.a.j.r.c.ReportGeneratorConfiguration: Property 'jmeter.reportgenerator.graph.timeVsThreads.exclude_controllers' not found, using default value 'false' instead.
2026-08-30 09:36:44,382 INFO o.a.j.r.c.ReportGeneratorConfiguration: Property 'jmeter.reportgenerator.graph.responseTimeDistribution.exclude_controllers' not found, using default value 'false' instead.
2026-08-30 09:36:44,382 INFO o.a.j.r.c.ReportGeneratorConfiguration: Property 'jmeter.reportgenerator.graph.transactionsPerSecond.exclude_controllers' not found, using default value 'false' instead.
2026-08-30 09:36:44,383 INFO o.a.j.r.c.ReportGeneratorConfiguration: Property 'jmeter.reportgenerator.graph.responseTimePercentiles.exclude_controllers' not found, using default value 'false' instead.
2026-08-30 09:36:44,383 INFO o.a.j.r.c.ReportGeneratorConfiguration: Property 'jmeter.reportgenerator.graph.responseTimePercentilesOverTime.exclude_controllers' not found, using default value 'false' instead.
2026-08-30 09:36:44,383 INFO o.a.j.r.c.ReportGeneratorConfiguration: Property 'jmeter.reportgenerator.graph.responseTimesOverTime.exclude_controllers' not found, using default value 'false' instead.
2026-08-30 09:36:44,383 INFO o.a.j.r.c.ReportGeneratorConfiguration: Property 'jmeter.reportgenerator.graph.connectTimeOverTime.exclude_controllers' not found, using default value 'false' instead.
2026-08-30 09:36:44,383 INFO o.a.j.r.c.ReportGeneratorConfiguration: Property 'jmeter.reportgenerator.graph.latenciesOverTime.exclude_controllers' not found, using default value 'false' instead.
2026-08-30 09:36:44,383 INFO o.a.j.r.c.ReportGeneratorConfiguration: Property 'jmeter.reportgenerator.exporter.json.filters_only_sample_series' not found, using default value 'true' instead.
2026-08-30 09:36:44,384 INFO o.a.j.r.c.ReportGeneratorConfiguration: Property 'jmeter.reportgenerator.exporter.json.series_filter' not found, using default value '' instead.
2026-08-30 09:36:44,384 INFO o.a.j.r.c.ReportGeneratorConfiguration: Property 'jmeter.reportgenerator.exporter.json.show_controllers_only' not found, using default value 'false' instead.
2026-08-30 09:36:44,384 INFO o.a.j.r.c.ReportGeneratorConfiguration: Property 'jmeter.reportgenerator.exporter.html.filters_only_sample_series' not found, using default value 'true' instead.
2026-08-30 09:36:44,384 INFO o.a.j.r.c.ReportGeneratorConfiguration: Property 'jmeter.reportgenerator.exporter.html.series_filter' not found, using default value '' instead.
2026-08-30 09:36:44,384 INFO o.a.j.r.c.ReportGeneratorConfiguration: Property 'jmeter.reportgenerator.exporter.html.show_controllers_only' not found, using default value 'false' instead.
2026-08-30 09:36:44,392 INFO o.a.j.e.StandardJMeterEngine: Running the test!
2026-08-30 09:36:44,393 INFO o.a.j.s.SampleEvent: List of sample_variables: []
2026-08-30 09:36:44,393 INFO o.a.j.s.SampleEvent: List of sample_variables: []
2026-08-30 09:36:44,397 INFO o.a.j.e.u.CompoundVariable: Note: Function class names must contain the string: '.functions.'
2026-08-30 09:36:44,397 INFO o.a.j.e.u.CompoundVariable: Note: Function class names must not contain the string: '.gui.'
2026-08-30 09:36:44,461 INFO o.a.j.JMeter: Running test (1788057404461)
2026-08-30 09:36:44,475 INFO o.a.j.e.StandardJMeterEngine: Starting ThreadGroup: 1 : E2E Load
2026-08-30 09:36:44,476 INFO o.a.j.e.StandardJMeterEngine: Starting 50 threads for group E2E Load.
2026-08-30 09:36:44,476 INFO o.a.j.e.StandardJMeterEngine: Thread will continue on error
2026-08-30 09:36:44,476 INFO o.a.j.t.ThreadGroup: Starting thread group... number=1 threads=50 ramp-up=60 delayedStart=false
2026-08-30 09:36:44,521 INFO o.a.j.t.ThreadGroup: Started thread group number 1
2026-08-30 09:36:44,521 INFO o.a.j.e.StandardJMeterEngine: All thread groups have been started
2026-08-30 09:36:44,542 INFO o.a.j.t.JMeterThread: Thread started: E2E Load 1-1
2026-08-30 09:36:44,545 INFO o.a.j.s.FileServer: Stored: ../data/coupons.csv
2026-08-30 09:36:44,554 INFO o.a.j.s.FileServer: Stored: ../data/products.csv
2026-08-30 09:36:44,554 INFO o.a.j.s.FileServer: Stored: ../data/users.csv
2026-08-30 09:36:45,742 INFO o.a.j.t.JMeterThread: Thread started: E2E Load 1-2
2026-08-30 09:36:46,940 INFO o.a.j.t.JMeterThread: Thread started: E2E Load 1-3
2026-08-30 09:36:48,143 INFO o.a.j.t.JMeterThread: Thread started: E2E Load 1-4
2026-08-30 09:36:49,343 INFO o.a.j.t.JMeterThread: Thread started: E2E Load 1-5
2026-08-30 09:36:50,547 INFO o.a.j.t.JMeterThread: Thread started: E2E Load 1-6
2026-08-30 09:36:51,742 INFO o.a.j.t.JMeterThread: Thread started: E2E Load 1-7
2026-08-30 09:36:52,006 INFO o.a.j.p.h.s.HTTPHCAbstractImpl: Local host = ThieuNagg
2026-08-30 09:36:52,012 INFO o.a.j.p.h.s.HTTPHC4Impl: HTTP request retry count = 0
2026-08-30 09:36:52,013 INFO o.a.j.s.SampleResult: Note: Sample TimeStamps are START times
2026-08-30 09:36:52,013 INFO o.a.j.s.SampleResult: sampleresult.default.encoding is set to UTF-8
2026-08-30 09:36:52,014 INFO o.a.j.s.SampleResult: sampleresult.useNanoTime=true
2026-08-30 09:36:52,014 INFO o.a.j.s.SampleResult: sampleresult.nanoThreadSleep=5000
2026-08-30 09:36:52,947 INFO o.a.j.t.JMeterThread: Thread started: E2E Load 1-8
2026-08-30 09:36:54,138 INFO o.a.j.t.JMeterThread: Thread started: E2E Load 1-9
2026-08-30 09:36:55,345 INFO o.a.j.t.JMeterThread: Thread started: E2E Load 1-10
2026-08-30 09:36:56,544 INFO o.a.j.t.JMeterThread: Thread started: E2E Load 1-11
2026-08-30 09:36:57,746 INFO o.a.j.t.JMeterThread: Thread started: E2E Load 1-12
2026-08-30 09:36:58,934 INFO o.a.j.t.JMeterThread: Thread started: E2E Load 1-13
2026-08-30 09:37:00,148 INFO o.a.j.t.JMeterThread: Thread started: E2E Load 1-14
2026-08-30 09:37:00,590 INFO o.a.j.r.Summariser: summary +      9 in 00:00:16 =    0.6/s Avg:     7 Min:     3 Max:    31 Err:     0 (0.00%) Active: 14 Started: 14 Finished: 0
2026-08-30 09:37:01,347 INFO o.a.j.t.JMeterThread: Thread started: E2E Load 1-15
2026-08-30 09:37:02,546 INFO o.a.j.t.JMeterThread: Thread started: E2E Load 1-16
2026-08-30 09:37:03,738 INFO o.a.j.t.JMeterThread: Thread started: E2E Load 1-17
2026-08-30 09:37:04,934 INFO o.a.j.t.JMeterThread: Thread started: E2E Load 1-18
2026-08-30 09:37:06,140 INFO o.a.j.t.JMeterThread: Thread started: E2E Load 1-19
2026-08-30 09:37:07,336 INFO o.a.j.t.JMeterThread: Thread started: E2E Load 1-20
2026-08-30 09:37:08,532 INFO o.a.j.t.JMeterThread: Thread started: E2E Load 1-21
2026-08-30 09:37:09,727 INFO o.a.j.t.JMeterThread: Thread started: E2E Load 1-22
2026-08-30 09:37:10,927 INFO o.a.j.t.JMeterThread: Thread started: E2E Load 1-23
2026-08-30 09:37:12,130 INFO o.a.j.t.JMeterThread: Thread started: E2E Load 1-24
2026-08-30 09:37:13,350 INFO o.a.j.t.JMeterThread: Thread started: E2E Load 1-25
2026-08-30 09:37:14,530 INFO o.a.j.t.JMeterThread: Thread started: E2E Load 1-26
2026-08-30 09:37:15,724 INFO o.a.j.t.JMeterThread: Thread started: E2E Load 1-27
2026-08-30 09:37:16,926 INFO o.a.j.t.JMeterThread: Thread started: E2E Load 1-28
2026-08-30 09:37:18,128 INFO o.a.j.t.JMeterThread: Thread started: E2E Load 1-29
2026-08-30 09:37:19,325 INFO o.a.j.t.JMeterThread: Thread started: E2E Load 1-30
2026-08-30 09:37:20,516 INFO o.a.j.t.JMeterThread: Thread started: E2E Load 1-31
2026-08-30 09:37:21,723 INFO o.a.j.t.JMeterThread: Thread started: E2E Load 1-32
2026-08-30 09:37:22,928 INFO o.a.j.t.JMeterThread: Thread started: E2E Load 1-33
2026-08-30 09:37:24,116 INFO o.a.j.t.JMeterThread: Thread started: E2E Load 1-34
2026-08-30 09:37:25,325 INFO o.a.j.t.JMeterThread: Thread started: E2E Load 1-35
2026-08-30 09:37:26,521 INFO o.a.j.t.JMeterThread: Thread started: E2E Load 1-36
2026-08-30 09:37:27,709 INFO o.a.j.t.JMeterThread: Thread started: E2E Load 1-37
2026-08-30 09:37:28,925 INFO o.a.j.t.JMeterThread: Thread started: E2E Load 1-38
2026-08-30 09:37:30,118 INFO o.a.j.t.JMeterThread: Thread started: E2E Load 1-39
2026-08-30 09:37:30,516 INFO o.a.j.r.Summariser: summary +     94 in 00:00:30 =    3.1/s Avg:     3 Min:     2 Max:     9 Err:     0 (0.00%) Active: 39 Started: 39 Finished: 0
2026-08-30 09:37:30,517 INFO o.a.j.r.Summariser: summary =    103 in 00:00:46 =    2.2/s Avg:     4 Min:     2 Max:    31 Err:     0 (0.00%)
2026-08-30 09:37:31,318 INFO o.a.j.t.JMeterThread: Thread started: E2E Load 1-40
2026-08-30 09:37:32,515 INFO o.a.j.t.JMeterThread: Thread started: E2E Load 1-41
2026-08-30 09:37:33,706 INFO o.a.j.t.JMeterThread: Thread started: E2E Load 1-42
2026-08-30 09:37:34,918 INFO o.a.j.t.JMeterThread: Thread started: E2E Load 1-43
2026-08-30 09:37:36,117 INFO o.a.j.t.JMeterThread: Thread started: E2E Load 1-44
2026-08-30 09:37:37,303 INFO o.a.j.t.JMeterThread: Thread started: E2E Load 1-45
2026-08-30 09:37:37,667 INFO o.a.j.u.JsseSSLManager: Using default SSL protocol: TLS
2026-08-30 09:37:37,667 INFO o.a.j.u.JsseSSLManager: SSL session context: per-thread
2026-08-30 09:37:38,504 INFO o.a.j.t.JMeterThread: Thread started: E2E Load 1-46
2026-08-30 09:37:39,711 INFO o.a.j.t.JMeterThread: Thread started: E2E Load 1-47
2026-08-30 09:37:40,908 INFO o.a.j.t.JMeterThread: Thread started: E2E Load 1-48
2026-08-30 09:37:42,114 INFO o.a.j.t.JMeterThread: Thread started: E2E Load 1-49
2026-08-30 09:37:43,299 INFO o.a.j.t.JMeterThread: Thread started: E2E Load 1-50
2026-08-30 09:38:00,024 INFO o.a.j.r.Summariser: summary +    179 in 00:00:30 =    6.1/s Avg:     4 Min:     2 Max:    17 Err:     0 (0.00%) Active: 50 Started: 50 Finished: 0
2026-08-30 09:38:00,024 INFO o.a.j.r.Summariser: summary =    282 in 00:01:16 =    3.7/s Avg:     4 Min:     2 Max:    31 Err:     0 (0.00%)
2026-08-30 09:38:30,253 INFO o.a.j.r.Summariser: summary +    200 in 00:00:30 =    6.6/s Avg:     3 Min:     1 Max:    12 Err:     0 (0.00%) Active: 50 Started: 50 Finished: 0
2026-08-30 09:38:30,253 INFO o.a.j.r.Summariser: summary =    482 in 00:01:46 =    4.6/s Avg:     4 Min:     1 Max:    31 Err:     0 (0.00%)
2026-08-30 09:39:00,123 INFO o.a.j.r.Summariser: summary +    201 in 00:00:30 =    6.7/s Avg:     3 Min:     1 Max:    17 Err:     0 (0.00%) Active: 50 Started: 50 Finished: 0
2026-08-30 09:39:00,123 INFO o.a.j.r.Summariser: summary =    683 in 00:02:16 =    5.0/s Avg:     3 Min:     1 Max:    31 Err:     0 (0.00%)
2026-08-30 09:39:30,678 INFO o.a.j.r.Summariser: summary +    201 in 00:00:31 =    6.6/s Avg:     3 Min:     1 Max:    16 Err:     0 (0.00%) Active: 50 Started: 50 Finished: 0
2026-08-30 09:39:30,678 INFO o.a.j.r.Summariser: summary =    884 in 00:02:46 =    5.3/s Avg:     3 Min:     1 Max:    31 Err:     0 (0.00%)
2026-08-30 09:40:00,016 INFO o.a.j.r.Summariser: summary +    195 in 00:00:29 =    6.6/s Avg:     3 Min:     1 Max:    10 Err:     0 (0.00%) Active: 50 Started: 50 Finished: 0
2026-08-30 09:40:00,016 INFO o.a.j.r.Summariser: summary =   1079 in 00:03:16 =    5.5/s Avg:     3 Min:     1 Max:    31 Err:     0 (0.00%)
2026-08-30 09:40:30,117 INFO o.a.j.r.Summariser: summary +    198 in 00:00:30 =    6.6/s Avg:     3 Min:     1 Max:    18 Err:     0 (0.00%) Active: 50 Started: 50 Finished: 0
2026-08-30 09:40:30,117 INFO o.a.j.r.Summariser: summary =   1277 in 00:03:46 =    5.7/s Avg:     3 Min:     1 Max:    31 Err:     0 (0.00%)
2026-08-30 09:41:00,292 INFO o.a.j.r.Summariser: summary +    201 in 00:00:30 =    6.7/s Avg:     3 Min:     1 Max:    13 Err:     0 (0.00%) Active: 50 Started: 50 Finished: 0
2026-08-30 09:41:00,293 INFO o.a.j.r.Summariser: summary =   1478 in 00:04:16 =    5.8/s Avg:     3 Min:     1 Max:    31 Err:     0 (0.00%)
2026-08-30 09:41:30,203 INFO o.a.j.r.Summariser: summary +    200 in 00:00:30 =    6.7/s Avg:     3 Min:     1 Max:    16 Err:     0 (0.00%) Active: 50 Started: 50 Finished: 0
2026-08-30 09:41:30,203 INFO o.a.j.r.Summariser: summary =   1678 in 00:04:46 =    5.9/s Avg:     3 Min:     1 Max:    31 Err:     0 (0.00%)
2026-08-30 09:42:00,129 INFO o.a.j.r.Summariser: summary +    202 in 00:00:30 =    6.7/s Avg:     2 Min:     1 Max:    11 Err:     0 (0.00%) Active: 50 Started: 50 Finished: 0
2026-08-30 09:42:00,129 INFO o.a.j.r.Summariser: summary =   1880 in 00:05:16 =    6.0/s Avg:     3 Min:     1 Max:    31 Err:     0 (0.00%)
2026-08-30 09:42:30,009 INFO o.a.j.r.Summariser: summary +    200 in 00:00:30 =    6.7/s Avg:     3 Min:     1 Max:    11 Err:     0 (0.00%) Active: 50 Started: 50 Finished: 0
2026-08-30 09:42:30,009 INFO o.a.j.r.Summariser: summary =   2080 in 00:05:46 =    6.0/s Avg:     3 Min:     1 Max:    31 Err:     0 (0.00%)
2026-08-30 09:43:00,324 INFO o.a.j.r.Summariser: summary +    198 in 00:00:30 =    6.5/s Avg:     3 Min:     1 Max:    10 Err:     0 (0.00%) Active: 50 Started: 50 Finished: 0
2026-08-30 09:43:00,324 INFO o.a.j.r.Summariser: summary =   2278 in 00:06:16 =    6.1/s Avg:     3 Min:     1 Max:    31 Err:     0 (0.00%)
2026-08-30 09:43:30,127 INFO o.a.j.r.Summariser: summary +    202 in 00:00:30 =    6.8/s Avg:     3 Min:     1 Max:    15 Err:     0 (0.00%) Active: 50 Started: 50 Finished: 0
2026-08-30 09:43:30,127 INFO o.a.j.r.Summariser: summary =   2480 in 00:06:46 =    6.1/s Avg:     3 Min:     1 Max:    31 Err:     0 (0.00%)
2026-08-30 09:44:00,222 INFO o.a.j.r.Summariser: summary +    199 in 00:00:30 =    6.6/s Avg:     2 Min:     1 Max:     9 Err:     0 (0.00%) Active: 50 Started: 50 Finished: 0
2026-08-30 09:44:00,223 INFO o.a.j.r.Summariser: summary =   2679 in 00:07:16 =    6.1/s Avg:     3 Min:     1 Max:    31 Err:     0 (0.00%)
2026-08-30 09:44:30,020 INFO o.a.j.r.Summariser: summary +    201 in 00:00:30 =    6.7/s Avg:     2 Min:     1 Max:    10 Err:     0 (0.00%) Active: 50 Started: 50 Finished: 0
2026-08-30 09:44:30,020 INFO o.a.j.r.Summariser: summary =   2880 in 00:07:46 =    6.2/s Avg:     3 Min:     1 Max:    31 Err:     0 (0.00%)
2026-08-30 09:45:00,281 INFO o.a.j.r.Summariser: summary +    199 in 00:00:30 =    6.6/s Avg:     3 Min:     1 Max:    15 Err:     0 (0.00%) Active: 50 Started: 50 Finished: 0
2026-08-30 09:45:00,281 INFO o.a.j.r.Summariser: summary =   3079 in 00:08:16 =    6.2/s Avg:     3 Min:     1 Max:    31 Err:     0 (0.00%)
2026-08-30 09:45:30,353 INFO o.a.j.r.Summariser: summary +    203 in 00:00:30 =    6.8/s Avg:     3 Min:     1 Max:    16 Err:     0 (0.00%) Active: 50 Started: 50 Finished: 0
2026-08-30 09:45:30,353 INFO o.a.j.r.Summariser: summary =   3282 in 00:08:46 =    6.2/s Avg:     3 Min:     1 Max:    31 Err:     0 (0.00%)
2026-08-30 09:46:00,032 INFO o.a.j.r.Summariser: summary +    196 in 00:00:30 =    6.6/s Avg:     3 Min:     1 Max:    16 Err:     0 (0.00%) Active: 50 Started: 50 Finished: 0
2026-08-30 09:46:00,033 INFO o.a.j.r.Summariser: summary =   3478 in 00:09:16 =    6.3/s Avg:     3 Min:     1 Max:    31 Err:     0 (0.00%)
2026-08-30 09:46:30,261 INFO o.a.j.r.Summariser: summary +    198 in 00:00:30 =    6.6/s Avg:     3 Min:     1 Max:    16 Err:     0 (0.00%) Active: 50 Started: 50 Finished: 0
2026-08-30 09:46:30,261 INFO o.a.j.r.Summariser: summary =   3676 in 00:09:46 =    6.3/s Avg:     3 Min:     1 Max:    31 Err:     0 (0.00%)
2026-08-30 09:46:37,027 INFO o.a.j.t.JMeterThread: Thread finished: E2E Load 1-34
2026-08-30 09:46:37,185 INFO o.a.j.t.JMeterThread: Thread finished: E2E Load 1-47
2026-08-30 09:46:37,277 INFO o.a.j.t.JMeterThread: Thread finished: E2E Load 1-26
2026-08-30 09:46:37,356 INFO o.a.j.t.JMeterThread: Thread finished: E2E Load 1-18
2026-08-30 09:46:37,687 INFO o.a.j.t.JMeterThread: Thread finished: E2E Load 1-2
2026-08-30 09:46:38,029 INFO o.a.j.t.JMeterThread: Thread finished: E2E Load 1-4
2026-08-30 09:46:38,060 INFO o.a.j.t.JMeterThread: Thread finished: E2E Load 1-7
2026-08-30 09:46:38,330 INFO o.a.j.t.JMeterThread: Thread finished: E2E Load 1-50
2026-08-30 09:46:38,371 INFO o.a.j.t.JMeterThread: Thread finished: E2E Load 1-8
2026-08-30 09:46:38,399 INFO o.a.j.t.JMeterThread: Thread finished: E2E Load 1-23
2026-08-30 09:46:39,055 INFO o.a.j.t.JMeterThread: Thread finished: E2E Load 1-6
2026-08-30 09:46:39,118 INFO o.a.j.t.JMeterThread: Thread finished: E2E Load 1-15
2026-08-30 09:46:39,195 INFO o.a.j.t.JMeterThread: Thread finished: E2E Load 1-24
2026-08-30 09:46:39,442 INFO o.a.j.t.JMeterThread: Thread finished: E2E Load 1-19
2026-08-30 09:46:39,601 INFO o.a.j.t.JMeterThread: Thread finished: E2E Load 1-3
2026-08-30 09:46:39,620 INFO o.a.j.t.JMeterThread: Thread finished: E2E Load 1-38
2026-08-30 09:46:39,701 INFO o.a.j.t.JMeterThread: Thread finished: E2E Load 1-43
2026-08-30 09:46:39,883 INFO o.a.j.t.JMeterThread: Thread finished: E2E Load 1-1
2026-08-30 09:46:39,898 INFO o.a.j.t.JMeterThread: Thread finished: E2E Load 1-17
2026-08-30 09:46:40,149 INFO o.a.j.t.JMeterThread: Thread finished: E2E Load 1-42
2026-08-30 09:46:40,278 INFO o.a.j.t.JMeterThread: Thread finished: E2E Load 1-45
2026-08-30 09:46:40,304 INFO o.a.j.t.JMeterThread: Thread finished: E2E Load 1-36
2026-08-30 09:46:40,604 INFO o.a.j.t.JMeterThread: Thread finished: E2E Load 1-14
2026-08-30 09:46:40,710 INFO o.a.j.t.JMeterThread: Thread finished: E2E Load 1-27
2026-08-30 09:46:40,743 INFO o.a.j.t.JMeterThread: Thread finished: E2E Load 1-28
2026-08-30 09:46:40,758 INFO o.a.j.t.JMeterThread: Thread finished: E2E Load 1-5
2026-08-30 09:46:40,820 INFO o.a.j.t.JMeterThread: Thread finished: E2E Load 1-46
2026-08-30 09:46:40,944 INFO o.a.j.t.JMeterThread: Thread finished: E2E Load 1-37
2026-08-30 09:46:41,131 INFO o.a.j.t.JMeterThread: Thread finished: E2E Load 1-31
2026-08-30 09:46:41,178 INFO o.a.j.t.JMeterThread: Thread finished: E2E Load 1-21
2026-08-30 09:46:41,340 INFO o.a.j.t.JMeterThread: Thread finished: E2E Load 1-9
2026-08-30 09:46:41,398 INFO o.a.j.t.JMeterThread: Thread finished: E2E Load 1-35
2026-08-30 09:46:41,496 INFO o.a.j.t.JMeterThread: Thread finished: E2E Load 1-48
2026-08-30 09:46:41,632 INFO o.a.j.t.JMeterThread: Thread finished: E2E Load 1-33
2026-08-30 09:46:41,878 INFO o.a.j.t.JMeterThread: Thread finished: E2E Load 1-25
2026-08-30 09:46:41,991 INFO o.a.j.t.JMeterThread: Thread finished: E2E Load 1-32
2026-08-30 09:46:42,005 INFO o.a.j.t.JMeterThread: Thread finished: E2E Load 1-40
2026-08-30 09:46:42,082 INFO o.a.j.t.JMeterThread: Thread finished: E2E Load 1-16
2026-08-30 09:46:42,205 INFO o.a.j.t.JMeterThread: Thread finished: E2E Load 1-29
2026-08-30 09:46:42,366 INFO o.a.j.t.JMeterThread: Thread finished: E2E Load 1-11
2026-08-30 09:46:42,536 INFO o.a.j.t.JMeterThread: Thread finished: E2E Load 1-20
2026-08-30 09:46:43,069 INFO o.a.j.t.JMeterThread: Thread finished: E2E Load 1-13
2026-08-30 09:46:43,283 INFO o.a.j.t.JMeterThread: Thread finished: E2E Load 1-44
2026-08-30 09:46:43,330 INFO o.a.j.t.JMeterThread: Thread finished: E2E Load 1-30
2026-08-30 09:46:43,737 INFO o.a.j.t.JMeterThread: Thread finished: E2E Load 1-49
2026-08-30 09:46:44,205 INFO o.a.j.t.JMeterThread: Thread finished: E2E Load 1-12
2026-08-30 09:46:44,252 INFO o.a.j.t.JMeterThread: Thread finished: E2E Load 1-41
2026-08-30 09:46:44,267 INFO o.a.j.t.JMeterThread: Thread finished: E2E Load 1-22
2026-08-30 09:46:44,299 INFO o.a.j.t.JMeterThread: Thread finished: E2E Load 1-39
2026-08-30 09:46:44,455 INFO o.a.j.t.JMeterThread: Thread finished: E2E Load 1-10
2026-08-30 09:46:44,456 INFO o.a.j.e.StandardJMeterEngine: Notifying test listeners of end of test
2026-08-30 09:46:44,456 INFO o.a.j.s.FileServer: Close: ../data/products.csv
2026-08-30 09:46:44,456 INFO o.a.j.s.FileServer: Close: ../data/coupons.csv
2026-08-30 09:46:44,456 INFO o.a.j.s.FileServer: Close: ../data/users.csv
2026-08-30 09:46:44,457 INFO o.a.j.r.Summariser: summary +     98 in 00:00:14 =    6.9/s Avg:     3 Min:     1 Max:    11 Err:     0 (0.00%) Active: 0 Started: 50 Finished: 50
2026-08-30 09:46:44,457 INFO o.a.j.r.Summariser: summary =   3774 in 00:10:00 =    6.3/s Avg:     3 Min:     1 Max:    31 Err:     0 (0.00%)
2026-08-30 09:46:44,458 INFO o.a.j.JMeter: Generating Dashboard
2026-08-30 09:46:44,458 INFO o.a.j.r.d.ReportGenerator: Flushing result collector before report Generation
2026-08-30 09:46:44,500 INFO o.a.j.r.p.NormalizerSampleConsumer: Using format, 'ms', to parse timeStamp field
2026-08-30 09:46:44,768 INFO o.a.j.r.p.AbstractSampleConsumer: class org.apache.jmeter.report.processor.AggregateConsumer#stopProducing(): beginDate produced 0 samples
2026-08-30 09:46:44,768 INFO o.a.j.r.p.AbstractSampleConsumer: class org.apache.jmeter.report.processor.AggregateConsumer#stopProducing(): endDate produced 0 samples
2026-08-30 09:46:44,770 INFO o.a.j.r.p.AbstractSampleConsumer: class org.apache.jmeter.report.processor.ApdexSummaryConsumer#stopProducing(): apdexSummary produced 0 samples
2026-08-30 09:46:44,770 INFO o.a.j.r.p.AbstractSampleConsumer: class org.apache.jmeter.report.processor.RequestsSummaryConsumer#stopProducing(): requestsSummary produced 0 samples
2026-08-30 09:46:44,780 INFO o.a.j.r.p.AbstractSampleConsumer: class org.apache.jmeter.report.processor.StatisticsSummaryConsumer#stopProducing(): statisticsSummary produced 0 samples
2026-08-30 09:46:44,783 INFO o.a.j.r.p.AbstractSampleConsumer: class org.apache.jmeter.report.processor.Top5ErrorsBySamplerConsumer#stopProducing(): top5ErrorsBySampler produced 0 samples
2026-08-30 09:46:44,783 INFO o.a.j.r.p.AbstractSampleConsumer: class org.apache.jmeter.report.processor.ErrorsSummaryConsumer#stopProducing(): errorsSummary produced 0 samples
2026-08-30 09:46:44,784 INFO o.a.j.r.p.AbstractSampleConsumer: class org.apache.jmeter.report.processor.graph.impl.HitsPerSecondGraphConsumer#stopProducing(): hitsPerSecond produced 0 samples
2026-08-30 09:46:44,963 INFO o.a.j.r.p.AbstractSampleConsumer: class org.apache.jmeter.report.processor.graph.impl.LatencyVSRequestGraphConsumer#stopProducing(): latencyVsRequest produced 0 samples
2026-08-30 09:46:44,964 INFO o.a.j.r.p.AbstractSampleConsumer: class org.apache.jmeter.report.processor.graph.impl.SyntheticResponseTimeDistributionGraphConsumer#stopProducing(): syntheticResponseTimeDistribution produced 0 samples
2026-08-30 09:46:44,965 INFO o.a.j.r.p.AbstractSampleConsumer: class org.apache.jmeter.report.processor.graph.impl.BytesThroughputGraphConsumer#stopProducing(): bytesThroughputOverTime produced 0 samples
2026-08-30 09:46:44,965 INFO o.a.j.r.p.AbstractSampleConsumer: class org.apache.jmeter.report.processor.graph.impl.CodesPerSecondGraphConsumer#stopProducing(): codesPerSecond produced 0 samples
2026-08-30 09:46:45,120 INFO o.a.j.r.p.AbstractSampleConsumer: class org.apache.jmeter.report.processor.graph.impl.ResponseTimeVSRequestGraphConsumer#stopProducing(): responseTimeVsRequest produced 0 samples
2026-08-30 09:46:45,121 INFO o.a.j.r.p.AbstractSampleConsumer: class org.apache.jmeter.report.processor.FilterConsumer#stopProducing(): startIntervalControlerFilter produced 26418 samples
2026-08-30 09:46:45,121 INFO o.a.j.r.p.AbstractSampleConsumer: class org.apache.jmeter.report.processor.graph.impl.TotalTPSGraphConsumer#stopProducing(): totalTPS produced 0 samples
2026-08-30 09:46:45,122 INFO o.a.j.r.p.AbstractSampleConsumer: class org.apache.jmeter.report.processor.graph.impl.ActiveThreadsGraphConsumer#stopProducing(): activeThreadsOverTime produced 0 samples
2026-08-30 09:46:45,122 INFO o.a.j.r.p.AbstractSampleConsumer: class org.apache.jmeter.report.processor.graph.impl.TimeVSThreadGraphConsumer#stopProducing(): timeVsThreads produced 0 samples
2026-08-30 09:46:45,122 INFO o.a.j.r.p.AbstractSampleConsumer: class org.apache.jmeter.report.processor.graph.impl.ResponseTimeDistributionGraphConsumer#stopProducing(): responseTimeDistribution produced 0 samples
2026-08-30 09:46:45,123 INFO o.a.j.r.p.AbstractSampleConsumer: class org.apache.jmeter.report.processor.graph.impl.TransactionsPerSecondGraphConsumer#stopProducing(): transactionsPerSecond produced 0 samples
2026-08-30 09:46:45,124 INFO o.a.j.r.p.AbstractSampleConsumer: class org.apache.jmeter.report.processor.graph.impl.ResponseTimePercentilesGraphConsumer#stopProducing(): responseTimePercentiles produced 0 samples
2026-08-30 09:46:45,126 INFO o.a.j.r.p.AbstractSampleConsumer: class org.apache.jmeter.report.processor.graph.impl.ResponseTimePercentilesOverTimeGraphConsumer#stopProducing(): responseTimePercentilesOverTime produced 0 samples
2026-08-30 09:46:45,128 INFO o.a.j.r.p.AbstractSampleConsumer: class org.apache.jmeter.report.processor.graph.impl.ResponseTimeOverTimeGraphConsumer#stopProducing(): responseTimesOverTime produced 0 samples
2026-08-30 09:46:45,129 INFO o.a.j.r.p.AbstractSampleConsumer: class org.apache.jmeter.report.processor.graph.impl.ConnectTimeOverTimeGraphConsumer#stopProducing(): connectTimeOverTime produced 0 samples
2026-08-30 09:46:45,129 INFO o.a.j.r.p.AbstractSampleConsumer: class org.apache.jmeter.report.processor.graph.impl.LatencyOverTimeGraphConsumer#stopProducing(): latenciesOverTime produced 0 samples
2026-08-30 09:46:45,129 INFO o.a.j.r.p.AbstractSampleConsumer: class org.apache.jmeter.report.processor.FilterConsumer#stopProducing(): nameFilter produced 56610 samples
2026-08-30 09:46:45,129 INFO o.a.j.r.p.AbstractSampleConsumer: class org.apache.jmeter.report.processor.FilterConsumer#stopProducing(): dateRangeFilter produced 11322 samples
2026-08-30 09:46:45,129 INFO o.a.j.r.p.AbstractSampleConsumer: class org.apache.jmeter.report.processor.NormalizerSampleConsumer#stopProducing(): normalizer produced 3774 samples
2026-08-30 09:46:45,130 INFO o.a.j.r.p.CsvFileSampleSource: produce(): 3774 samples produced in 585ms on channel 0
2026-08-30 09:46:45,130 INFO o.a.j.r.d.ReportGenerator: Exporting data using exporter:'json' of className:'org.apache.jmeter.report.dashboard.JsonExporter'
2026-08-30 09:46:45,219 INFO o.a.j.r.d.JsonExporter: Found data for consumer statisticsSummary in context
2026-08-30 09:46:45,220 INFO o.a.j.r.d.JsonExporter: Creating statistics for overall
2026-08-30 09:46:45,220 INFO o.a.j.r.d.JsonExporter: Creating statistics for other transactions
2026-08-30 09:46:45,221 INFO o.a.j.r.d.JsonExporter: Checking output folder
2026-08-30 09:46:45,222 INFO o.a.j.r.d.JsonExporter: Writing statistics JSON to D:\23127249\QA\hw5\23127249_HW05_AI_Performance_XXX\results\html-report-load\statistics.json
2026-08-30 09:46:45,274 INFO o.a.j.r.d.ReportGenerator: Exporting data using exporter:'html' of className:'org.apache.jmeter.report.dashboard.HtmlTemplateExporter'
2026-08-30 09:46:45,277 INFO o.a.j.r.d.HtmlTemplateExporter: Will generate dashboard in folder: D:\23127249\QA\hw5\23127249_HW05_AI_Performance_XXX\results\html-report-load
2026-08-30 09:46:45,405 INFO o.a.j.r.d.HtmlTemplateExporter: Report will be generated in: D:\23127249\QA\hw5\23127249_HW05_AI_Performance_XXX\results\html-report-load, creating folder structure
2026-08-30 09:46:45,407 INFO o.a.j.r.d.TemplateVisitor: Copying folder from 'D:\tools\apache-jmeter-5.6.3\bin\report-template' to 'D:\23127249\QA\hw5\23127249_HW05_AI_Performance_XXX\results\html-report-load', got message: D:\23127249\QA\hw5\23127249_HW05_AI_Performance_XXX\results\html-report-load, found non empty folder with following content [D:\23127249\QA\hw5\23127249_HW05_AI_Performance_XXX\results\html-report-load\statistics.json], will be ignored
2026-08-30 09:46:45,706 INFO o.a.j.JMeter: Dashboard generated
