2026-08-30 09:54:27,948 INFO o.a.j.u.JMeterUtils: Setting Locale to en_EN
2026-08-30 09:54:27,961 INFO o.a.j.JMeter: Loading user properties from: D:\tools\apache-jmeter-5.6.3\bin\user.properties
2026-08-30 09:54:27,961 INFO o.a.j.JMeter: Loading system properties from: D:\tools\apache-jmeter-5.6.3\bin\system.properties
2026-08-30 09:54:27,962 INFO o.a.j.JMeter: Setting JMeter property: THREADS=40
2026-08-30 09:54:27,962 INFO o.a.j.JMeter: Setting JMeter property: RAMP=30
2026-08-30 09:54:27,962 INFO o.a.j.JMeter: Setting JMeter property: DURATION=720
2026-08-30 09:54:27,970 INFO o.a.j.JMeter: Copyright (c) 1998-2024 The Apache Software Foundation
2026-08-30 09:54:27,970 INFO o.a.j.JMeter: Version 5.6.3
2026-08-30 09:54:27,970 INFO o.a.j.JMeter: java.version=25.0.2
2026-08-30 09:54:27,970 INFO o.a.j.JMeter: java.vm.name=Java HotSpot(TM) 64-Bit Server VM
2026-08-30 09:54:27,970 INFO o.a.j.JMeter: os.name=Windows 11
2026-08-30 09:54:27,970 INFO o.a.j.JMeter: os.arch=amd64
2026-08-30 09:54:27,970 INFO o.a.j.JMeter: os.version=10.0
2026-08-30 09:54:27,970 INFO o.a.j.JMeter: file.encoding=UTF-8
2026-08-30 09:54:27,970 INFO o.a.j.JMeter: java.awt.headless=true
2026-08-30 09:54:27,971 INFO o.a.j.JMeter: Max memory     =1073741824
2026-08-30 09:54:27,971 INFO o.a.j.JMeter: Available Processors =16
2026-08-30 09:54:27,986 INFO o.a.j.JMeter: Default Locale=English (EN)
2026-08-30 09:54:27,986 INFO o.a.j.JMeter: JMeter  Locale=English (EN)
2026-08-30 09:54:27,986 INFO o.a.j.JMeter: JMeterHome=D:\tools\apache-jmeter-5.6.3
2026-08-30 09:54:27,986 INFO o.a.j.JMeter: user.dir  =D:\23127249\QA\hw5
2026-08-30 09:54:27,987 INFO o.a.j.JMeter: PWD       =D:\23127249\QA\hw5
2026-08-30 09:54:27,988 INFO o.a.j.JMeter: IP: 100.67.19.48 Name: ThieuNagg FullName: thieunagg.tail047b9a.ts.net.
2026-08-30 09:54:27,997 INFO o.a.j.JMeter: Setting property 'jmeter.reportgenerator.outputdir' to:'D:\23127249\QA\hw5\23127249_HW05_AI_Performance_XXX\results\html-report-soak'
2026-08-30 09:54:27,999 INFO o.a.j.s.FileServer: Default base='D:\23127249\QA\hw5'
2026-08-30 09:54:28,000 INFO o.a.j.s.FileServer: Set new base='D:\23127249\QA\hw5\23127249_HW05_AI_Performance_XXX\test-plans'
2026-08-30 09:54:28,191 INFO o.a.j.s.SaveService: Testplan (JMX) version: 2.2. Testlog (JTL) version: 2.2
2026-08-30 09:54:28,205 INFO o.a.j.s.SaveService: Using SaveService properties version 5.0
2026-08-30 09:54:28,207 INFO o.a.j.s.SaveService: Using SaveService properties file encoding UTF-8
2026-08-30 09:54:28,210 INFO o.a.j.s.SaveService: Loading file: D:\23127249\QA\hw5\23127249_HW05_AI_Performance_XXX\test-plans\23127249_Load_20260830.jmx
2026-08-30 09:54:28,249 INFO o.a.j.p.h.s.HTTPSamplerBase: Parser for text/html is org.apache.jmeter.protocol.http.parser.LagartoBasedHtmlParser
2026-08-30 09:54:28,249 INFO o.a.j.p.h.s.HTTPSamplerBase: Parser for application/xhtml+xml is org.apache.jmeter.protocol.http.parser.LagartoBasedHtmlParser
2026-08-30 09:54:28,249 INFO o.a.j.p.h.s.HTTPSamplerBase: Parser for application/xml is org.apache.jmeter.protocol.http.parser.LagartoBasedHtmlParser
2026-08-30 09:54:28,249 INFO o.a.j.p.h.s.HTTPSamplerBase: Parser for text/xml is org.apache.jmeter.protocol.http.parser.LagartoBasedHtmlParser
2026-08-30 09:54:28,249 INFO o.a.j.p.h.s.HTTPSamplerBase: Parser for text/vnd.wap.wml is org.apache.jmeter.protocol.http.parser.RegexpHTMLParser
2026-08-30 09:54:28,249 INFO o.a.j.p.h.s.HTTPSamplerBase: Parser for text/css is org.apache.jmeter.protocol.http.parser.CssParser
2026-08-30 09:54:28,279 INFO o.a.j.JMeter: Creating summariser <summary>
2026-08-30 09:54:28,282 INFO o.a.j.r.d.ReportGenerator: ReportGenerator will use for Parsing the separator: ','
2026-08-30 09:54:28,283 INFO o.a.j.r.d.ReportGenerator: Will generate report at end of test from  results file: D:\23127249\QA\hw5\23127249_HW05_AI_Performance_XXX\results\23127249_soak_20260830.jtl
2026-08-30 09:54:28,283 INFO o.a.j.r.d.ReportGenerator: Reading report generator properties from: D:\tools\apache-jmeter-5.6.3\bin\reportgenerator.properties
2026-08-30 09:54:28,284 INFO o.a.j.r.d.ReportGenerator: Merging with JMeter properties
2026-08-30 09:54:28,287 INFO o.a.j.r.c.ReportGeneratorConfiguration: Property 'jmeter.reportgenerator.temp_dir' not found, using default value 'temp' instead.
2026-08-30 09:54:28,289 INFO o.a.j.r.c.ReportGeneratorConfiguration: Property 'jmeter.reportgenerator.apdex_per_transaction' not found, using default value 'null' instead.
2026-08-30 09:54:28,289 INFO o.a.j.r.c.ReportGeneratorConfiguration: apdex_per_transaction is empty, not APDEX per transaction customization
2026-08-30 09:54:28,289 INFO o.a.j.r.c.ReportGeneratorConfiguration: Property 'jmeter.reportgenerator.sample_filter' not found, using default value 'null' instead.
2026-08-30 09:54:28,289 INFO o.a.j.r.c.ReportGeneratorConfiguration: Property 'jmeter.reportgenerator.report_title' not found, using default value 'null' instead.
2026-08-30 09:54:28,289 INFO o.a.j.r.c.ReportGeneratorConfiguration: Property 'jmeter.reportgenerator.start_date' not found, using default value 'null' instead.
2026-08-30 09:54:28,289 INFO o.a.j.r.c.ReportGeneratorConfiguration: Property 'jmeter.reportgenerator.end_date' not found, using default value 'null' instead.
2026-08-30 09:54:28,289 INFO o.a.j.r.c.ReportGeneratorConfiguration: Property 'jmeter.reportgenerator.date_format' not found, using default value 'null' instead.
2026-08-30 09:54:28,290 INFO o.a.j.r.c.ReportGeneratorConfiguration: Will use date range start date: null, end date: null
2026-08-30 09:54:28,292 INFO o.a.j.r.c.ReportGeneratorConfiguration: Property 'jmeter.reportgenerator.graph.totalTPS.exclude_controllers' not found, using default value 'false' instead.
2026-08-30 09:54:28,292 INFO o.a.j.r.c.ReportGeneratorConfiguration: Property 'jmeter.reportgenerator.graph.activeThreadsOverTime.exclude_controllers' not found, using default value 'false' instead.
2026-08-30 09:54:28,292 INFO o.a.j.r.c.ReportGeneratorConfiguration: Property 'jmeter.reportgenerator.graph.timeVsThreads.exclude_controllers' not found, using default value 'false' instead.
2026-08-30 09:54:28,292 INFO o.a.j.r.c.ReportGeneratorConfiguration: Property 'jmeter.reportgenerator.graph.responseTimeDistribution.exclude_controllers' not found, using default value 'false' instead.
2026-08-30 09:54:28,292 INFO o.a.j.r.c.ReportGeneratorConfiguration: Property 'jmeter.reportgenerator.graph.transactionsPerSecond.exclude_controllers' not found, using default value 'false' instead.
2026-08-30 09:54:28,293 INFO o.a.j.r.c.ReportGeneratorConfiguration: Property 'jmeter.reportgenerator.graph.responseTimePercentiles.exclude_controllers' not found, using default value 'false' instead.
2026-08-30 09:54:28,293 INFO o.a.j.r.c.ReportGeneratorConfiguration: Property 'jmeter.reportgenerator.graph.responseTimePercentilesOverTime.exclude_controllers' not found, using default value 'false' instead.
2026-08-30 09:54:28,293 INFO o.a.j.r.c.ReportGeneratorConfiguration: Property 'jmeter.reportgenerator.graph.responseTimesOverTime.exclude_controllers' not found, using default value 'false' instead.
2026-08-30 09:54:28,293 INFO o.a.j.r.c.ReportGeneratorConfiguration: Property 'jmeter.reportgenerator.graph.connectTimeOverTime.exclude_controllers' not found, using default value 'false' instead.
2026-08-30 09:54:28,293 INFO o.a.j.r.c.ReportGeneratorConfiguration: Property 'jmeter.reportgenerator.graph.latenciesOverTime.exclude_controllers' not found, using default value 'false' instead.
2026-08-30 09:54:28,294 INFO o.a.j.r.c.ReportGeneratorConfiguration: Property 'jmeter.reportgenerator.exporter.json.filters_only_sample_series' not found, using default value 'true' instead.
2026-08-30 09:54:28,294 INFO o.a.j.r.c.ReportGeneratorConfiguration: Property 'jmeter.reportgenerator.exporter.json.series_filter' not found, using default value '' instead.
2026-08-30 09:54:28,294 INFO o.a.j.r.c.ReportGeneratorConfiguration: Property 'jmeter.reportgenerator.exporter.json.show_controllers_only' not found, using default value 'false' instead.
2026-08-30 09:54:28,294 INFO o.a.j.r.c.ReportGeneratorConfiguration: Property 'jmeter.reportgenerator.exporter.html.filters_only_sample_series' not found, using default value 'true' instead.
2026-08-30 09:54:28,294 INFO o.a.j.r.c.ReportGeneratorConfiguration: Property 'jmeter.reportgenerator.exporter.html.series_filter' not found, using default value '' instead.
2026-08-30 09:54:28,294 INFO o.a.j.r.c.ReportGeneratorConfiguration: Property 'jmeter.reportgenerator.exporter.html.show_controllers_only' not found, using default value 'false' instead.
2026-08-30 09:54:28,302 INFO o.a.j.e.StandardJMeterEngine: Running the test!
2026-08-30 09:54:28,303 INFO o.a.j.s.SampleEvent: List of sample_variables: []
2026-08-30 09:54:28,303 INFO o.a.j.s.SampleEvent: List of sample_variables: []
2026-08-30 09:54:28,306 INFO o.a.j.e.u.CompoundVariable: Note: Function class names must contain the string: '.functions.'
2026-08-30 09:54:28,306 INFO o.a.j.e.u.CompoundVariable: Note: Function class names must not contain the string: '.gui.'
2026-08-30 09:54:28,386 INFO o.a.j.JMeter: Running test (1788058468386)
2026-08-30 09:54:28,404 INFO o.a.j.e.StandardJMeterEngine: Starting ThreadGroup: 1 : E2E Load
2026-08-30 09:54:28,404 INFO o.a.j.e.StandardJMeterEngine: Starting 40 threads for group E2E Load.
2026-08-30 09:54:28,404 INFO o.a.j.e.StandardJMeterEngine: Thread will continue on error
2026-08-30 09:54:28,405 INFO o.a.j.t.ThreadGroup: Starting thread group... number=1 threads=40 ramp-up=30 delayedStart=false
2026-08-30 09:54:28,448 INFO o.a.j.t.ThreadGroup: Started thread group number 1
2026-08-30 09:54:28,448 INFO o.a.j.e.StandardJMeterEngine: All thread groups have been started
2026-08-30 09:54:28,478 INFO o.a.j.t.JMeterThread: Thread started: E2E Load 1-1
2026-08-30 09:54:28,479 INFO o.a.j.s.FileServer: Stored: ../data/coupons.csv
2026-08-30 09:54:28,490 INFO o.a.j.s.FileServer: Stored: ../data/products.csv
2026-08-30 09:54:28,490 INFO o.a.j.s.FileServer: Stored: ../data/users.csv
2026-08-30 09:54:29,227 INFO o.a.j.t.JMeterThread: Thread started: E2E Load 1-2
2026-08-30 09:54:29,975 INFO o.a.j.t.JMeterThread: Thread started: E2E Load 1-3
2026-08-30 09:54:30,736 INFO o.a.j.t.JMeterThread: Thread started: E2E Load 1-4
2026-08-30 09:54:31,481 INFO o.a.j.t.JMeterThread: Thread started: E2E Load 1-5
2026-08-30 09:54:32,232 INFO o.a.j.t.JMeterThread: Thread started: E2E Load 1-6
2026-08-30 09:54:32,982 INFO o.a.j.t.JMeterThread: Thread started: E2E Load 1-7
2026-08-30 09:54:33,730 INFO o.a.j.t.JMeterThread: Thread started: E2E Load 1-8
2026-08-30 09:54:34,479 INFO o.a.j.t.JMeterThread: Thread started: E2E Load 1-9
2026-08-30 09:54:35,225 INFO o.a.j.t.JMeterThread: Thread started: E2E Load 1-10
2026-08-30 09:54:35,765 INFO o.a.j.p.h.s.HTTPHCAbstractImpl: Local host = ThieuNagg
2026-08-30 09:54:35,771 INFO o.a.j.p.h.s.HTTPHC4Impl: HTTP request retry count = 0
2026-08-30 09:54:35,773 INFO o.a.j.s.SampleResult: Note: Sample TimeStamps are START times
2026-08-30 09:54:35,773 INFO o.a.j.s.SampleResult: sampleresult.default.encoding is set to UTF-8
2026-08-30 09:54:35,773 INFO o.a.j.s.SampleResult: sampleresult.useNanoTime=true
2026-08-30 09:54:35,773 INFO o.a.j.s.SampleResult: sampleresult.nanoThreadSleep=5000
2026-08-30 09:54:35,908 INFO o.a.j.r.Summariser: summary +      1 in 00:00:08 =    0.1/s Avg:    33 Min:    33 Max:    33 Err:     0 (0.00%) Active: 10 Started: 10 Finished: 0
2026-08-30 09:54:35,974 INFO o.a.j.t.JMeterThread: Thread started: E2E Load 1-11
2026-08-30 09:54:36,721 INFO o.a.j.t.JMeterThread: Thread started: E2E Load 1-12
2026-08-30 09:54:37,475 INFO o.a.j.t.JMeterThread: Thread started: E2E Load 1-13
2026-08-30 09:54:38,228 INFO o.a.j.t.JMeterThread: Thread started: E2E Load 1-14
2026-08-30 09:54:38,977 INFO o.a.j.t.JMeterThread: Thread started: E2E Load 1-15
2026-08-30 09:54:39,712 INFO o.a.j.t.JMeterThread: Thread started: E2E Load 1-16
2026-08-30 09:54:40,475 INFO o.a.j.t.JMeterThread: Thread started: E2E Load 1-17
2026-08-30 09:54:41,211 INFO o.a.j.t.JMeterThread: Thread started: E2E Load 1-18
2026-08-30 09:54:41,975 INFO o.a.j.t.JMeterThread: Thread started: E2E Load 1-19
2026-08-30 09:54:42,721 INFO o.a.j.t.JMeterThread: Thread started: E2E Load 1-20
2026-08-30 09:54:43,470 INFO o.a.j.t.JMeterThread: Thread started: E2E Load 1-21
2026-08-30 09:54:44,206 INFO o.a.j.t.JMeterThread: Thread started: E2E Load 1-22
2026-08-30 09:54:44,969 INFO o.a.j.t.JMeterThread: Thread started: E2E Load 1-23
2026-08-30 09:54:45,719 INFO o.a.j.t.JMeterThread: Thread started: E2E Load 1-24
2026-08-30 09:54:46,454 INFO o.a.j.t.JMeterThread: Thread started: E2E Load 1-25
2026-08-30 09:54:47,201 INFO o.a.j.t.JMeterThread: Thread started: E2E Load 1-26
2026-08-30 09:54:47,952 INFO o.a.j.t.JMeterThread: Thread started: E2E Load 1-27
2026-08-30 09:54:48,701 INFO o.a.j.t.JMeterThread: Thread started: E2E Load 1-28
2026-08-30 09:54:49,449 INFO o.a.j.t.JMeterThread: Thread started: E2E Load 1-29
2026-08-30 09:54:50,198 INFO o.a.j.t.JMeterThread: Thread started: E2E Load 1-30
2026-08-30 09:54:50,946 INFO o.a.j.t.JMeterThread: Thread started: E2E Load 1-31
2026-08-30 09:54:51,696 INFO o.a.j.t.JMeterThread: Thread started: E2E Load 1-32
2026-08-30 09:54:52,444 INFO o.a.j.t.JMeterThread: Thread started: E2E Load 1-33
2026-08-30 09:54:53,192 INFO o.a.j.t.JMeterThread: Thread started: E2E Load 1-34
2026-08-30 09:54:53,956 INFO o.a.j.t.JMeterThread: Thread started: E2E Load 1-35
2026-08-30 09:54:54,694 INFO o.a.j.t.JMeterThread: Thread started: E2E Load 1-36
2026-08-30 09:54:55,445 INFO o.a.j.t.JMeterThread: Thread started: E2E Load 1-37
2026-08-30 09:54:56,196 INFO o.a.j.t.JMeterThread: Thread started: E2E Load 1-38
2026-08-30 09:54:56,943 INFO o.a.j.t.JMeterThread: Thread started: E2E Load 1-39
2026-08-30 09:54:57,696 INFO o.a.j.t.JMeterThread: Thread started: E2E Load 1-40
2026-08-30 09:55:00,232 INFO o.a.j.r.Summariser: summary +     72 in 00:00:24 =    3.0/s Avg:     3 Min:     2 Max:    10 Err:     0 (0.00%) Active: 40 Started: 40 Finished: 0
2026-08-30 09:55:00,232 INFO o.a.j.r.Summariser: summary =     73 in 00:00:32 =    2.3/s Avg:     4 Min:     2 Max:    33 Err:     0 (0.00%)
2026-08-30 09:55:20,163 INFO o.a.j.u.JsseSSLManager: Using default SSL protocol: TLS
2026-08-30 09:55:20,163 INFO o.a.j.u.JsseSSLManager: SSL session context: per-thread
2026-08-30 09:55:30,467 INFO o.a.j.r.Summariser: summary +    161 in 00:00:30 =    5.3/s Avg:     4 Min:     2 Max:    20 Err:     0 (0.00%) Active: 40 Started: 40 Finished: 0
2026-08-30 09:55:30,467 INFO o.a.j.r.Summariser: summary =    234 in 00:01:02 =    3.8/s Avg:     4 Min:     2 Max:    33 Err:     0 (0.00%)
2026-08-30 09:56:00,317 INFO o.a.j.r.Summariser: summary +    155 in 00:00:30 =    5.2/s Avg:     4 Min:     1 Max:    24 Err:     0 (0.00%) Active: 40 Started: 40 Finished: 0
2026-08-30 09:56:00,317 INFO o.a.j.r.Summariser: summary =    389 in 00:01:32 =    4.2/s Avg:     4 Min:     1 Max:    33 Err:     0 (0.00%)
2026-08-30 09:56:30,064 INFO o.a.j.r.Summariser: summary +    160 in 00:00:30 =    5.4/s Avg:     4 Min:     2 Max:    16 Err:     0 (0.00%) Active: 40 Started: 40 Finished: 0
2026-08-30 09:56:30,064 INFO o.a.j.r.Summariser: summary =    549 in 00:02:02 =    4.5/s Avg:     4 Min:     1 Max:    33 Err:     0 (0.00%)
2026-08-30 09:57:00,041 INFO o.a.j.r.Summariser: summary +    160 in 00:00:30 =    5.3/s Avg:     3 Min:     1 Max:    15 Err:     0 (0.00%) Active: 40 Started: 40 Finished: 0
2026-08-30 09:57:00,041 INFO o.a.j.r.Summariser: summary =    709 in 00:02:32 =    4.7/s Avg:     3 Min:     1 Max:    33 Err:     0 (0.00%)
2026-08-30 09:57:30,023 INFO o.a.j.r.Summariser: summary +    162 in 00:00:30 =    5.4/s Avg:     3 Min:     1 Max:    15 Err:     0 (0.00%) Active: 40 Started: 40 Finished: 0
2026-08-30 09:57:30,023 INFO o.a.j.r.Summariser: summary =    871 in 00:03:02 =    4.8/s Avg:     3 Min:     1 Max:    33 Err:     0 (0.00%)
2026-08-30 09:58:00,279 INFO o.a.j.r.Summariser: summary +    158 in 00:00:30 =    5.2/s Avg:     3 Min:     1 Max:    12 Err:     0 (0.00%) Active: 40 Started: 40 Finished: 0
2026-08-30 09:58:00,279 INFO o.a.j.r.Summariser: summary =   1029 in 00:03:32 =    4.9/s Avg:     3 Min:     1 Max:    33 Err:     0 (0.00%)
2026-08-30 09:58:30,422 INFO o.a.j.r.Summariser: summary +    164 in 00:00:30 =    5.4/s Avg:     3 Min:     1 Max:    10 Err:     0 (0.00%) Active: 40 Started: 40 Finished: 0
2026-08-30 09:58:30,422 INFO o.a.j.r.Summariser: summary =   1193 in 00:04:02 =    4.9/s Avg:     3 Min:     1 Max:    33 Err:     0 (0.00%)
2026-08-30 09:59:00,304 INFO o.a.j.r.Summariser: summary +    155 in 00:00:30 =    5.2/s Avg:     3 Min:     1 Max:    10 Err:     0 (0.00%) Active: 40 Started: 40 Finished: 0
2026-08-30 09:59:00,304 INFO o.a.j.r.Summariser: summary =   1348 in 00:04:32 =    5.0/s Avg:     3 Min:     1 Max:    33 Err:     0 (0.00%)
2026-08-30 09:59:30,072 INFO o.a.j.r.Summariser: summary +    159 in 00:00:30 =    5.3/s Avg:     3 Min:     1 Max:     8 Err:     0 (0.00%) Active: 40 Started: 40 Finished: 0
2026-08-30 09:59:30,073 INFO o.a.j.r.Summariser: summary =   1507 in 00:05:02 =    5.0/s Avg:     3 Min:     1 Max:    33 Err:     0 (0.00%)
2026-08-30 10:00:00,137 INFO o.a.j.r.Summariser: summary +    161 in 00:00:30 =    5.4/s Avg:     3 Min:     1 Max:    19 Err:     0 (0.00%) Active: 40 Started: 40 Finished: 0
2026-08-30 10:00:00,137 INFO o.a.j.r.Summariser: summary =   1668 in 00:05:32 =    5.0/s Avg:     3 Min:     1 Max:    33 Err:     0 (0.00%)
2026-08-30 10:00:30,064 INFO o.a.j.r.Summariser: summary +    163 in 00:00:30 =    5.4/s Avg:     3 Min:     1 Max:    11 Err:     0 (0.00%) Active: 40 Started: 40 Finished: 0
2026-08-30 10:00:30,064 INFO o.a.j.r.Summariser: summary =   1831 in 00:06:02 =    5.1/s Avg:     3 Min:     1 Max:    33 Err:     0 (0.00%)
2026-08-30 10:01:00,038 INFO o.a.j.r.Summariser: summary +    160 in 00:00:30 =    5.3/s Avg:     3 Min:     1 Max:    17 Err:     0 (0.00%) Active: 40 Started: 40 Finished: 0
2026-08-30 10:01:00,038 INFO o.a.j.r.Summariser: summary =   1991 in 00:06:32 =    5.1/s Avg:     3 Min:     1 Max:    33 Err:     0 (0.00%)
2026-08-30 10:01:30,188 INFO o.a.j.r.Summariser: summary +    158 in 00:00:30 =    5.2/s Avg:     3 Min:     1 Max:     9 Err:     0 (0.00%) Active: 40 Started: 40 Finished: 0
2026-08-30 10:01:30,189 INFO o.a.j.r.Summariser: summary =   2149 in 00:07:02 =    5.1/s Avg:     3 Min:     1 Max:    33 Err:     0 (0.00%)
2026-08-30 10:02:00,076 INFO o.a.j.r.Summariser: summary +    159 in 00:00:30 =    5.3/s Avg:     2 Min:     1 Max:     8 Err:     0 (0.00%) Active: 40 Started: 40 Finished: 0
2026-08-30 10:02:00,076 INFO o.a.j.r.Summariser: summary =   2308 in 00:07:32 =    5.1/s Avg:     3 Min:     1 Max:    33 Err:     0 (0.00%)
2026-08-30 10:02:30,107 INFO o.a.j.r.Summariser: summary +    162 in 00:00:30 =    5.4/s Avg:     3 Min:     1 Max:     9 Err:     0 (0.00%) Active: 40 Started: 40 Finished: 0
2026-08-30 10:02:30,107 INFO o.a.j.r.Summariser: summary =   2470 in 00:08:02 =    5.1/s Avg:     3 Min:     1 Max:    33 Err:     0 (0.00%)
2026-08-30 10:03:00,308 INFO o.a.j.r.Summariser: summary +    160 in 00:00:30 =    5.3/s Avg:     2 Min:     1 Max:     9 Err:     0 (0.00%) Active: 40 Started: 40 Finished: 0
2026-08-30 10:03:00,309 INFO o.a.j.r.Summariser: summary =   2630 in 00:08:32 =    5.1/s Avg:     3 Min:     1 Max:    33 Err:     0 (0.00%)
2026-08-30 10:03:30,111 INFO o.a.j.r.Summariser: summary +    157 in 00:00:30 =    5.3/s Avg:     3 Min:     1 Max:     9 Err:     0 (0.00%) Active: 40 Started: 40 Finished: 0
2026-08-30 10:03:30,112 INFO o.a.j.r.Summariser: summary =   2787 in 00:09:02 =    5.1/s Avg:     3 Min:     1 Max:    33 Err:     0 (0.00%)
2026-08-30 10:04:00,007 INFO o.a.j.r.Summariser: summary +    160 in 00:00:30 =    5.4/s Avg:     3 Min:     1 Max:    12 Err:     0 (0.00%) Active: 40 Started: 40 Finished: 0
2026-08-30 10:04:00,007 INFO o.a.j.r.Summariser: summary =   2947 in 00:09:32 =    5.2/s Avg:     3 Min:     1 Max:    33 Err:     0 (0.00%)
2026-08-30 10:04:30,129 INFO o.a.j.r.Summariser: summary +    162 in 00:00:30 =    5.4/s Avg:     3 Min:     1 Max:    17 Err:     0 (0.00%) Active: 40 Started: 40 Finished: 0
2026-08-30 10:04:30,129 INFO o.a.j.r.Summariser: summary =   3109 in 00:10:02 =    5.2/s Avg:     3 Min:     1 Max:    33 Err:     0 (0.00%)
2026-08-30 10:05:00,078 INFO o.a.j.r.Summariser: summary +    160 in 00:00:30 =    5.3/s Avg:     3 Min:     1 Max:    16 Err:     0 (0.00%) Active: 40 Started: 40 Finished: 0
2026-08-30 10:05:00,079 INFO o.a.j.r.Summariser: summary =   3269 in 00:10:32 =    5.2/s Avg:     3 Min:     1 Max:    33 Err:     0 (0.00%)
2026-08-30 10:05:30,026 INFO o.a.j.r.Summariser: summary +    160 in 00:00:30 =    5.3/s Avg:     3 Min:     1 Max:    17 Err:     0 (0.00%) Active: 40 Started: 40 Finished: 0
2026-08-30 10:05:30,026 INFO o.a.j.r.Summariser: summary =   3429 in 00:11:02 =    5.2/s Avg:     3 Min:     1 Max:    33 Err:     0 (0.00%)
2026-08-30 10:06:00,142 INFO o.a.j.r.Summariser: summary +    157 in 00:00:30 =    5.2/s Avg:     2 Min:     1 Max:     8 Err:     0 (0.00%) Active: 40 Started: 40 Finished: 0
2026-08-30 10:06:00,142 INFO o.a.j.r.Summariser: summary =   3586 in 00:11:32 =    5.2/s Avg:     3 Min:     1 Max:    33 Err:     0 (0.00%)
2026-08-30 10:06:20,246 INFO o.a.j.t.JMeterThread: Thread finished: E2E Load 1-37
2026-08-30 10:06:20,293 INFO o.a.j.t.JMeterThread: Thread finished: E2E Load 1-22
2026-08-30 10:06:20,620 INFO o.a.j.t.JMeterThread: Thread finished: E2E Load 1-1
2026-08-30 10:06:21,025 INFO o.a.j.t.JMeterThread: Thread finished: E2E Load 1-27
2026-08-30 10:06:21,181 INFO o.a.j.t.JMeterThread: Thread finished: E2E Load 1-8
2026-08-30 10:06:21,556 INFO o.a.j.t.JMeterThread: Thread finished: E2E Load 1-2
2026-08-30 10:06:21,824 INFO o.a.j.t.JMeterThread: Thread finished: E2E Load 1-19
2026-08-30 10:06:22,135 INFO o.a.j.t.JMeterThread: Thread finished: E2E Load 1-34
2026-08-30 10:06:22,417 INFO o.a.j.t.JMeterThread: Thread finished: E2E Load 1-7
2026-08-30 10:06:23,072 INFO o.a.j.t.JMeterThread: Thread finished: E2E Load 1-4
2026-08-30 10:06:23,274 INFO o.a.j.t.JMeterThread: Thread finished: E2E Load 1-15
2026-08-30 10:06:23,387 INFO o.a.j.t.JMeterThread: Thread finished: E2E Load 1-12
2026-08-30 10:06:23,623 INFO o.a.j.t.JMeterThread: Thread finished: E2E Load 1-18
2026-08-30 10:06:24,620 INFO o.a.j.t.JMeterThread: Thread finished: E2E Load 1-11
2026-08-30 10:06:24,622 INFO o.a.j.t.JMeterThread: Thread finished: E2E Load 1-30
2026-08-30 10:06:24,635 INFO o.a.j.t.JMeterThread: Thread finished: E2E Load 1-23
2026-08-30 10:06:24,699 INFO o.a.j.t.JMeterThread: Thread finished: E2E Load 1-21
2026-08-30 10:06:24,759 INFO o.a.j.t.JMeterThread: Thread finished: E2E Load 1-26
2026-08-30 10:06:25,292 INFO o.a.j.t.JMeterThread: Thread finished: E2E Load 1-28
2026-08-30 10:06:25,765 INFO o.a.j.t.JMeterThread: Thread finished: E2E Load 1-38
2026-08-30 10:06:25,907 INFO o.a.j.t.JMeterThread: Thread finished: E2E Load 1-10
2026-08-30 10:06:26,079 INFO o.a.j.t.JMeterThread: Thread finished: E2E Load 1-35
2026-08-30 10:06:26,084 INFO o.a.j.t.JMeterThread: Thread finished: E2E Load 1-25
2026-08-30 10:06:26,109 INFO o.a.j.t.JMeterThread: Thread finished: E2E Load 1-24
2026-08-30 10:06:26,143 INFO o.a.j.t.JMeterThread: Thread finished: E2E Load 1-14
2026-08-30 10:06:26,204 INFO o.a.j.t.JMeterThread: Thread finished: E2E Load 1-16
2026-08-30 10:06:26,205 INFO o.a.j.t.JMeterThread: Thread finished: E2E Load 1-31
2026-08-30 10:06:26,695 INFO o.a.j.t.JMeterThread: Thread finished: E2E Load 1-9
2026-08-30 10:06:26,722 INFO o.a.j.t.JMeterThread: Thread finished: E2E Load 1-32
2026-08-30 10:06:27,103 INFO o.a.j.t.JMeterThread: Thread finished: E2E Load 1-3
2026-08-30 10:06:27,224 INFO o.a.j.t.JMeterThread: Thread finished: E2E Load 1-20
2026-08-30 10:06:27,333 INFO o.a.j.t.JMeterThread: Thread finished: E2E Load 1-29
2026-08-30 10:06:27,475 INFO o.a.j.t.JMeterThread: Thread finished: E2E Load 1-13
2026-08-30 10:06:27,537 INFO o.a.j.t.JMeterThread: Thread finished: E2E Load 1-40
2026-08-30 10:06:27,553 INFO o.a.j.t.JMeterThread: Thread finished: E2E Load 1-36
2026-08-30 10:06:27,756 INFO o.a.j.t.JMeterThread: Thread finished: E2E Load 1-17
2026-08-30 10:06:27,819 INFO o.a.j.t.JMeterThread: Thread finished: E2E Load 1-39
2026-08-30 10:06:27,853 INFO o.a.j.t.JMeterThread: Thread finished: E2E Load 1-6
2026-08-30 10:06:28,149 INFO o.a.j.t.JMeterThread: Thread finished: E2E Load 1-33
2026-08-30 10:06:28,339 INFO o.a.j.t.JMeterThread: Thread finished: E2E Load 1-5
2026-08-30 10:06:28,340 INFO o.a.j.e.StandardJMeterEngine: Notifying test listeners of end of test
2026-08-30 10:06:28,340 INFO o.a.j.s.FileServer: Close: ../data/products.csv
2026-08-30 10:06:28,340 INFO o.a.j.s.FileServer: Close: ../data/coupons.csv
2026-08-30 10:06:28,340 INFO o.a.j.s.FileServer: Close: ../data/users.csv
2026-08-30 10:06:28,342 INFO o.a.j.r.Summariser: summary +    155 in 00:00:28 =    5.5/s Avg:     3 Min:     1 Max:     9 Err:     0 (0.00%) Active: 0 Started: 40 Finished: 40
2026-08-30 10:06:28,342 INFO o.a.j.r.Summariser: summary =   3741 in 00:12:00 =    5.2/s Avg:     3 Min:     1 Max:    33 Err:     0 (0.00%)
2026-08-30 10:06:28,342 INFO o.a.j.JMeter: Generating Dashboard
2026-08-30 10:06:28,342 INFO o.a.j.r.d.ReportGenerator: Flushing result collector before report Generation
2026-08-30 10:06:28,371 INFO o.a.j.r.p.NormalizerSampleConsumer: Using format, 'ms', to parse timeStamp field
2026-08-30 10:06:28,743 INFO o.a.j.r.p.AbstractSampleConsumer: class org.apache.jmeter.report.processor.AggregateConsumer#stopProducing(): beginDate produced 0 samples
2026-08-30 10:06:28,743 INFO o.a.j.r.p.AbstractSampleConsumer: class org.apache.jmeter.report.processor.AggregateConsumer#stopProducing(): endDate produced 0 samples
2026-08-30 10:06:28,746 INFO o.a.j.r.p.AbstractSampleConsumer: class org.apache.jmeter.report.processor.ApdexSummaryConsumer#stopProducing(): apdexSummary produced 0 samples
2026-08-30 10:06:28,746 INFO o.a.j.r.p.AbstractSampleConsumer: class org.apache.jmeter.report.processor.RequestsSummaryConsumer#stopProducing(): requestsSummary produced 0 samples
2026-08-30 10:06:28,755 INFO o.a.j.r.p.AbstractSampleConsumer: class org.apache.jmeter.report.processor.StatisticsSummaryConsumer#stopProducing(): statisticsSummary produced 0 samples
2026-08-30 10:06:28,756 INFO o.a.j.r.p.AbstractSampleConsumer: class org.apache.jmeter.report.processor.Top5ErrorsBySamplerConsumer#stopProducing(): top5ErrorsBySampler produced 0 samples
2026-08-30 10:06:28,756 INFO o.a.j.r.p.AbstractSampleConsumer: class org.apache.jmeter.report.processor.ErrorsSummaryConsumer#stopProducing(): errorsSummary produced 0 samples
2026-08-30 10:06:28,756 INFO o.a.j.r.p.AbstractSampleConsumer: class org.apache.jmeter.report.processor.graph.impl.HitsPerSecondGraphConsumer#stopProducing(): hitsPerSecond produced 0 samples
2026-08-30 10:06:28,852 INFO o.a.j.r.p.AbstractSampleConsumer: class org.apache.jmeter.report.processor.graph.impl.LatencyVSRequestGraphConsumer#stopProducing(): latencyVsRequest produced 0 samples
2026-08-30 10:06:28,854 INFO o.a.j.r.p.AbstractSampleConsumer: class org.apache.jmeter.report.processor.graph.impl.SyntheticResponseTimeDistributionGraphConsumer#stopProducing(): syntheticResponseTimeDistribution produced 0 samples
2026-08-30 10:06:28,854 INFO o.a.j.r.p.AbstractSampleConsumer: class org.apache.jmeter.report.processor.graph.impl.BytesThroughputGraphConsumer#stopProducing(): bytesThroughputOverTime produced 0 samples
2026-08-30 10:06:28,854 INFO o.a.j.r.p.AbstractSampleConsumer: class org.apache.jmeter.report.processor.graph.impl.CodesPerSecondGraphConsumer#stopProducing(): codesPerSecond produced 0 samples
2026-08-30 10:06:28,918 INFO o.a.j.r.p.AbstractSampleConsumer: class org.apache.jmeter.report.processor.graph.impl.ResponseTimeVSRequestGraphConsumer#stopProducing(): responseTimeVsRequest produced 0 samples
2026-08-30 10:06:28,920 INFO o.a.j.r.p.AbstractSampleConsumer: class org.apache.jmeter.report.processor.FilterConsumer#stopProducing(): startIntervalControlerFilter produced 26187 samples
2026-08-30 10:06:28,920 INFO o.a.j.r.p.AbstractSampleConsumer: class org.apache.jmeter.report.processor.graph.impl.TotalTPSGraphConsumer#stopProducing(): totalTPS produced 0 samples
2026-08-30 10:06:28,920 INFO o.a.j.r.p.AbstractSampleConsumer: class org.apache.jmeter.report.processor.graph.impl.ActiveThreadsGraphConsumer#stopProducing(): activeThreadsOverTime produced 0 samples
2026-08-30 10:06:28,920 INFO o.a.j.r.p.AbstractSampleConsumer: class org.apache.jmeter.report.processor.graph.impl.TimeVSThreadGraphConsumer#stopProducing(): timeVsThreads produced 0 samples
2026-08-30 10:06:28,920 INFO o.a.j.r.p.AbstractSampleConsumer: class org.apache.jmeter.report.processor.graph.impl.ResponseTimeDistributionGraphConsumer#stopProducing(): responseTimeDistribution produced 0 samples
2026-08-30 10:06:28,921 INFO o.a.j.r.p.AbstractSampleConsumer: class org.apache.jmeter.report.processor.graph.impl.TransactionsPerSecondGraphConsumer#stopProducing(): transactionsPerSecond produced 0 samples
2026-08-30 10:06:28,921 INFO o.a.j.r.p.AbstractSampleConsumer: class org.apache.jmeter.report.processor.graph.impl.ResponseTimePercentilesGraphConsumer#stopProducing(): responseTimePercentiles produced 0 samples
2026-08-30 10:06:28,924 INFO o.a.j.r.p.AbstractSampleConsumer: class org.apache.jmeter.report.processor.graph.impl.ResponseTimePercentilesOverTimeGraphConsumer#stopProducing(): responseTimePercentilesOverTime produced 0 samples
2026-08-30 10:06:28,926 INFO o.a.j.r.p.AbstractSampleConsumer: class org.apache.jmeter.report.processor.graph.impl.ResponseTimeOverTimeGraphConsumer#stopProducing(): responseTimesOverTime produced 0 samples
2026-08-30 10:06:28,926 INFO o.a.j.r.p.AbstractSampleConsumer: class org.apache.jmeter.report.processor.graph.impl.ConnectTimeOverTimeGraphConsumer#stopProducing(): connectTimeOverTime produced 0 samples
2026-08-30 10:06:28,927 INFO o.a.j.r.p.AbstractSampleConsumer: class org.apache.jmeter.report.processor.graph.impl.LatencyOverTimeGraphConsumer#stopProducing(): latenciesOverTime produced 0 samples
2026-08-30 10:06:28,927 INFO o.a.j.r.p.AbstractSampleConsumer: class org.apache.jmeter.report.processor.FilterConsumer#stopProducing(): nameFilter produced 56115 samples
2026-08-30 10:06:28,927 INFO o.a.j.r.p.AbstractSampleConsumer: class org.apache.jmeter.report.processor.FilterConsumer#stopProducing(): dateRangeFilter produced 11223 samples
2026-08-30 10:06:28,928 INFO o.a.j.r.p.AbstractSampleConsumer: class org.apache.jmeter.report.processor.NormalizerSampleConsumer#stopProducing(): normalizer produced 3741 samples
2026-08-30 10:06:28,928 INFO o.a.j.r.p.CsvFileSampleSource: produce(): 3741 samples produced in 526ms on channel 0
2026-08-30 10:06:28,929 INFO o.a.j.r.d.ReportGenerator: Exporting data using exporter:'json' of className:'org.apache.jmeter.report.dashboard.JsonExporter'
2026-08-30 10:06:29,041 INFO o.a.j.r.d.JsonExporter: Found data for consumer statisticsSummary in context
2026-08-30 10:06:29,042 INFO o.a.j.r.d.JsonExporter: Creating statistics for overall
2026-08-30 10:06:29,047 INFO o.a.j.r.d.JsonExporter: Creating statistics for other transactions
2026-08-30 10:06:29,048 INFO o.a.j.r.d.JsonExporter: Checking output folder
2026-08-30 10:06:29,049 INFO o.a.j.r.d.JsonExporter: Writing statistics JSON to D:\23127249\QA\hw5\23127249_HW05_AI_Performance_XXX\results\html-report-soak\statistics.json
2026-08-30 10:06:29,097 INFO o.a.j.r.d.ReportGenerator: Exporting data using exporter:'html' of className:'org.apache.jmeter.report.dashboard.HtmlTemplateExporter'
2026-08-30 10:06:29,099 INFO o.a.j.r.d.HtmlTemplateExporter: Will generate dashboard in folder: D:\23127249\QA\hw5\23127249_HW05_AI_Performance_XXX\results\html-report-soak
2026-08-30 10:06:29,250 INFO o.a.j.r.d.HtmlTemplateExporter: Report will be generated in: D:\23127249\QA\hw5\23127249_HW05_AI_Performance_XXX\results\html-report-soak, creating folder structure
2026-08-30 10:06:29,254 INFO o.a.j.r.d.TemplateVisitor: Copying folder from 'D:\tools\apache-jmeter-5.6.3\bin\report-template' to 'D:\23127249\QA\hw5\23127249_HW05_AI_Performance_XXX\results\html-report-soak', got message: D:\23127249\QA\hw5\23127249_HW05_AI_Performance_XXX\results\html-report-soak, found non empty folder with following content [D:\23127249\QA\hw5\23127249_HW05_AI_Performance_XXX\results\html-report-soak\statistics.json], will be ignored
2026-08-30 10:06:29,586 INFO o.a.j.JMeter: Dashboard generated
